******************************************************************************
                  TI ARM Linker PC v16.9.6                     
******************************************************************************
>> Linked Tue Jul 02 10:28:37 2019

OUTPUT FILE NAME:   <Control.out>
ENTRY POINT SYMBOL: "_c_int00"  address: 00000e09


MEMORY CONFIGURATION

         name            origin    length      used     unused   attr    fill
----------------------  --------  ---------  --------  --------  ----  --------
  MAIN                  00000000   00040000  00000fc8  0003f038  R  X
  INFO                  00200000   00004000  00000000  00004000  R  X
  SRAM_CODE             01000000   00010000  00000639  0000f9c7  RW X
  SRAM_DATA             20000000   00010000  00000639  0000f9c7  RW  


SEGMENT ALLOCATION MAP

run origin  load origin   length   init length attrs members
----------  ----------- ---------- ----------- ----- -------
00000000    00000000    00000fc8   00000fc8    r-x
  00000000    00000000    000000e4   000000e4    r-- .intvecs
  000000e4    000000e4    00000ea4   00000ea4    r-x .text
  00000f88    00000f88    00000040   00000040    r-- .cinit
20000000    20000000    00000439   00000000    rw-
  20000000    20000000    00000400   00000000    rw- .sysmem
  20000400    20000400    00000030   00000000    rw- .data
  20000430    20000430    00000009   00000000    rw- .bss
2000fe00    2000fe00    00000200   00000000    rw-
  2000fe00    2000fe00    00000200   00000000    rw- .stack


SECTION ALLOCATION MAP

 output                                  attributes/
section   page    origin      length       input sections
--------  ----  ----------  ----------   ----------------
.intvecs   0    00000000    000000e4     
                  00000000    000000e4     startup_msp432p401r_ccs.obj (.intvecs:retain)

.binit     0    00000000    00000000     

.text      0    000000e4    00000ea4     
                  000000e4    00000630     TExaS.obj (.text)
                  00000714    0000032c     system_msp432p401r.obj (.text)
                  00000a40    0000012c     TA3InputCapture.obj (.text)
                  00000b6c    000000ac     TimerA1.obj (.text)
                  00000c18    0000009c     rtsv7M4_T_le_v4SPD16_eabi.lib : memcpy_t2.obj (.text)
                  00000cb4    0000007a                                   : memset_t2.obj (.text)
                  00000d2e    00000002                                   : mpu_init.obj (.text)
                  00000d30    00000070                                   : autoinit.obj (.text)
                  00000da0    00000068                                   : copy_decompress_lzss.obj (.text:decompress:lzss)
                  00000e08    00000054                                   : boot.obj (.text)
                  00000e5c    00000054                                   : exit.obj (.text)
                  00000eb0    0000004c                                   : cpy_tbl.obj (.text)
                  00000efc    00000024     CortexM.obj (.text)
                  00000f20    00000018     rtsv7M4_T_le_v4SPD16_eabi.lib : args_main.obj (.text)
                  00000f38    00000014                                   : _lock.obj (.text)
                  00000f4c    0000000e     Lab17_Control.obj (.text)
                  00000f5a    0000000e     rtsv7M4_T_le_v4SPD16_eabi.lib : copy_decompress_none.obj (.text:decompress:none)
                  00000f68    0000000e     startup_msp432p401r_ccs.obj (.text)
                  00000f76    0000000c     rtsv7M4_T_le_v4SPD16_eabi.lib : copy_zero_init.obj (.text:decompress:ZI)
                  00000f82    00000004                                   : pre_init.obj (.text)
                  00000f86    00000002                                   : startup.obj (.text)

.cinit     0    00000f88    00000040     
                  00000f88    0000001c     (.cinit..data.load) [load image, compression = lzss]
                  00000fa4    0000000c     (__TI_handler_table)
                  00000fb0    00000008     (.cinit..bss.load) [load image, compression = zero_init]
                  00000fb8    00000010     (__TI_cinit_table)

.init_array 
*          0    00000000    00000000     UNINITIALIZED

.sysmem    0    20000000    00000400     UNINITIALIZED
                  20000000    00000008     rtsv7M4_T_le_v4SPD16_eabi.lib : memory.obj (.sysmem)
                  20000008    000003f8     --HOLE--

.data      0    20000400    00000030     UNINITIALIZED
                  20000400    0000000c     rtsv7M4_T_le_v4SPD16_eabi.lib : exit.obj (.data:$O1$$)
                  2000040c    0000000c     TExaS.obj (.data)
                  20000418    00000008     rtsv7M4_T_le_v4SPD16_eabi.lib : _lock.obj (.data:$O1$$)
                  20000420    00000008     TA3InputCapture.obj (.data)
                  20000428    00000004     rtsv7M4_T_le_v4SPD16_eabi.lib : stkdepth_vars.obj (.data)
                  2000042c    00000004     system_msp432p401r.obj (.data)

.bss       0    20000430    00000009     UNINITIALIZED
                  20000430    00000004     (.common:PeriodicTask2)
                  20000434    00000004     (.common:TimerA1Task)
                  20000438    00000001     (.common:LogicData)

.stack     0    2000fe00    00000200     UNINITIALIZED
                  2000fe00    00000200     --HOLE--

MODULE SUMMARY

       Module                        code   ro data   rw data
       ------                        ----   -------   -------
    .\
       TExaS.obj                     1584   0         34     
       system_msp432p401r.obj        812    0         8      
       TA3InputCapture.obj           300    0         16     
       startup_msp432p401r_ccs.obj   14     228       0      
       TimerA1.obj                   172    0         8      
       CortexM.obj                   36     0         0      
       Lab17_Control.obj             14     0         0      
    +--+-----------------------------+------+---------+---------+
       Total:                        2932   228       66     
                                                             
    C:\ti\ccs740\ccsv7\tools\compiler\ti-cgt-arm_16.9.6.LTS\lib\rtsv7M4_T_le_v4SPD16_eabi.lib
       memcpy_t2.obj                 156    0         0      
       memset_t2.obj                 122    0         0      
       autoinit.obj                  112    0         0      
       exit.obj                      84     0         24     
       copy_decompress_lzss.obj      104    0         0      
       boot.obj                      84     0         0      
       cpy_tbl.obj                   76     0         0      
       _lock.obj                     20     0         16     
       args_main.obj                 24     0         0      
       copy_decompress_none.obj      14     0         0      
       copy_zero_init.obj            12     0         0      
       stkdepth_vars.obj             0      0         8      
       pre_init.obj                  4      0         0      
       mpu_init.obj                  2      0         0      
       startup.obj                   2      0         0      
    +--+-----------------------------+------+---------+---------+
       Total:                        816    0         48     
                                                             
       Heap:                         0      0         2048   
       Stack:                        0      0         1024   
       Linker Generated:             0      64        0      
    +--+-----------------------------+------+---------+---------+
       Grand Total:                  3748   292       3186   


LINKER GENERATED COPY TABLES

__TI_cinit_table @ 00000fb8 records: 2, size/record: 8, table size: 16
	.data: load addr=00000f88, load size=0000001c bytes, run addr=20000400, run size=00000030 bytes, compression=lzss
	.bss: load addr=00000fb0, load size=00000008 bytes, run addr=20000430, run size=00000009 bytes, compression=zero_init


LINKER GENERATED HANDLER TABLE

__TI_handler_table @ 00000fa4 records: 3, size/record: 4, table size: 12
	index: 0, handler: __TI_decompress_lzss
	index: 1, handler: __TI_decompress_none
	index: 2, handler: __TI_zero_init


GLOBAL SYMBOLS: SORTED ALPHABETICALLY BY Name 

address   name                           
-------   ----                           
00000f75  ADC14_IRQHandler               
00000475  ADC_Init                       
00000f75  AES256_IRQHandler              
00000f75  BusFault_Handler               
00000e5d  C$$EXIT                        
00000f75  COMP_E0_IRQHandler             
00000f75  COMP_E1_IRQHandler             
00000f75  CS_IRQHandler                  
20000420  CaptureTask0                   
20000424  CaptureTask2                   
00000f4d  Controller                     
00000f75  DMA_ERR_IRQHandler             
00000f75  DMA_INT0_IRQHandler            
00000f75  DMA_INT1_IRQHandler            
00000f75  DMA_INT2_IRQHandler            
00000f75  DMA_INT3_IRQHandler            
00000f75  DebugMon_Handler               
00000f75  Default_Handler                
00000efd  DisableInterrupts              
00000f75  EUSCIA0_IRQHandler             
00000f75  EUSCIA1_IRQHandler             
00000f75  EUSCIA2_IRQHandler             
00000f75  EUSCIA3_IRQHandler             
00000f75  EUSCIB0_IRQHandler             
00000f75  EUSCIB1_IRQHandler             
00000f75  EUSCIB2_IRQHandler             
00000f75  EUSCIB3_IRQHandler             
00000f03  EnableInterrupts               
00000f13  EndCritical                    
00000f75  FLCTL_IRQHandler               
00000f75  FPU_IRQHandler                 
00000f75  HardFault_Handler              
000000e5  LogicAnalyzer                  
000000ef  LogicAnalyzer_P1               
000001c5  LogicAnalyzer_P10              
000000fd  LogicAnalyzer_P2               
0000010b  LogicAnalyzer_P2_7654          
0000011b  LogicAnalyzer_P3               
00000129  LogicAnalyzer_P4               
00000147  LogicAnalyzer_P4_765320        
00000137  LogicAnalyzer_P4_765432        
0000017f  LogicAnalyzer_P5               
0000018d  LogicAnalyzer_P6               
0000019b  LogicAnalyzer_P7               
000001a9  LogicAnalyzer_P8               
000001b7  LogicAnalyzer_P9               
20000438  LogicData                      
00000f75  MemManage_Handler              
00000f75  NMI_Handler                    
00000f75  PCM_IRQHandler                 
00000f75  PORT1_IRQHandler               
00000f75  PORT2_IRQHandler               
00000f75  PORT3_IRQHandler               
00000f75  PORT4_IRQHandler               
00000f75  PORT5_IRQHandler               
00000f75  PORT6_IRQHandler               
00000f75  PSS_IRQHandler                 
00000f75  PendSV_Handler                 
20000430  PeriodicTask2                  
00000257  PeriodicTask2_Init             
000002d1  PeriodicTask2_Stop             
00000f75  RTC_C_IRQHandler               
00000f69  Reset_Handler                  
UNDEFED   SHT$$INIT_ARRAY$$Base          
UNDEFED   SHT$$INIT_ARRAY$$Limit         
00000f75  SVC_Handler                    
000001d3  Scope                          
00000f09  StartCritical                  
00000f75  SysTick_Handler                
2000042c  SystemCoreClock                
00000715  SystemCoreClockUpdate          
00000989  SystemInit                     
000002c1  T32_INT1_IRQHandler            
000002c1  T32_INT1_IRQHandler            
00000f75  T32_INT2_IRQHandler            
00000f75  T32_INTC_IRQHandler            
00000f75  TA0_0_IRQHandler               
00000f75  TA0_N_IRQHandler               
00000bdf  TA1_0_IRQHandler               
00000bdf  TA1_0_IRQHandler               
00000f75  TA1_N_IRQHandler               
00000f75  TA2_0_IRQHandler               
00000f75  TA2_N_IRQHandler               
00000aef  TA3_0_IRQHandler               
00000aef  TA3_0_IRQHandler               
00000b09  TA3_N_IRQHandler               
00000b09  TA3_N_IRQHandler               
00000413  TExaS_Clear0                   
0000041f  TExaS_Clear1                   
0000042b  TExaS_Clear2                   
00000437  TExaS_Clear3                   
00000443  TExaS_Clear4                   
00000445  TExaS_Clear5                   
00000451  TExaS_Clear6                   
00000551  TExaS_Init                     
20000410  TExaS_ScopeErrConflict         
2000040c  TExaS_ScopeErrLostData         
20000414  TExaS_ScopeWrnReconfig         
000003b1  TExaS_Set                      
000003c9  TExaS_Set0                     
000003d5  TExaS_Set1                     
000003e1  TExaS_Set2                     
000003ed  TExaS_Set3                     
000003f9  TExaS_Set4                     
000003fb  TExaS_Set5                     
00000407  TExaS_Set6                     
000006b1  TExaS_Stop                     
00000367  TExaS_Task0                    
00000373  TExaS_Task1                    
0000037f  TExaS_Task2                    
0000038b  TExaS_Task3                    
00000397  TExaS_Task4                    
00000399  TExaS_Task5                    
000003a5  TExaS_Task6                    
20000434  TimerA1Task                    
00000b6d  TimerA1_Init                   
00000bcb  TimerA1_Stop                   
00000a4d  TimerA3Capture_Init            
0000033b  UART_InChar                    
000002e1  UART_Init                      
0000034b  UART_OutChar                   
00000f75  UsageFault_Handler             
4000480c  WDTCTL_SYM                     
00000f75  WDT_A_IRQHandler               
00000f1b  WaitForInterrupt               
20010000  __STACK_END                    
00000200  __STACK_SIZE                   
00000400  __SYSMEM_SIZE                  
00000fb8  __TI_CINIT_Base                
00000fc8  __TI_CINIT_Limit               
00000fa4  __TI_Handler_Table_Base        
00000fb0  __TI_Handler_Table_Limit       
00000d31  __TI_auto_init                 
20000400  __TI_cleanup_ptr               
00000da1  __TI_decompress_lzss           
00000f5b  __TI_decompress_none           
20000404  __TI_dtors_ptr                 
20000408  __TI_enable_exit_profile_output
ffffffff  __TI_pprof_out_hndl            
ffffffff  __TI_prof_data_size            
ffffffff  __TI_prof_data_start           
00000000  __TI_static_base__             
00000f77  __TI_zero_init                 
00000cb5  __aeabi_memclr                 
00000cb5  __aeabi_memclr4                
00000cb5  __aeabi_memclr8                
00000c19  __aeabi_memcpy                 
00000c19  __aeabi_memcpy4                
00000c19  __aeabi_memcpy8                
00000cb7  __aeabi_memset                 
00000cb7  __aeabi_memset4                
00000cb7  __aeabi_memset8                
ffffffff  __binit__                      
ffffffff  __c_args__                     
00000d2f  __mpu_init                     
2000fe00  __stack                        
00000f21  _args_main                     
00000e09  _c_int00                       
20000418  _lock                          
00000f47  _nop                           
00000f3f  _register_lock                 
00000f39  _register_unlock               
20000000  _sys_memory                    
00000f87  _system_post_cinit             
00000f83  _system_pre_init               
2000041c  _unlock                        
00000e61  abort                          
ffffffff  binit                          
00000eb1  copy_in                        
00000e69  exit                           
00000000  interruptVectors               
00000f4f  main                           
20000428  main_func_sp                   
00000c19  memcpy                         
00000cbd  memset                         
00000a41  ta3dummy                       


GLOBAL SYMBOLS: SORTED BY Symbol Address 

address   name                           
-------   ----                           
00000000  __TI_static_base__             
00000000  interruptVectors               
000000e5  LogicAnalyzer                  
000000ef  LogicAnalyzer_P1               
000000fd  LogicAnalyzer_P2               
0000010b  LogicAnalyzer_P2_7654          
0000011b  LogicAnalyzer_P3               
00000129  LogicAnalyzer_P4               
00000137  LogicAnalyzer_P4_765432        
00000147  LogicAnalyzer_P4_765320        
0000017f  LogicAnalyzer_P5               
0000018d  LogicAnalyzer_P6               
0000019b  LogicAnalyzer_P7               
000001a9  LogicAnalyzer_P8               
000001b7  LogicAnalyzer_P9               
000001c5  LogicAnalyzer_P10              
000001d3  Scope                          
00000200  __STACK_SIZE                   
00000257  PeriodicTask2_Init             
000002c1  T32_INT1_IRQHandler            
000002c1  T32_INT1_IRQHandler            
000002d1  PeriodicTask2_Stop             
000002e1  UART_Init                      
0000033b  UART_InChar                    
0000034b  UART_OutChar                   
00000367  TExaS_Task0                    
00000373  TExaS_Task1                    
0000037f  TExaS_Task2                    
0000038b  TExaS_Task3                    
00000397  TExaS_Task4                    
00000399  TExaS_Task5                    
000003a5  TExaS_Task6                    
000003b1  TExaS_Set                      
000003c9  TExaS_Set0                     
000003d5  TExaS_Set1                     
000003e1  TExaS_Set2                     
000003ed  TExaS_Set3                     
000003f9  TExaS_Set4                     
000003fb  TExaS_Set5                     
00000400  __SYSMEM_SIZE                  
00000407  TExaS_Set6                     
00000413  TExaS_Clear0                   
0000041f  TExaS_Clear1                   
0000042b  TExaS_Clear2                   
00000437  TExaS_Clear3                   
00000443  TExaS_Clear4                   
00000445  TExaS_Clear5                   
00000451  TExaS_Clear6                   
00000475  ADC_Init                       
00000551  TExaS_Init                     
000006b1  TExaS_Stop                     
00000715  SystemCoreClockUpdate          
00000989  SystemInit                     
00000a41  ta3dummy                       
00000a4d  TimerA3Capture_Init            
00000aef  TA3_0_IRQHandler               
00000aef  TA3_0_IRQHandler               
00000b09  TA3_N_IRQHandler               
00000b09  TA3_N_IRQHandler               
00000b6d  TimerA1_Init                   
00000bcb  TimerA1_Stop                   
00000bdf  TA1_0_IRQHandler               
00000bdf  TA1_0_IRQHandler               
00000c19  __aeabi_memcpy                 
00000c19  __aeabi_memcpy4                
00000c19  __aeabi_memcpy8                
00000c19  memcpy                         
00000cb5  __aeabi_memclr                 
00000cb5  __aeabi_memclr4                
00000cb5  __aeabi_memclr8                
00000cb7  __aeabi_memset                 
00000cb7  __aeabi_memset4                
00000cb7  __aeabi_memset8                
00000cbd  memset                         
00000d2f  __mpu_init                     
00000d31  __TI_auto_init                 
00000da1  __TI_decompress_lzss           
00000e09  _c_int00                       
00000e5d  C$$EXIT                        
00000e61  abort                          
00000e69  exit                           
00000eb1  copy_in                        
00000efd  DisableInterrupts              
00000f03  EnableInterrupts               
00000f09  StartCritical                  
00000f13  EndCritical                    
00000f1b  WaitForInterrupt               
00000f21  _args_main                     
00000f39  _register_unlock               
00000f3f  _register_lock                 
00000f47  _nop                           
00000f4d  Controller                     
00000f4f  main                           
00000f5b  __TI_decompress_none           
00000f69  Reset_Handler                  
00000f75  ADC14_IRQHandler               
00000f75  AES256_IRQHandler              
00000f75  BusFault_Handler               
00000f75  COMP_E0_IRQHandler             
00000f75  COMP_E1_IRQHandler             
00000f75  CS_IRQHandler                  
00000f75  DMA_ERR_IRQHandler             
00000f75  DMA_INT0_IRQHandler            
00000f75  DMA_INT1_IRQHandler            
00000f75  DMA_INT2_IRQHandler            
00000f75  DMA_INT3_IRQHandler            
00000f75  DebugMon_Handler               
00000f75  Default_Handler                
00000f75  EUSCIA0_IRQHandler             
00000f75  EUSCIA1_IRQHandler             
00000f75  EUSCIA2_IRQHandler             
00000f75  EUSCIA3_IRQHandler             
00000f75  EUSCIB0_IRQHandler             
00000f75  EUSCIB1_IRQHandler             
00000f75  EUSCIB2_IRQHandler             
00000f75  EUSCIB3_IRQHandler             
00000f75  FLCTL_IRQHandler               
00000f75  FPU_IRQHandler                 
00000f75  HardFault_Handler              
00000f75  MemManage_Handler              
00000f75  NMI_Handler                    
00000f75  PCM_IRQHandler                 
00000f75  PORT1_IRQHandler               
00000f75  PORT2_IRQHandler               
00000f75  PORT3_IRQHandler               
00000f75  PORT4_IRQHandler               
00000f75  PORT5_IRQHandler               
00000f75  PORT6_IRQHandler               
00000f75  PSS_IRQHandler                 
00000f75  PendSV_Handler                 
00000f75  RTC_C_IRQHandler               
00000f75  SVC_Handler                    
00000f75  SysTick_Handler                
00000f75  T32_INT2_IRQHandler            
00000f75  T32_INTC_IRQHandler            
00000f75  TA0_0_IRQHandler               
00000f75  TA0_N_IRQHandler               
00000f75  TA1_N_IRQHandler               
00000f75  TA2_0_IRQHandler               
00000f75  TA2_N_IRQHandler               
00000f75  UsageFault_Handler             
00000f75  WDT_A_IRQHandler               
00000f77  __TI_zero_init                 
00000f83  _system_pre_init               
00000f87  _system_post_cinit             
00000fa4  __TI_Handler_Table_Base        
00000fb0  __TI_Handler_Table_Limit       
00000fb8  __TI_CINIT_Base                
00000fc8  __TI_CINIT_Limit               
20000000  _sys_memory                    
20000400  __TI_cleanup_ptr               
20000404  __TI_dtors_ptr                 
20000408  __TI_enable_exit_profile_output
2000040c  TExaS_ScopeErrLostData         
20000410  TExaS_ScopeErrConflict         
20000414  TExaS_ScopeWrnReconfig         
20000418  _lock                          
2000041c  _unlock                        
20000420  CaptureTask0                   
20000424  CaptureTask2                   
20000428  main_func_sp                   
2000042c  SystemCoreClock                
20000430  PeriodicTask2                  
20000434  TimerA1Task                    
20000438  LogicData                      
2000fe00  __stack                        
20010000  __STACK_END                    
4000480c  WDTCTL_SYM                     
ffffffff  __TI_pprof_out_hndl            
ffffffff  __TI_prof_data_size            
ffffffff  __TI_prof_data_start           
ffffffff  __binit__                      
ffffffff  __c_args__                     
ffffffff  binit                          
UNDEFED   SHT$$INIT_ARRAY$$Base          
UNDEFED   SHT$$INIT_ARRAY$$Limit         

[176 symbols]
