<?xml version="1.0"?>
<link_info>
   <banner>TI ARM Linker PC v16.9.4.LTS</banner>
   <copyright>Copyright (c) 1996-2017 Texas Instruments Incorporated</copyright>
   <link_time>0x5a6945a9</link_time>
   <link_errors>0x0</link_errors>
   <output_file>Lab17_Control.out</output_file>
   <entry_point>
      <name>_c_int00</name>
      <address>0x6241</address>
   </entry_point>
   <input_file_list>
      <input_file id="fl-2">
         <path>.\</path>
         <kind>object</kind>
         <file>ADC14.obj</file>
         <name>ADC14.obj</name>
      </input_file>
      <input_file id="fl-3">
         <path>.\</path>
         <kind>object</kind>
         <file>Bump.obj</file>
         <name>Bump.obj</name>
      </input_file>
      <input_file id="fl-4">
         <path>.\</path>
         <kind>object</kind>
         <file>Clock.obj</file>
         <name>Clock.obj</name>
      </input_file>
      <input_file id="fl-5">
         <path>.\</path>
         <kind>object</kind>
         <file>CortexM.obj</file>
         <name>CortexM.obj</name>
      </input_file>
      <input_file id="fl-6">
         <path>.\</path>
         <kind>object</kind>
         <file>IRDistance.obj</file>
         <name>IRDistance.obj</name>
      </input_file>
      <input_file id="fl-7">
         <path>.\</path>
         <kind>object</kind>
         <file>LPF.obj</file>
         <name>LPF.obj</name>
      </input_file>
      <input_file id="fl-8">
         <path>.\</path>
         <kind>object</kind>
         <file>Lab17_Control.obj</file>
         <name>Lab17_Control.obj</name>
      </input_file>
      <input_file id="fl-9">
         <path>.\</path>
         <kind>object</kind>
         <file>LaunchPad.obj</file>
         <name>LaunchPad.obj</name>
      </input_file>
      <input_file id="fl-a">
         <path>.\</path>
         <kind>object</kind>
         <file>Motor.obj</file>
         <name>Motor.obj</name>
      </input_file>
      <input_file id="fl-b">
         <path>.\</path>
         <kind>object</kind>
         <file>Nokia5110.obj</file>
         <name>Nokia5110.obj</name>
      </input_file>
      <input_file id="fl-c">
         <path>.\</path>
         <kind>object</kind>
         <file>PWM.obj</file>
         <name>PWM.obj</name>
      </input_file>
      <input_file id="fl-d">
         <path>.\</path>
         <kind>object</kind>
         <file>Reflectance.obj</file>
         <name>Reflectance.obj</name>
      </input_file>
      <input_file id="fl-e">
         <path>.\</path>
         <kind>object</kind>
         <file>SysTickInts.obj</file>
         <name>SysTickInts.obj</name>
      </input_file>
      <input_file id="fl-f">
         <path>.\</path>
         <kind>object</kind>
         <file>TA3InputCapture.obj</file>
         <name>TA3InputCapture.obj</name>
      </input_file>
      <input_file id="fl-10">
         <path>.\</path>
         <kind>object</kind>
         <file>TExaS.obj</file>
         <name>TExaS.obj</name>
      </input_file>
      <input_file id="fl-11">
         <path>.\</path>
         <kind>object</kind>
         <file>Tachometer.obj</file>
         <name>Tachometer.obj</name>
      </input_file>
      <input_file id="fl-12">
         <path>.\</path>
         <kind>object</kind>
         <file>TimerA1.obj</file>
         <name>TimerA1.obj</name>
      </input_file>
      <input_file id="fl-13">
         <path>.\</path>
         <kind>object</kind>
         <file>UART0.obj</file>
         <name>UART0.obj</name>
      </input_file>
      <input_file id="fl-14">
         <path>.\</path>
         <kind>object</kind>
         <file>startup_msp432p401r_ccs.obj</file>
         <name>startup_msp432p401r_ccs.obj</name>
      </input_file>
      <input_file id="fl-15">
         <path>.\</path>
         <kind>object</kind>
         <file>system_msp432p401r.obj</file>
         <name>system_msp432p401r.obj</name>
      </input_file>
      <input_file id="fl-19">
         <kind>object</kind>
         <file>&lt;internal&gt;</file>
         <name>&lt;internal&gt;</name>
      </input_file>
      <input_file id="fl-cf">
         <path>C:\ti\ccsv7\tools\compiler\ti-cgt-arm_16.9.4.LTS\lib\</path>
         <kind>archive</kind>
         <file>rtsv7M4_T_le_v4SPD16_eabi.lib</file>
         <name>add_device.obj</name>
      </input_file>
      <input_file id="fl-d0">
         <path>C:\ti\ccsv7\tools\compiler\ti-cgt-arm_16.9.4.LTS\lib\</path>
         <kind>archive</kind>
         <file>rtsv7M4_T_le_v4SPD16_eabi.lib</file>
         <name>boot.obj</name>
      </input_file>
      <input_file id="fl-d1">
         <path>C:\ti\ccsv7\tools\compiler\ti-cgt-arm_16.9.4.LTS\lib\</path>
         <kind>archive</kind>
         <file>rtsv7M4_T_le_v4SPD16_eabi.lib</file>
         <name>copy_decompress_lzss.obj</name>
      </input_file>
      <input_file id="fl-d2">
         <path>C:\ti\ccsv7\tools\compiler\ti-cgt-arm_16.9.4.LTS\lib\</path>
         <kind>archive</kind>
         <file>rtsv7M4_T_le_v4SPD16_eabi.lib</file>
         <name>copy_decompress_none.obj</name>
      </input_file>
      <input_file id="fl-d3">
         <path>C:\ti\ccsv7\tools\compiler\ti-cgt-arm_16.9.4.LTS\lib\</path>
         <kind>archive</kind>
         <file>rtsv7M4_T_le_v4SPD16_eabi.lib</file>
         <name>copy_zero_init.obj</name>
      </input_file>
      <input_file id="fl-d4">
         <path>C:\ti\ccsv7\tools\compiler\ti-cgt-arm_16.9.4.LTS\lib\</path>
         <kind>archive</kind>
         <file>rtsv7M4_T_le_v4SPD16_eabi.lib</file>
         <name>defs.obj</name>
      </input_file>
      <input_file id="fl-d5">
         <path>C:\ti\ccsv7\tools\compiler\ti-cgt-arm_16.9.4.LTS\lib\</path>
         <kind>archive</kind>
         <file>rtsv7M4_T_le_v4SPD16_eabi.lib</file>
         <name>exit.obj</name>
      </input_file>
      <input_file id="fl-d6">
         <path>C:\ti\ccsv7\tools\compiler\ti-cgt-arm_16.9.4.LTS\lib\</path>
         <kind>archive</kind>
         <file>rtsv7M4_T_le_v4SPD16_eabi.lib</file>
         <name>fopen.obj</name>
      </input_file>
      <input_file id="fl-d7">
         <path>C:\ti\ccsv7\tools\compiler\ti-cgt-arm_16.9.4.LTS\lib\</path>
         <kind>archive</kind>
         <file>rtsv7M4_T_le_v4SPD16_eabi.lib</file>
         <name>getdevice.obj</name>
      </input_file>
      <input_file id="fl-d8">
         <path>C:\ti\ccsv7\tools\compiler\ti-cgt-arm_16.9.4.LTS\lib\</path>
         <kind>archive</kind>
         <file>rtsv7M4_T_le_v4SPD16_eabi.lib</file>
         <name>memcpy_t2.obj</name>
      </input_file>
      <input_file id="fl-d9">
         <path>C:\ti\ccsv7\tools\compiler\ti-cgt-arm_16.9.4.LTS\lib\</path>
         <kind>archive</kind>
         <file>rtsv7M4_T_le_v4SPD16_eabi.lib</file>
         <name>memset_t2.obj</name>
      </input_file>
      <input_file id="fl-da">
         <path>C:\ti\ccsv7\tools\compiler\ti-cgt-arm_16.9.4.LTS\lib\</path>
         <kind>archive</kind>
         <file>rtsv7M4_T_le_v4SPD16_eabi.lib</file>
         <name>mpu_init.obj</name>
      </input_file>
      <input_file id="fl-db">
         <path>C:\ti\ccsv7\tools\compiler\ti-cgt-arm_16.9.4.LTS\lib\</path>
         <kind>archive</kind>
         <file>rtsv7M4_T_le_v4SPD16_eabi.lib</file>
         <name>open.obj</name>
      </input_file>
      <input_file id="fl-dc">
         <path>C:\ti\ccsv7\tools\compiler\ti-cgt-arm_16.9.4.LTS\lib\</path>
         <kind>archive</kind>
         <file>rtsv7M4_T_le_v4SPD16_eabi.lib</file>
         <name>pre_init.obj</name>
      </input_file>
      <input_file id="fl-dd">
         <path>C:\ti\ccsv7\tools\compiler\ti-cgt-arm_16.9.4.LTS\lib\</path>
         <kind>archive</kind>
         <file>rtsv7M4_T_le_v4SPD16_eabi.lib</file>
         <name>printf.obj</name>
      </input_file>
      <input_file id="fl-de">
         <path>C:\ti\ccsv7\tools\compiler\ti-cgt-arm_16.9.4.LTS\lib\</path>
         <kind>archive</kind>
         <file>rtsv7M4_T_le_v4SPD16_eabi.lib</file>
         <name>setvbuf.obj</name>
      </input_file>
      <input_file id="fl-df">
         <path>C:\ti\ccsv7\tools\compiler\ti-cgt-arm_16.9.4.LTS\lib\</path>
         <kind>archive</kind>
         <file>rtsv7M4_T_le_v4SPD16_eabi.lib</file>
         <name>stkdepth_vars.obj</name>
      </input_file>
      <input_file id="fl-e0">
         <path>C:\ti\ccsv7\tools\compiler\ti-cgt-arm_16.9.4.LTS\lib\</path>
         <kind>archive</kind>
         <file>rtsv7M4_T_le_v4SPD16_eabi.lib</file>
         <name>strchr.obj</name>
      </input_file>
      <input_file id="fl-e1">
         <path>C:\ti\ccsv7\tools\compiler\ti-cgt-arm_16.9.4.LTS\lib\</path>
         <kind>archive</kind>
         <file>rtsv7M4_T_le_v4SPD16_eabi.lib</file>
         <name>strcmp.obj</name>
      </input_file>
      <input_file id="fl-e2">
         <path>C:\ti\ccsv7\tools\compiler\ti-cgt-arm_16.9.4.LTS\lib\</path>
         <kind>archive</kind>
         <file>rtsv7M4_T_le_v4SPD16_eabi.lib</file>
         <name>strncpy.obj</name>
      </input_file>
      <input_file id="fl-e3">
         <path>C:\ti\ccsv7\tools\compiler\ti-cgt-arm_16.9.4.LTS\lib\</path>
         <kind>archive</kind>
         <file>rtsv7M4_T_le_v4SPD16_eabi.lib</file>
         <name>write.obj</name>
      </input_file>
      <input_file id="fl-e4">
         <path>C:\ti\ccsv7\tools\compiler\ti-cgt-arm_16.9.4.LTS\lib\</path>
         <kind>archive</kind>
         <file>rtsv7M4_T_le_v4SPD16_eabi.lib</file>
         <name>_lock.obj</name>
      </input_file>
      <input_file id="fl-e5">
         <path>C:\ti\ccsv7\tools\compiler\ti-cgt-arm_16.9.4.LTS\lib\</path>
         <kind>archive</kind>
         <file>rtsv7M4_T_le_v4SPD16_eabi.lib</file>
         <name>_printfi.obj</name>
      </input_file>
      <input_file id="fl-e6">
         <path>C:\ti\ccsv7\tools\compiler\ti-cgt-arm_16.9.4.LTS\lib\</path>
         <kind>archive</kind>
         <file>rtsv7M4_T_le_v4SPD16_eabi.lib</file>
         <name>args_main.obj</name>
      </input_file>
      <input_file id="fl-e7">
         <path>C:\ti\ccsv7\tools\compiler\ti-cgt-arm_16.9.4.LTS\lib\</path>
         <kind>archive</kind>
         <file>rtsv7M4_T_le_v4SPD16_eabi.lib</file>
         <name>atoi.obj</name>
      </input_file>
      <input_file id="fl-e8">
         <path>C:\ti\ccsv7\tools\compiler\ti-cgt-arm_16.9.4.LTS\lib\</path>
         <kind>archive</kind>
         <file>rtsv7M4_T_le_v4SPD16_eabi.lib</file>
         <name>autoinit.obj</name>
      </input_file>
      <input_file id="fl-e9">
         <path>C:\ti\ccsv7\tools\compiler\ti-cgt-arm_16.9.4.LTS\lib\</path>
         <kind>archive</kind>
         <file>rtsv7M4_T_le_v4SPD16_eabi.lib</file>
         <name>cpy_tbl.obj</name>
      </input_file>
      <input_file id="fl-ea">
         <path>C:\ti\ccsv7\tools\compiler\ti-cgt-arm_16.9.4.LTS\lib\</path>
         <kind>archive</kind>
         <file>rtsv7M4_T_le_v4SPD16_eabi.lib</file>
         <name>ctype.obj</name>
      </input_file>
      <input_file id="fl-eb">
         <path>C:\ti\ccsv7\tools\compiler\ti-cgt-arm_16.9.4.LTS\lib\</path>
         <kind>archive</kind>
         <file>rtsv7M4_T_le_v4SPD16_eabi.lib</file>
         <name>fclose.obj</name>
      </input_file>
      <input_file id="fl-ec">
         <path>C:\ti\ccsv7\tools\compiler\ti-cgt-arm_16.9.4.LTS\lib\</path>
         <kind>archive</kind>
         <file>rtsv7M4_T_le_v4SPD16_eabi.lib</file>
         <name>fd_add_t2.obj</name>
      </input_file>
      <input_file id="fl-ed">
         <path>C:\ti\ccsv7\tools\compiler\ti-cgt-arm_16.9.4.LTS\lib\</path>
         <kind>archive</kind>
         <file>rtsv7M4_T_le_v4SPD16_eabi.lib</file>
         <name>fd_cmp_t2.obj</name>
      </input_file>
      <input_file id="fl-ee">
         <path>C:\ti\ccsv7\tools\compiler\ti-cgt-arm_16.9.4.LTS\lib\</path>
         <kind>archive</kind>
         <file>rtsv7M4_T_le_v4SPD16_eabi.lib</file>
         <name>fd_div_t2.obj</name>
      </input_file>
      <input_file id="fl-ef">
         <path>C:\ti\ccsv7\tools\compiler\ti-cgt-arm_16.9.4.LTS\lib\</path>
         <kind>archive</kind>
         <file>rtsv7M4_T_le_v4SPD16_eabi.lib</file>
         <name>fd_mul_t2.obj</name>
      </input_file>
      <input_file id="fl-f0">
         <path>C:\ti\ccsv7\tools\compiler\ti-cgt-arm_16.9.4.LTS\lib\</path>
         <kind>archive</kind>
         <file>rtsv7M4_T_le_v4SPD16_eabi.lib</file>
         <name>fd_toi_t2.obj</name>
      </input_file>
      <input_file id="fl-f1">
         <path>C:\ti\ccsv7\tools\compiler\ti-cgt-arm_16.9.4.LTS\lib\</path>
         <kind>archive</kind>
         <file>rtsv7M4_T_le_v4SPD16_eabi.lib</file>
         <name>fflush.obj</name>
      </input_file>
      <input_file id="fl-f2">
         <path>C:\ti\ccsv7\tools\compiler\ti-cgt-arm_16.9.4.LTS\lib\</path>
         <kind>archive</kind>
         <file>rtsv7M4_T_le_v4SPD16_eabi.lib</file>
         <name>fputc.obj</name>
      </input_file>
      <input_file id="fl-f3">
         <path>C:\ti\ccsv7\tools\compiler\ti-cgt-arm_16.9.4.LTS\lib\</path>
         <kind>archive</kind>
         <file>rtsv7M4_T_le_v4SPD16_eabi.lib</file>
         <name>fputs.obj</name>
      </input_file>
      <input_file id="fl-f4">
         <path>C:\ti\ccsv7\tools\compiler\ti-cgt-arm_16.9.4.LTS\lib\</path>
         <kind>archive</kind>
         <file>rtsv7M4_T_le_v4SPD16_eabi.lib</file>
         <name>hostclose.obj</name>
      </input_file>
      <input_file id="fl-f5">
         <path>C:\ti\ccsv7\tools\compiler\ti-cgt-arm_16.9.4.LTS\lib\</path>
         <kind>archive</kind>
         <file>rtsv7M4_T_le_v4SPD16_eabi.lib</file>
         <name>hostlseek.obj</name>
      </input_file>
      <input_file id="fl-f6">
         <path>C:\ti\ccsv7\tools\compiler\ti-cgt-arm_16.9.4.LTS\lib\</path>
         <kind>archive</kind>
         <file>rtsv7M4_T_le_v4SPD16_eabi.lib</file>
         <name>hostopen.obj</name>
      </input_file>
      <input_file id="fl-f7">
         <path>C:\ti\ccsv7\tools\compiler\ti-cgt-arm_16.9.4.LTS\lib\</path>
         <kind>archive</kind>
         <file>rtsv7M4_T_le_v4SPD16_eabi.lib</file>
         <name>hostread.obj</name>
      </input_file>
      <input_file id="fl-f8">
         <path>C:\ti\ccsv7\tools\compiler\ti-cgt-arm_16.9.4.LTS\lib\</path>
         <kind>archive</kind>
         <file>rtsv7M4_T_le_v4SPD16_eabi.lib</file>
         <name>hostrename.obj</name>
      </input_file>
      <input_file id="fl-f9">
         <path>C:\ti\ccsv7\tools\compiler\ti-cgt-arm_16.9.4.LTS\lib\</path>
         <kind>archive</kind>
         <file>rtsv7M4_T_le_v4SPD16_eabi.lib</file>
         <name>hostunlink.obj</name>
      </input_file>
      <input_file id="fl-fa">
         <path>C:\ti\ccsv7\tools\compiler\ti-cgt-arm_16.9.4.LTS\lib\</path>
         <kind>archive</kind>
         <file>rtsv7M4_T_le_v4SPD16_eabi.lib</file>
         <name>hostwrite.obj</name>
      </input_file>
      <input_file id="fl-fb">
         <path>C:\ti\ccsv7\tools\compiler\ti-cgt-arm_16.9.4.LTS\lib\</path>
         <kind>archive</kind>
         <file>rtsv7M4_T_le_v4SPD16_eabi.lib</file>
         <name>i_tofd_t2.obj</name>
      </input_file>
      <input_file id="fl-fc">
         <path>C:\ti\ccsv7\tools\compiler\ti-cgt-arm_16.9.4.LTS\lib\</path>
         <kind>archive</kind>
         <file>rtsv7M4_T_le_v4SPD16_eabi.lib</file>
         <name>ltoa.obj</name>
      </input_file>
      <input_file id="fl-fd">
         <path>C:\ti\ccsv7\tools\compiler\ti-cgt-arm_16.9.4.LTS\lib\</path>
         <kind>archive</kind>
         <file>rtsv7M4_T_le_v4SPD16_eabi.lib</file>
         <name>memccpy.obj</name>
      </input_file>
      <input_file id="fl-fe">
         <path>C:\ti\ccsv7\tools\compiler\ti-cgt-arm_16.9.4.LTS\lib\</path>
         <kind>archive</kind>
         <file>rtsv7M4_T_le_v4SPD16_eabi.lib</file>
         <name>memchr.obj</name>
      </input_file>
      <input_file id="fl-ff">
         <path>C:\ti\ccsv7\tools\compiler\ti-cgt-arm_16.9.4.LTS\lib\</path>
         <kind>archive</kind>
         <file>rtsv7M4_T_le_v4SPD16_eabi.lib</file>
         <name>memory.obj</name>
      </input_file>
      <input_file id="fl-100">
         <path>C:\ti\ccsv7\tools\compiler\ti-cgt-arm_16.9.4.LTS\lib\</path>
         <kind>archive</kind>
         <file>rtsv7M4_T_le_v4SPD16_eabi.lib</file>
         <name>remove.obj</name>
      </input_file>
      <input_file id="fl-101">
         <path>C:\ti\ccsv7\tools\compiler\ti-cgt-arm_16.9.4.LTS\lib\</path>
         <kind>archive</kind>
         <file>rtsv7M4_T_le_v4SPD16_eabi.lib</file>
         <name>s_frexp.obj</name>
      </input_file>
      <input_file id="fl-102">
         <path>C:\ti\ccsv7\tools\compiler\ti-cgt-arm_16.9.4.LTS\lib\</path>
         <kind>archive</kind>
         <file>rtsv7M4_T_le_v4SPD16_eabi.lib</file>
         <name>s_scalbn.obj</name>
      </input_file>
      <input_file id="fl-103">
         <path>C:\ti\ccsv7\tools\compiler\ti-cgt-arm_16.9.4.LTS\lib\</path>
         <kind>archive</kind>
         <file>rtsv7M4_T_le_v4SPD16_eabi.lib</file>
         <name>startup.obj</name>
      </input_file>
      <input_file id="fl-104">
         <path>C:\ti\ccsv7\tools\compiler\ti-cgt-arm_16.9.4.LTS\lib\</path>
         <kind>archive</kind>
         <file>rtsv7M4_T_le_v4SPD16_eabi.lib</file>
         <name>strcpy.obj</name>
      </input_file>
      <input_file id="fl-105">
         <path>C:\ti\ccsv7\tools\compiler\ti-cgt-arm_16.9.4.LTS\lib\</path>
         <kind>archive</kind>
         <file>rtsv7M4_T_le_v4SPD16_eabi.lib</file>
         <name>strlen.obj</name>
      </input_file>
      <input_file id="fl-106">
         <path>C:\ti\ccsv7\tools\compiler\ti-cgt-arm_16.9.4.LTS\lib\</path>
         <kind>archive</kind>
         <file>rtsv7M4_T_le_v4SPD16_eabi.lib</file>
         <name>trgmsg.obj</name>
      </input_file>
      <input_file id="fl-107">
         <path>C:\ti\ccsv7\tools\compiler\ti-cgt-arm_16.9.4.LTS\lib\</path>
         <kind>archive</kind>
         <file>rtsv7M4_T_le_v4SPD16_eabi.lib</file>
         <name>ull_div_t2.obj</name>
      </input_file>
      <input_file id="fl-108">
         <path>C:\ti\ccsv7\tools\compiler\ti-cgt-arm_16.9.4.LTS\lib\</path>
         <kind>archive</kind>
         <file>rtsv7M4_T_le_v4SPD16_eabi.lib</file>
         <name>unlink.obj</name>
      </input_file>
      <input_file id="fl-109">
         <path>C:\ti\ccsv7\tools\compiler\ti-cgt-arm_16.9.4.LTS\lib\</path>
         <kind>archive</kind>
         <file>rtsv7M4_T_le_v4SPD16_eabi.lib</file>
         <name>_io_perm.obj</name>
      </input_file>
      <input_file id="fl-10a">
         <path>C:\ti\ccsv7\tools\compiler\ti-cgt-arm_16.9.4.LTS\lib\</path>
         <kind>archive</kind>
         <file>rtsv7M4_T_le_v4SPD16_eabi.lib</file>
         <name>close.obj</name>
      </input_file>
      <input_file id="fl-10b">
         <path>C:\ti\ccsv7\tools\compiler\ti-cgt-arm_16.9.4.LTS\lib\</path>
         <kind>archive</kind>
         <file>rtsv7M4_T_le_v4SPD16_eabi.lib</file>
         <name>errno.obj</name>
      </input_file>
      <input_file id="fl-10c">
         <path>C:\ti\ccsv7\tools\compiler\ti-cgt-arm_16.9.4.LTS\lib\</path>
         <kind>archive</kind>
         <file>rtsv7M4_T_le_v4SPD16_eabi.lib</file>
         <name>fseek.obj</name>
      </input_file>
      <input_file id="fl-10d">
         <path>C:\ti\ccsv7\tools\compiler\ti-cgt-arm_16.9.4.LTS\lib\</path>
         <kind>archive</kind>
         <file>rtsv7M4_T_le_v4SPD16_eabi.lib</file>
         <name>lseek.obj</name>
      </input_file>
      <input_file id="fl-10e">
         <path>C:\ti\ccsv7\tools\compiler\ti-cgt-arm_16.9.4.LTS\lib\</path>
         <kind>archive</kind>
         <file>rtsv7M4_T_le_v4SPD16_eabi.lib</file>
         <name>s_copysign.obj</name>
      </input_file>
   </input_file_list>
   <object_component_list>
      <object_component id="oc-2c">
         <name>.intvecs:retain</name>
         <load_address>0x0</load_address>
         <run_address>0x0</run_address>
         <size>0xe4</size>
         <input_file_ref idref="fl-14"/>
      </object_component>
      <object_component id="oc-1d6">
         <name>.text</name>
         <load_address>0xe4</load_address>
         <run_address>0xe4</run_address>
         <size>0x113e</size>
         <input_file_ref idref="fl-e5"/>
      </object_component>
      <object_component id="oc-56">
         <name>.text</name>
         <load_address>0x1222</load_address>
         <run_address>0x1222</run_address>
         <size>0x2</size>
         <input_file_ref idref="fl-da"/>
      </object_component>
      <object_component id="oc-7e">
         <name>.text</name>
         <load_address>0x1224</load_address>
         <run_address>0x1224</run_address>
         <size>0xa4c</size>
         <input_file_ref idref="fl-8"/>
      </object_component>
      <object_component id="oc-12f">
         <name>.text</name>
         <load_address>0x1c70</load_address>
         <run_address>0x1c70</run_address>
         <size>0x93c</size>
         <input_file_ref idref="fl-b"/>
      </object_component>
      <object_component id="oc-e9">
         <name>.text</name>
         <load_address>0x25ac</load_address>
         <run_address>0x25ac</run_address>
         <size>0x6bc</size>
         <input_file_ref idref="fl-13"/>
      </object_component>
      <object_component id="oc-90">
         <name>.text</name>
         <load_address>0x2c68</load_address>
         <run_address>0x2c68</run_address>
         <size>0x630</size>
         <input_file_ref idref="fl-10"/>
      </object_component>
      <object_component id="oc-26a">
         <name>.text</name>
         <load_address>0x3298</load_address>
         <run_address>0x3298</run_address>
         <size>0x3d0</size>
         <input_file_ref idref="fl-ff"/>
      </object_component>
      <object_component id="oc-d0">
         <name>.text</name>
         <load_address>0x3668</load_address>
         <run_address>0x3668</run_address>
         <size>0x32c</size>
         <input_file_ref idref="fl-15"/>
      </object_component>
      <object_component id="oc-dd">
         <name>.text</name>
         <load_address>0x3994</load_address>
         <run_address>0x3994</run_address>
         <size>0x304</size>
         <input_file_ref idref="fl-7"/>
      </object_component>
      <object_component id="oc-d7">
         <name>.text</name>
         <load_address>0x3c98</load_address>
         <run_address>0x3c98</run_address>
         <size>0x2ec</size>
         <input_file_ref idref="fl-2"/>
      </object_component>
      <object_component id="oc-1e3">
         <name>.text</name>
         <load_address>0x3f84</load_address>
         <run_address>0x3f84</run_address>
         <size>0x228</size>
         <input_file_ref idref="fl-c"/>
      </object_component>
      <object_component id="oc-29d">
         <name>.text</name>
         <load_address>0x41ac</load_address>
         <run_address>0x41ac</run_address>
         <size>0x1f4</size>
         <input_file_ref idref="fl-107"/>
      </object_component>
      <object_component id="oc-13d">
         <name>.text</name>
         <load_address>0x43a0</load_address>
         <run_address>0x43a0</run_address>
         <size>0x1e8</size>
         <input_file_ref idref="fl-d"/>
      </object_component>
      <object_component id="oc-fb">
         <name>.text</name>
         <load_address>0x4588</load_address>
         <run_address>0x4588</run_address>
         <size>0x1e0</size>
         <input_file_ref idref="fl-4"/>
      </object_component>
      <object_component id="oc-1b5">
         <name>.text</name>
         <load_address>0x4768</load_address>
         <run_address>0x4768</run_address>
         <size>0x1c4</size>
         <input_file_ref idref="fl-d6"/>
      </object_component>
      <object_component id="oc-2c6">
         <name>.text</name>
         <load_address>0x492c</load_address>
         <run_address>0x492c</run_address>
         <size>0x1b6</size>
         <input_file_ref idref="fl-ec"/>
      </object_component>
      <object_component id="oc-bb">
         <name>.text</name>
         <load_address>0x4ae2</load_address>
         <run_address>0x4ae2</run_address>
         <size>0x2</size>
         <input_file_ref idref="fl-103"/>
      </object_component>
      <object_component id="oc-f5">
         <name>.text</name>
         <load_address>0x4ae4</load_address>
         <run_address>0x4ae4</run_address>
         <size>0x18c</size>
         <input_file_ref idref="fl-a"/>
      </object_component>
      <object_component id="oc-129">
         <name>.text</name>
         <load_address>0x4c70</load_address>
         <run_address>0x4c70</run_address>
         <size>0x168</size>
         <input_file_ref idref="fl-11"/>
      </object_component>
      <object_component id="oc-2ac">
         <name>.text</name>
         <load_address>0x4dd8</load_address>
         <run_address>0x4dd8</run_address>
         <size>0x136</size>
         <input_file_ref idref="fl-ee"/>
      </object_component>
      <object_component id="oc-8a">
         <name>.text</name>
         <load_address>0x4f10</load_address>
         <run_address>0x4f10</run_address>
         <size>0x134</size>
         <input_file_ref idref="fl-f"/>
      </object_component>
      <object_component id="oc-1d0">
         <name>.text</name>
         <load_address>0x5044</load_address>
         <run_address>0x5044</run_address>
         <size>0x134</size>
         <input_file_ref idref="fl-f3"/>
      </object_component>
      <object_component id="oc-2a7">
         <name>.text</name>
         <load_address>0x5178</load_address>
         <run_address>0x5178</run_address>
         <size>0xfc</size>
         <input_file_ref idref="fl-ef"/>
      </object_component>
      <object_component id="oc-2d1">
         <name>.text</name>
         <load_address>0x5274</load_address>
         <run_address>0x5274</run_address>
         <size>0xfc</size>
         <input_file_ref idref="fl-102"/>
      </object_component>
      <object_component id="oc-101">
         <name>.text</name>
         <load_address>0x5370</load_address>
         <run_address>0x5370</run_address>
         <size>0xf4</size>
         <input_file_ref idref="fl-9"/>
      </object_component>
      <object_component id="oc-1bb">
         <name>.text</name>
         <load_address>0x5464</load_address>
         <run_address>0x5464</run_address>
         <size>0xdc</size>
         <input_file_ref idref="fl-de"/>
      </object_component>
      <object_component id="oc-281">
         <name>.text</name>
         <load_address>0x5540</load_address>
         <run_address>0x5540</run_address>
         <size>0xc8</size>
         <input_file_ref idref="fl-f1"/>
      </object_component>
      <object_component id="oc-258">
         <name>.text</name>
         <load_address>0x5608</load_address>
         <run_address>0x5608</run_address>
         <size>0xbc</size>
         <input_file_ref idref="fl-db"/>
      </object_component>
      <object_component id="oc-1af">
         <name>.text</name>
         <load_address>0x56c4</load_address>
         <run_address>0x56c4</run_address>
         <size>0xb8</size>
         <input_file_ref idref="fl-cf"/>
      </object_component>
      <object_component id="oc-27b">
         <name>.text</name>
         <load_address>0x577c</load_address>
         <run_address>0x577c</run_address>
         <size>0xac</size>
         <input_file_ref idref="fl-109"/>
      </object_component>
      <object_component id="oc-84">
         <name>.text</name>
         <load_address>0x5828</load_address>
         <run_address>0x5828</run_address>
         <size>0xa8</size>
         <input_file_ref idref="fl-12"/>
      </object_component>
      <object_component id="oc-3e">
         <name>.text</name>
         <load_address>0x58d0</load_address>
         <run_address>0x58d0</run_address>
         <size>0x9c</size>
         <input_file_ref idref="fl-d8"/>
      </object_component>
      <object_component id="oc-25e">
         <name>.text</name>
         <load_address>0x596c</load_address>
         <run_address>0x596c</run_address>
         <size>0x98</size>
         <input_file_ref idref="fl-eb"/>
      </object_component>
      <object_component id="oc-1ca">
         <name>.text</name>
         <load_address>0x5a04</load_address>
         <run_address>0x5a04</run_address>
         <size>0x98</size>
         <input_file_ref idref="fl-f2"/>
      </object_component>
      <object_component id="oc-2a2">
         <name>.text:__aeabi_cdcmple</name>
         <load_address>0x5a9c</load_address>
         <run_address>0x5a9c</run_address>
         <size>0x86</size>
         <input_file_ref idref="fl-ed"/>
      </object_component>
      <object_component id="oc-2b1">
         <name>.text:__aeabi_cdrcmple</name>
         <load_address>0x5b22</load_address>
         <run_address>0x5b22</run_address>
         <size>0x86</size>
         <input_file_ref idref="fl-ed"/>
      </object_component>
      <object_component id="oc-e3">
         <name>.text</name>
         <load_address>0x5ba8</load_address>
         <run_address>0x5ba8</run_address>
         <size>0x7c</size>
         <input_file_ref idref="fl-6"/>
      </object_component>
      <object_component id="oc-4a">
         <name>.text</name>
         <load_address>0x5c24</load_address>
         <run_address>0x5c24</run_address>
         <size>0x7a</size>
         <input_file_ref idref="fl-d9"/>
      </object_component>
      <object_component id="oc-107">
         <name>.text</name>
         <load_address>0x5ca0</load_address>
         <run_address>0x5ca0</run_address>
         <size>0x78</size>
         <input_file_ref idref="fl-3"/>
      </object_component>
      <object_component id="oc-62">
         <name>.text</name>
         <load_address>0x5d18</load_address>
         <run_address>0x5d18</run_address>
         <size>0x70</size>
         <input_file_ref idref="fl-e8"/>
      </object_component>
      <object_component id="oc-246">
         <name>.text</name>
         <load_address>0x5d88</load_address>
         <run_address>0x5d88</run_address>
         <size>0x70</size>
         <input_file_ref idref="fl-d7"/>
      </object_component>
      <object_component id="oc-ef">
         <name>.text</name>
         <load_address>0x5df8</load_address>
         <run_address>0x5df8</run_address>
         <size>0x70</size>
         <input_file_ref idref="fl-dd"/>
      </object_component>
      <object_component id="oc-341">
         <name>.text</name>
         <load_address>0x5e68</load_address>
         <run_address>0x5e68</run_address>
         <size>0x6c</size>
         <input_file_ref idref="fl-f8"/>
      </object_component>
      <object_component id="oc-14">
         <name>.text:decompress:lzss</name>
         <load_address>0x5ed4</load_address>
         <run_address>0x5ed4</run_address>
         <size>0x68</size>
         <input_file_ref idref="fl-d1"/>
      </object_component>
      <object_component id="oc-335">
         <name>.text</name>
         <load_address>0x5f3c</load_address>
         <run_address>0x5f3c</run_address>
         <size>0x68</size>
         <input_file_ref idref="fl-f5"/>
      </object_component>
      <object_component id="oc-3b9">
         <name>.text</name>
         <load_address>0x5fa4</load_address>
         <run_address>0x5fa4</run_address>
         <size>0x68</size>
         <input_file_ref idref="fl-106"/>
      </object_component>
      <object_component id="oc-372">
         <name>.text</name>
         <load_address>0x600c</load_address>
         <run_address>0x600c</run_address>
         <size>0x64</size>
         <input_file_ref idref="fl-10c"/>
      </object_component>
      <object_component id="oc-2cb">
         <name>.text</name>
         <load_address>0x6070</load_address>
         <run_address>0x6070</run_address>
         <size>0x64</size>
         <input_file_ref idref="fl-101"/>
      </object_component>
      <object_component id="oc-31d">
         <name>.text</name>
         <load_address>0x60d4</load_address>
         <run_address>0x60d4</run_address>
         <size>0x60</size>
         <input_file_ref idref="fl-f6"/>
      </object_component>
      <object_component id="oc-357">
         <name>.text</name>
         <load_address>0x6134</load_address>
         <run_address>0x6134</run_address>
         <size>0x5c</size>
         <input_file_ref idref="fl-10a"/>
      </object_component>
      <object_component id="oc-329">
         <name>.text</name>
         <load_address>0x6190</load_address>
         <run_address>0x6190</run_address>
         <size>0x58</size>
         <input_file_ref idref="fl-f7"/>
      </object_component>
      <object_component id="oc-32f">
         <name>.text</name>
         <load_address>0x61e8</load_address>
         <run_address>0x61e8</run_address>
         <size>0x58</size>
         <input_file_ref idref="fl-fa"/>
      </object_component>
      <object_component id="oc-26">
         <name>.text</name>
         <load_address>0x6240</load_address>
         <run_address>0x6240</run_address>
         <size>0x54</size>
         <input_file_ref idref="fl-d0"/>
      </object_component>
      <object_component id="oc-6e">
         <name>.text</name>
         <load_address>0x6294</load_address>
         <run_address>0x6294</run_address>
         <size>0x54</size>
         <input_file_ref idref="fl-d5"/>
      </object_component>
      <object_component id="oc-2bb">
         <name>.text</name>
         <load_address>0x62e8</load_address>
         <run_address>0x62e8</run_address>
         <size>0x54</size>
         <input_file_ref idref="fl-fc"/>
      </object_component>
      <object_component id="oc-2dd">
         <name>.text</name>
         <load_address>0x633c</load_address>
         <run_address>0x633c</run_address>
         <size>0x4c</size>
         <input_file_ref idref="fl-e7"/>
      </object_component>
      <object_component id="oc-b5">
         <name>.text</name>
         <load_address>0x6388</load_address>
         <run_address>0x6388</run_address>
         <size>0x4c</size>
         <input_file_ref idref="fl-e9"/>
      </object_component>
      <object_component id="oc-2b6">
         <name>.text</name>
         <load_address>0x63d4</load_address>
         <run_address>0x63d4</run_address>
         <size>0x48</size>
         <input_file_ref idref="fl-f0"/>
      </object_component>
      <object_component id="oc-323">
         <name>.text</name>
         <load_address>0x641c</load_address>
         <run_address>0x641c</run_address>
         <size>0x44</size>
         <input_file_ref idref="fl-f4"/>
      </object_component>
      <object_component id="oc-33b">
         <name>.text</name>
         <load_address>0x6460</load_address>
         <run_address>0x6460</run_address>
         <size>0x44</size>
         <input_file_ref idref="fl-f9"/>
      </object_component>
      <object_component id="oc-120">
         <name>.text</name>
         <load_address>0x64a4</load_address>
         <run_address>0x64a4</run_address>
         <size>0x40</size>
         <input_file_ref idref="fl-e"/>
      </object_component>
      <object_component id="oc-24c">
         <name>.text</name>
         <load_address>0x64e4</load_address>
         <run_address>0x64e4</run_address>
         <size>0x36</size>
         <input_file_ref idref="fl-e2"/>
      </object_component>
      <object_component id="oc-2c1">
         <name>.text</name>
         <load_address>0x651a</load_address>
         <run_address>0x651a</run_address>
         <size>0x2e</size>
         <input_file_ref idref="fl-fb"/>
      </object_component>
      <object_component id="oc-35d">
         <name>.text</name>
         <load_address>0x6548</load_address>
         <run_address>0x6548</run_address>
         <size>0x2c</size>
         <input_file_ref idref="fl-108"/>
      </object_component>
      <object_component id="oc-3e8">
         <name>.text</name>
         <load_address>0x6574</load_address>
         <run_address>0x6574</run_address>
         <size>0x28</size>
         <input_file_ref idref="fl-10d"/>
      </object_component>
      <object_component id="oc-287">
         <name>.text</name>
         <load_address>0x659c</load_address>
         <run_address>0x659c</run_address>
         <size>0x28</size>
         <input_file_ref idref="fl-e3"/>
      </object_component>
      <object_component id="oc-11a">
         <name>.text</name>
         <load_address>0x65c4</load_address>
         <run_address>0x65c4</run_address>
         <size>0x24</size>
         <input_file_ref idref="fl-5"/>
      </object_component>
      <object_component id="oc-295">
         <name>.text</name>
         <load_address>0x65e8</load_address>
         <run_address>0x65e8</run_address>
         <size>0x20</size>
         <input_file_ref idref="fl-fe"/>
      </object_component>
      <object_component id="oc-2e3">
         <name>.text</name>
         <load_address>0x6608</load_address>
         <run_address>0x6608</run_address>
         <size>0x1c</size>
         <input_file_ref idref="fl-fd"/>
      </object_component>
      <object_component id="oc-68">
         <name>.text</name>
         <load_address>0x6624</load_address>
         <run_address>0x6624</run_address>
         <size>0x18</size>
         <input_file_ref idref="fl-e6"/>
      </object_component>
      <object_component id="oc-313">
         <name>.text</name>
         <load_address>0x663c</load_address>
         <run_address>0x663c</run_address>
         <size>0x18</size>
         <input_file_ref idref="fl-e1"/>
      </object_component>
      <object_component id="oc-2d7">
         <name>.text</name>
         <load_address>0x6654</load_address>
         <run_address>0x6654</run_address>
         <size>0x16</size>
         <input_file_ref idref="fl-e0"/>
      </object_component>
      <object_component id="oc-18a">
         <name>.text</name>
         <load_address>0x666c</load_address>
         <run_address>0x666c</run_address>
         <size>0x14</size>
         <input_file_ref idref="fl-e4"/>
      </object_component>
      <object_component id="oc-396">
         <name>.text</name>
         <load_address>0x6680</load_address>
         <run_address>0x6680</run_address>
         <size>0x14</size>
         <input_file_ref idref="fl-10e"/>
      </object_component>
      <object_component id="oc-3cd">
         <name>.text</name>
         <load_address>0x6694</load_address>
         <run_address>0x6694</run_address>
         <size>0x14</size>
         <input_file_ref idref="fl-104"/>
      </object_component>
      <object_component id="oc-28f">
         <name>.text</name>
         <load_address>0x66a8</load_address>
         <run_address>0x66a8</run_address>
         <size>0x14</size>
         <input_file_ref idref="fl-105"/>
      </object_component>
      <object_component id="oc-1a">
         <name>.text:decompress:none</name>
         <load_address>0x66bc</load_address>
         <run_address>0x66bc</run_address>
         <size>0xe</size>
         <input_file_ref idref="fl-d2"/>
      </object_component>
      <object_component id="oc-78">
         <name>.text</name>
         <load_address>0x66ca</load_address>
         <run_address>0x66ca</run_address>
         <size>0xe</size>
         <input_file_ref idref="fl-14"/>
      </object_component>
      <object_component id="oc-20">
         <name>.text:decompress:ZI</name>
         <load_address>0x66d8</load_address>
         <run_address>0x66d8</run_address>
         <size>0xc</size>
         <input_file_ref idref="fl-d3"/>
      </object_component>
      <object_component id="oc-5c">
         <name>.text</name>
         <load_address>0x66e4</load_address>
         <run_address>0x66e4</run_address>
         <size>0x4</size>
         <input_file_ref idref="fl-dc"/>
      </object_component>
      <object_component id="oc-20f">
         <name>.const:ASCII</name>
         <load_address>0x66e8</load_address>
         <run_address>0x66e8</run_address>
         <size>0x1e0</size>
         <input_file_ref idref="fl-b"/>
      </object_component>
      <object_component id="oc-3a3">
         <name>.const:.string:_ctypes_</name>
         <load_address>0x68c8</load_address>
         <run_address>0x68c8</run_address>
         <size>0x101</size>
         <input_file_ref idref="fl-ea"/>
      </object_component>
      <object_component id="oc-219">
         <name>.const:Mask</name>
         <load_address>0x69cc</load_address>
         <run_address>0x69cc</run_address>
         <size>0x20</size>
         <input_file_ref idref="fl-d"/>
      </object_component>
      <object_component id="oc-21c">
         <name>.const:Weight</name>
         <load_address>0x69ec</load_address>
         <run_address>0x69ec</run_address>
         <size>0x20</size>
         <input_file_ref idref="fl-d"/>
      </object_component>
      <object_component id="oc-215">
         <name>.const:.string:Masks</name>
         <load_address>0x6a0c</load_address>
         <run_address>0x6a0c</run_address>
         <size>0x8</size>
         <input_file_ref idref="fl-b"/>
      </object_component>
      <object_component id="oc-45a">
         <name>.cinit..data.load</name>
         <load_address>0x6a18</load_address>
         <run_address>0x6a18</run_address>
         <size>0x97</size>
      </object_component>
      <object_component id="oc-458">
         <name>__TI_handler_table</name>
         <load_address>0x6ab0</load_address>
         <run_address>0x6ab0</run_address>
         <size>0xc</size>
      </object_component>
      <object_component id="oc-45b">
         <name>.cinit..bss.load</name>
         <load_address>0x6ac0</load_address>
         <run_address>0x6ac0</run_address>
         <size>0x8</size>
      </object_component>
      <object_component id="oc-459">
         <name>__TI_cinit_table</name>
         <load_address>0x6ac8</load_address>
         <run_address>0x6ac8</run_address>
         <size>0x10</size>
      </object_component>
      <object_component id="oc-435">
         <name>.binit</name>
         <load_address>0x0</load_address>
         <run_address>0x0</run_address>
         <size>0x0</size>
      </object_component>
      <object_component id="oc-1ea">
         <name>.data</name>
         <load_address>0x20003a54</load_address>
         <run_address>0x20003a54</run_address>
         <size>0x18</size>
         <input_file_ref idref="fl-4"/>
      </object_component>
      <object_component id="oc-116">
         <name>.data</name>
         <load_address>0x20003a20</load_address>
         <run_address>0x20003a20</run_address>
         <size>0x34</size>
         <input_file_ref idref="fl-8"/>
      </object_component>
      <object_component id="oc-150">
         <name>.data</name>
         <load_address>0x20003ab4</load_address>
         <run_address>0x20003ab4</run_address>
         <size>0x8</size>
         <input_file_ref idref="fl-f"/>
      </object_component>
      <object_component id="oc-158">
         <name>.data</name>
         <load_address>0x20003a94</load_address>
         <run_address>0x20003a94</run_address>
         <size>0xc</size>
         <input_file_ref idref="fl-10"/>
      </object_component>
      <object_component id="oc-209">
         <name>.data</name>
         <load_address>0x20003aa0</load_address>
         <run_address>0x20003aa0</run_address>
         <size>0xa</size>
         <input_file_ref idref="fl-11"/>
      </object_component>
      <object_component id="oc-196">
         <name>.data</name>
         <load_address>0x20003ad0</load_address>
         <run_address>0x20003ad0</run_address>
         <size>0x4</size>
         <input_file_ref idref="fl-15"/>
      </object_component>
      <object_component id="oc-252">
         <name>.data</name>
         <load_address>0x20003abc</load_address>
         <run_address>0x20003abc</run_address>
         <size>0x4</size>
         <input_file_ref idref="fl-cf"/>
      </object_component>
      <object_component id="oc-1c1">
         <name>.data:_ftable</name>
         <load_address>0x20003868</load_address>
         <run_address>0x20003868</run_address>
         <size>0xf0</size>
         <input_file_ref idref="fl-d4"/>
      </object_component>
      <object_component id="oc-264">
         <name>.data</name>
         <load_address>0x20003a6c</load_address>
         <run_address>0x20003a6c</run_address>
         <size>0x10</size>
         <input_file_ref idref="fl-d4"/>
      </object_component>
      <object_component id="oc-c5">
         <name>.data:$O1$$</name>
         <load_address>0x20003a7c</load_address>
         <run_address>0x20003a7c</run_address>
         <size>0xc</size>
         <input_file_ref idref="fl-d5"/>
      </object_component>
      <object_component id="oc-267">
         <name>.data</name>
         <load_address>0x20003ac4</load_address>
         <run_address>0x20003ac4</run_address>
         <size>0x4</size>
         <input_file_ref idref="fl-d6"/>
      </object_component>
      <object_component id="oc-351">
         <name>.data</name>
         <load_address>0x20003ac8</load_address>
         <run_address>0x20003ac8</run_address>
         <size>0x4</size>
         <input_file_ref idref="fl-db"/>
      </object_component>
      <object_component id="oc-74">
         <name>.data</name>
         <load_address>0x20003acc</load_address>
         <run_address>0x20003acc</run_address>
         <size>0x4</size>
         <input_file_ref idref="fl-df"/>
      </object_component>
      <object_component id="oc-253">
         <name>.data:_device</name>
         <load_address>0x20003958</load_address>
         <run_address>0x20003958</run_address>
         <size>0x78</size>
         <input_file_ref idref="fl-e3"/>
      </object_component>
      <object_component id="oc-352">
         <name>.data:_stream</name>
         <load_address>0x200039d0</load_address>
         <run_address>0x200039d0</run_address>
         <size>0x50</size>
         <input_file_ref idref="fl-e3"/>
      </object_component>
      <object_component id="oc-c8">
         <name>.data:$O1$$</name>
         <load_address>0x20003aac</load_address>
         <run_address>0x20003aac</run_address>
         <size>0x8</size>
         <input_file_ref idref="fl-e4"/>
      </object_component>
      <object_component id="oc-36a">
         <name>.data:$O1$$</name>
         <load_address>0x20003a88</load_address>
         <run_address>0x20003a88</run_address>
         <size>0xc</size>
         <input_file_ref idref="fl-ff"/>
      </object_component>
      <object_component id="oc-39c">
         <name>.data</name>
         <load_address>0x20003ac0</load_address>
         <run_address>0x20003ac0</run_address>
         <size>0x4</size>
         <input_file_ref idref="fl-10b"/>
      </object_component>
      <object_component id="oc-40c">
         <name>.bss:_CIOBUF_</name>
         <uninitialized>true</uninitialized>
         <run_address>0x200031f8</run_address>
         <size>0x120</size>
         <input_file_ref idref="fl-106"/>
      </object_component>
      <object_component id="oc-1a1">
         <name>.common:Size</name>
         <uninitialized>true</uninitialized>
         <run_address>0x20003438</run_address>
         <size>0x4</size>
      </object_component>
      <object_component id="oc-19f">
         <name>.common:x</name>
         <uninitialized>true</uninitialized>
         <run_address>0x20000000</run_address>
         <size>0x1000</size>
      </object_component>
      <object_component id="oc-19c">
         <name>.common:Pt</name>
         <uninitialized>true</uninitialized>
         <run_address>0x20003424</run_address>
         <size>0x4</size>
      </object_component>
      <object_component id="oc-1a2">
         <name>.common:I1</name>
         <uninitialized>true</uninitialized>
         <run_address>0x20003400</run_address>
         <size>0x4</size>
      </object_component>
      <object_component id="oc-1a0">
         <name>.common:LPFSum</name>
         <uninitialized>true</uninitialized>
         <run_address>0x20003404</run_address>
         <size>0x4</size>
      </object_component>
      <object_component id="oc-1a4">
         <name>.common:x2</name>
         <uninitialized>true</uninitialized>
         <run_address>0x20001000</run_address>
         <size>0x1000</size>
      </object_component>
      <object_component id="oc-1a3">
         <name>.common:Pt2</name>
         <uninitialized>true</uninitialized>
         <run_address>0x20003428</run_address>
         <size>0x4</size>
      </object_component>
      <object_component id="oc-1a5">
         <name>.common:LPFSum2</name>
         <uninitialized>true</uninitialized>
         <run_address>0x20003408</run_address>
         <size>0x4</size>
      </object_component>
      <object_component id="oc-1a7">
         <name>.common:x3</name>
         <uninitialized>true</uninitialized>
         <run_address>0x20002000</run_address>
         <size>0x1000</size>
      </object_component>
      <object_component id="oc-1a6">
         <name>.common:Pt3</name>
         <uninitialized>true</uninitialized>
         <run_address>0x2000342c</run_address>
         <size>0x4</size>
      </object_component>
      <object_component id="oc-1a8">
         <name>.common:LPFSum3</name>
         <uninitialized>true</uninitialized>
         <run_address>0x2000340c</run_address>
         <size>0x4</size>
      </object_component>
      <object_component id="oc-10d">
         <name>.common:nr</name>
         <uninitialized>true</uninitialized>
         <run_address>0x20003454</run_address>
         <size>0x4</size>
      </object_component>
      <object_component id="oc-110">
         <name>.common:nc</name>
         <uninitialized>true</uninitialized>
         <run_address>0x2000344c</run_address>
         <size>0x4</size>
      </object_component>
      <object_component id="oc-111">
         <name>.common:nl</name>
         <uninitialized>true</uninitialized>
         <run_address>0x20003450</run_address>
         <size>0x4</size>
      </object_component>
      <object_component id="oc-115">
         <name>.common:ADCflag</name>
         <uninitialized>true</uninitialized>
         <run_address>0x200033f0</run_address>
         <size>0x4</size>
      </object_component>
      <object_component id="oc-128">
         <name>.common:ControllerFlag</name>
         <uninitialized>true</uninitialized>
         <run_address>0x200033f8</run_address>
         <size>0x4</size>
      </object_component>
      <object_component id="oc-126">
         <name>.common:UR</name>
         <uninitialized>true</uninitialized>
         <run_address>0x20003448</run_address>
         <size>0x4</size>
      </object_component>
      <object_component id="oc-127">
         <name>.common:UL</name>
         <uninitialized>true</uninitialized>
         <run_address>0x20003444</run_address>
         <size>0x4</size>
      </object_component>
      <object_component id="oc-112">
         <name>.common:Left</name>
         <uninitialized>true</uninitialized>
         <run_address>0x20003410</run_address>
         <size>0x4</size>
      </object_component>
      <object_component id="oc-113">
         <name>.common:Center</name>
         <uninitialized>true</uninitialized>
         <run_address>0x200033f4</run_address>
         <size>0x4</size>
      </object_component>
      <object_component id="oc-114">
         <name>.common:Right</name>
         <uninitialized>true</uninitialized>
         <run_address>0x20003430</run_address>
         <size>0x4</size>
      </object_component>
      <object_component id="oc-119">
         <name>.common:Error</name>
         <uninitialized>true</uninitialized>
         <run_address>0x200033fc</run_address>
         <size>0x4</size>
      </object_component>
      <object_component id="oc-13b">
         <name>.common:ActualL</name>
         <uninitialized>true</uninitialized>
         <run_address>0x20003458</run_address>
         <size>0x2</size>
      </object_component>
      <object_component id="oc-13c">
         <name>.common:ActualR</name>
         <uninitialized>true</uninitialized>
         <run_address>0x2000345a</run_address>
         <size>0x2</size>
      </object_component>
      <object_component id="oc-135">
         <name>.common:LeftTach</name>
         <uninitialized>true</uninitialized>
         <run_address>0x200033b8</run_address>
         <size>0x14</size>
      </object_component>
      <object_component id="oc-139">
         <name>.common:LeftDir</name>
         <uninitialized>true</uninitialized>
         <run_address>0x20003464</run_address>
         <size>0x1</size>
      </object_component>
      <object_component id="oc-13a">
         <name>.common:LeftSteps</name>
         <uninitialized>true</uninitialized>
         <run_address>0x20003414</run_address>
         <size>0x4</size>
      </object_component>
      <object_component id="oc-136">
         <name>.common:RightTach</name>
         <uninitialized>true</uninitialized>
         <run_address>0x200033cc</run_address>
         <size>0x14</size>
      </object_component>
      <object_component id="oc-137">
         <name>.common:RightDir</name>
         <uninitialized>true</uninitialized>
         <run_address>0x20003467</run_address>
         <size>0x1</size>
      </object_component>
      <object_component id="oc-138">
         <name>.common:RightSteps</name>
         <uninitialized>true</uninitialized>
         <run_address>0x20003434</run_address>
         <size>0x4</size>
      </object_component>
      <object_component id="oc-143">
         <name>.common:LineData</name>
         <uninitialized>true</uninitialized>
         <run_address>0x20003465</run_address>
         <size>0x1</size>
      </object_component>
      <object_component id="oc-144">
         <name>.common:Position</name>
         <uninitialized>true</uninitialized>
         <run_address>0x20003420</run_address>
         <size>0x4</size>
      </object_component>
      <object_component id="oc-145">
         <name>.common:Time</name>
         <uninitialized>true</uninitialized>
         <run_address>0x2000343c</run_address>
         <size>0x4</size>
      </object_component>
      <object_component id="oc-212">
         <name>.common:Screen</name>
         <uninitialized>true</uninitialized>
         <run_address>0x20003000</run_address>
         <size>0x1f8</size>
      </object_component>
      <object_component id="oc-155">
         <name>.common:LogicData</name>
         <uninitialized>true</uninitialized>
         <run_address>0x20003466</run_address>
         <size>0x1</size>
      </object_component>
      <object_component id="oc-15b">
         <name>.common:PeriodicTask2</name>
         <uninitialized>true</uninitialized>
         <run_address>0x2000341c</run_address>
         <size>0x4</size>
      </object_component>
      <object_component id="oc-205">
         <name>.common:Tachometer_FirstRightTime</name>
         <uninitialized>true</uninitialized>
         <run_address>0x2000345e</run_address>
         <size>0x2</size>
      </object_component>
      <object_component id="oc-208">
         <name>.common:Tachometer_SecondRightTime</name>
         <uninitialized>true</uninitialized>
         <run_address>0x20003462</run_address>
         <size>0x2</size>
      </object_component>
      <object_component id="oc-20c">
         <name>.common:Tachometer_FirstLeftTime</name>
         <uninitialized>true</uninitialized>
         <run_address>0x2000345c</run_address>
         <size>0x2</size>
      </object_component>
      <object_component id="oc-20d">
         <name>.common:Tachometer_SecondLeftTime</name>
         <uninitialized>true</uninitialized>
         <run_address>0x20003460</run_address>
         <size>0x2</size>
      </object_component>
      <object_component id="oc-14c">
         <name>.common:TimerA1Task</name>
         <uninitialized>true</uninitialized>
         <run_address>0x20003440</run_address>
         <size>0x4</size>
      </object_component>
      <object_component id="oc-1ae">
         <name>.common:Messageindexb</name>
         <uninitialized>true</uninitialized>
         <run_address>0x20003418</run_address>
         <size>0x4</size>
      </object_component>
      <object_component id="oc-1ab">
         <name>.common:Messageb</name>
         <uninitialized>true</uninitialized>
         <run_address>0x200033e0</run_address>
         <size>0x8</size>
      </object_component>
      <object_component id="oc-363">
         <name>.common:__TI_tmpnams</name>
         <uninitialized>true</uninitialized>
         <run_address>0x20003318</run_address>
         <size>0xa0</size>
      </object_component>
      <object_component id="oc-3bf">
         <name>.common:parmbuf</name>
         <uninitialized>true</uninitialized>
         <run_address>0x200033e8</run_address>
         <size>0x8</size>
      </object_component>
      <object_component id="oc-30">
         <name>.sysmem</name>
         <uninitialized>true</uninitialized>
         <run_address>0x20003468</run_address>
         <size>0x8</size>
         <input_file_ref idref="fl-ff"/>
      </object_component>
      <object_component id="oc-45d">
         <name>.sysmem</name>
         <uninitialized>true</uninitialized>
         <run_address>0x20003468</run_address>
         <size>0x0</size>
      </object_component>
      <object_component id="oc-2f">
         <name>.stack</name>
         <uninitialized>true</uninitialized>
         <run_address>0x2000fe00</run_address>
         <size>0x0</size>
         <input_file_ref idref="fl-d0"/>
      </object_component>
      <object_component id="oc-45c">
         <name>.stack</name>
         <uninitialized>true</uninitialized>
         <run_address>0x2000fe00</run_address>
         <size>0x0</size>
      </object_component>
      <object_component id="oc-19b">
         <name>.debug_info</name>
         <load_address>0x0</load_address>
         <run_address>0x0</run_address>
         <size>0x54f</size>
         <input_file_ref idref="fl-2"/>
      </object_component>
      <object_component id="oc-d8">
         <name>.debug_info</name>
         <load_address>0x54f</load_address>
         <run_address>0x54f</run_address>
         <size>0x842</size>
         <input_file_ref idref="fl-2"/>
      </object_component>
      <object_component id="oc-1f2">
         <name>.debug_info</name>
         <load_address>0xd91</load_address>
         <run_address>0xd91</run_address>
         <size>0x37cd</size>
         <input_file_ref idref="fl-2"/>
      </object_component>
      <object_component id="oc-1f7">
         <name>.debug_info</name>
         <load_address>0x455e</load_address>
         <run_address>0x455e</run_address>
         <size>0x1055</size>
         <input_file_ref idref="fl-2"/>
      </object_component>
      <object_component id="oc-39">
         <name>.debug_info</name>
         <load_address>0x55b3</load_address>
         <run_address>0x55b3</run_address>
         <size>0x84</size>
         <input_file_ref idref="fl-2"/>
      </object_component>
      <object_component id="oc-147">
         <name>.debug_info</name>
         <load_address>0x5637</load_address>
         <run_address>0x5637</run_address>
         <size>0x18b</size>
         <input_file_ref idref="fl-2"/>
      </object_component>
      <object_component id="oc-108">
         <name>.debug_info</name>
         <load_address>0x57c2</load_address>
         <run_address>0x57c2</run_address>
         <size>0x22e</size>
         <input_file_ref idref="fl-3"/>
      </object_component>
      <object_component id="oc-1eb">
         <name>.debug_info</name>
         <load_address>0x59f0</load_address>
         <run_address>0x59f0</run_address>
         <size>0x1b7</size>
         <input_file_ref idref="fl-4"/>
      </object_component>
      <object_component id="oc-fc">
         <name>.debug_info</name>
         <load_address>0x5ba7</load_address>
         <run_address>0x5ba7</run_address>
         <size>0x47f</size>
         <input_file_ref idref="fl-4"/>
      </object_component>
      <object_component id="oc-11b">
         <name>.debug_info</name>
         <load_address>0x6026</load_address>
         <run_address>0x6026</run_address>
         <size>0x440</size>
         <input_file_ref idref="fl-5"/>
      </object_component>
      <object_component id="oc-e4">
         <name>.debug_info</name>
         <load_address>0x6466</load_address>
         <run_address>0x6466</run_address>
         <size>0x34e</size>
         <input_file_ref idref="fl-6"/>
      </object_component>
      <object_component id="oc-19d">
         <name>.debug_info</name>
         <load_address>0x67b4</load_address>
         <run_address>0x67b4</run_address>
         <size>0x666</size>
         <input_file_ref idref="fl-7"/>
      </object_component>
      <object_component id="oc-de">
         <name>.debug_info</name>
         <load_address>0x6e1a</load_address>
         <run_address>0x6e1a</run_address>
         <size>0x7ed</size>
         <input_file_ref idref="fl-7"/>
      </object_component>
      <object_component id="oc-10e">
         <name>.debug_info</name>
         <load_address>0x7607</load_address>
         <run_address>0x7607</run_address>
         <size>0xeaa</size>
         <input_file_ref idref="fl-8"/>
      </object_component>
      <object_component id="oc-117">
         <name>.debug_info</name>
         <load_address>0x84b1</load_address>
         <run_address>0x84b1</run_address>
         <size>0x1e1</size>
         <input_file_ref idref="fl-8"/>
      </object_component>
      <object_component id="oc-7f">
         <name>.debug_info</name>
         <load_address>0x8692</load_address>
         <run_address>0x8692</run_address>
         <size>0x1257</size>
         <input_file_ref idref="fl-8"/>
      </object_component>
      <object_component id="oc-241">
         <name>.debug_info</name>
         <load_address>0x98e9</load_address>
         <run_address>0x98e9</run_address>
         <size>0xc8</size>
         <input_file_ref idref="fl-8"/>
      </object_component>
      <object_component id="oc-1fc">
         <name>.debug_info</name>
         <load_address>0x99b1</load_address>
         <run_address>0x99b1</run_address>
         <size>0x48</size>
         <input_file_ref idref="fl-8"/>
      </object_component>
      <object_component id="oc-1de">
         <name>.debug_info</name>
         <load_address>0x99f9</load_address>
         <run_address>0x99f9</run_address>
         <size>0x4e</size>
         <input_file_ref idref="fl-8"/>
      </object_component>
      <object_component id="oc-102">
         <name>.debug_info</name>
         <load_address>0x9a47</load_address>
         <run_address>0x9a47</run_address>
         <size>0x3f1</size>
         <input_file_ref idref="fl-9"/>
      </object_component>
      <object_component id="oc-f6">
         <name>.debug_info</name>
         <load_address>0x9e38</load_address>
         <run_address>0x9e38</run_address>
         <size>0x787</size>
         <input_file_ref idref="fl-a"/>
      </object_component>
      <object_component id="oc-213">
         <name>.debug_info</name>
         <load_address>0xa5bf</load_address>
         <run_address>0xa5bf</run_address>
         <size>0x5d8</size>
         <input_file_ref idref="fl-b"/>
      </object_component>
      <object_component id="oc-210">
         <name>.debug_info</name>
         <load_address>0xab97</load_address>
         <run_address>0xab97</run_address>
         <size>0x101</size>
         <input_file_ref idref="fl-b"/>
      </object_component>
      <object_component id="oc-216">
         <name>.debug_info</name>
         <load_address>0xac98</load_address>
         <run_address>0xac98</run_address>
         <size>0x103</size>
         <input_file_ref idref="fl-b"/>
      </object_component>
      <object_component id="oc-130">
         <name>.debug_info</name>
         <load_address>0xad9b</load_address>
         <run_address>0xad9b</run_address>
         <size>0x15ed</size>
         <input_file_ref idref="fl-b"/>
      </object_component>
      <object_component id="oc-1e4">
         <name>.debug_info</name>
         <load_address>0xc388</load_address>
         <run_address>0xc388</run_address>
         <size>0x6ea</size>
         <input_file_ref idref="fl-c"/>
      </object_component>
      <object_component id="oc-310">
         <name>.debug_info</name>
         <load_address>0xca72</load_address>
         <run_address>0xca72</run_address>
         <size>0x590</size>
         <input_file_ref idref="fl-d"/>
      </object_component>
      <object_component id="oc-21d">
         <name>.debug_info</name>
         <load_address>0xd002</load_address>
         <run_address>0xd002</run_address>
         <size>0x107</size>
         <input_file_ref idref="fl-d"/>
      </object_component>
      <object_component id="oc-21a">
         <name>.debug_info</name>
         <load_address>0xd109</load_address>
         <run_address>0xd109</run_address>
         <size>0x103</size>
         <input_file_ref idref="fl-d"/>
      </object_component>
      <object_component id="oc-13e">
         <name>.debug_info</name>
         <load_address>0xd20c</load_address>
         <run_address>0xd20c</run_address>
         <size>0x838</size>
         <input_file_ref idref="fl-d"/>
      </object_component>
      <object_component id="oc-121">
         <name>.debug_info</name>
         <load_address>0xda44</load_address>
         <run_address>0xda44</run_address>
         <size>0x1fc</size>
         <input_file_ref idref="fl-e"/>
      </object_component>
      <object_component id="oc-154">
         <name>.debug_info</name>
         <load_address>0xdc40</load_address>
         <run_address>0xdc40</run_address>
         <size>0x565</size>
         <input_file_ref idref="fl-f"/>
      </object_component>
      <object_component id="oc-151">
         <name>.debug_info</name>
         <load_address>0xe1a5</load_address>
         <run_address>0xe1a5</run_address>
         <size>0x13f</size>
         <input_file_ref idref="fl-f"/>
      </object_component>
      <object_component id="oc-8b">
         <name>.debug_info</name>
         <load_address>0xe2e4</load_address>
         <run_address>0xe2e4</run_address>
         <size>0x452</size>
         <input_file_ref idref="fl-f"/>
      </object_component>
      <object_component id="oc-156">
         <name>.debug_info</name>
         <load_address>0xe736</load_address>
         <run_address>0xe736</run_address>
         <size>0x5a4</size>
         <input_file_ref idref="fl-10"/>
      </object_component>
      <object_component id="oc-159">
         <name>.debug_info</name>
         <load_address>0xecda</load_address>
         <run_address>0xecda</run_address>
         <size>0x19a</size>
         <input_file_ref idref="fl-10"/>
      </object_component>
      <object_component id="oc-91">
         <name>.debug_info</name>
         <load_address>0xee74</load_address>
         <run_address>0xee74</run_address>
         <size>0x2137</size>
         <input_file_ref idref="fl-10"/>
      </object_component>
      <object_component id="oc-15d">
         <name>.debug_info</name>
         <load_address>0x10fab</load_address>
         <run_address>0x10fab</run_address>
         <size>0xb4</size>
         <input_file_ref idref="fl-10"/>
      </object_component>
      <object_component id="oc-206">
         <name>.debug_info</name>
         <load_address>0x1105f</load_address>
         <run_address>0x1105f</run_address>
         <size>0x6bb</size>
         <input_file_ref idref="fl-11"/>
      </object_component>
      <object_component id="oc-20a">
         <name>.debug_info</name>
         <load_address>0x1171a</load_address>
         <run_address>0x1171a</run_address>
         <size>0x1c8</size>
         <input_file_ref idref="fl-11"/>
      </object_component>
      <object_component id="oc-12a">
         <name>.debug_info</name>
         <load_address>0x118e2</load_address>
         <run_address>0x118e2</run_address>
         <size>0x55c</size>
         <input_file_ref idref="fl-11"/>
      </object_component>
      <object_component id="oc-14d">
         <name>.debug_info</name>
         <load_address>0x11e3e</load_address>
         <run_address>0x11e3e</run_address>
         <size>0x57a</size>
         <input_file_ref idref="fl-12"/>
      </object_component>
      <object_component id="oc-85">
         <name>.debug_info</name>
         <load_address>0x123b8</load_address>
         <run_address>0x123b8</run_address>
         <size>0x339</size>
         <input_file_ref idref="fl-12"/>
      </object_component>
      <object_component id="oc-1ac">
         <name>.debug_info</name>
         <load_address>0x126f1</load_address>
         <run_address>0x126f1</run_address>
         <size>0x78d</size>
         <input_file_ref idref="fl-13"/>
      </object_component>
      <object_component id="oc-ea">
         <name>.debug_info</name>
         <load_address>0x12e7e</load_address>
         <run_address>0x12e7e</run_address>
         <size>0x1c43</size>
         <input_file_ref idref="fl-13"/>
      </object_component>
      <object_component id="oc-1c5">
         <name>.debug_info</name>
         <load_address>0x14ac1</load_address>
         <run_address>0x14ac1</run_address>
         <size>0x2c</size>
         <input_file_ref idref="fl-13"/>
      </object_component>
      <object_component id="oc-98">
         <name>.debug_info</name>
         <load_address>0x14aed</load_address>
         <run_address>0x14aed</run_address>
         <size>0x2be</size>
         <input_file_ref idref="fl-14"/>
      </object_component>
      <object_component id="oc-2d">
         <name>.debug_info</name>
         <load_address>0x14dab</load_address>
         <run_address>0x14dab</run_address>
         <size>0xfc</size>
         <input_file_ref idref="fl-14"/>
      </object_component>
      <object_component id="oc-79">
         <name>.debug_info</name>
         <load_address>0x14ea7</load_address>
         <run_address>0x14ea7</run_address>
         <size>0x1c3</size>
         <input_file_ref idref="fl-14"/>
      </object_component>
      <object_component id="oc-197">
         <name>.debug_info</name>
         <load_address>0x1506a</load_address>
         <run_address>0x1506a</run_address>
         <size>0xf5</size>
         <input_file_ref idref="fl-15"/>
      </object_component>
      <object_component id="oc-d1">
         <name>.debug_info</name>
         <load_address>0x1515f</load_address>
         <run_address>0x1515f</run_address>
         <size>0x267</size>
         <input_file_ref idref="fl-15"/>
      </object_component>
      <object_component id="oc-257">
         <name>.debug_info</name>
         <load_address>0x153c6</load_address>
         <run_address>0x153c6</run_address>
         <size>0x430</size>
         <input_file_ref idref="fl-cf"/>
      </object_component>
      <object_component id="oc-1b3">
         <name>.debug_info</name>
         <load_address>0x157f6</load_address>
         <run_address>0x157f6</run_address>
         <size>0x2d0</size>
         <input_file_ref idref="fl-cf"/>
      </object_component>
      <object_component id="oc-34c">
         <name>.debug_info</name>
         <load_address>0x15ac6</load_address>
         <run_address>0x15ac6</run_address>
         <size>0xea</size>
         <input_file_ref idref="fl-cf"/>
      </object_component>
      <object_component id="oc-2f5">
         <name>.debug_info</name>
         <load_address>0x15bb0</load_address>
         <run_address>0x15bb0</run_address>
         <size>0x2c</size>
         <input_file_ref idref="fl-cf"/>
      </object_component>
      <object_component id="oc-27">
         <name>.debug_info</name>
         <load_address>0x15bdc</load_address>
         <run_address>0x15bdc</run_address>
         <size>0x160</size>
         <input_file_ref idref="fl-d0"/>
      </object_component>
      <object_component id="oc-a2">
         <name>.debug_info</name>
         <load_address>0x15d3c</load_address>
         <run_address>0x15d3c</run_address>
         <size>0x293</size>
         <input_file_ref idref="fl-d1"/>
      </object_component>
      <object_component id="oc-18">
         <name>.debug_info</name>
         <load_address>0x15fcf</load_address>
         <run_address>0x15fcf</run_address>
         <size>0x245</size>
         <input_file_ref idref="fl-d1"/>
      </object_component>
      <object_component id="oc-34">
         <name>.debug_info</name>
         <load_address>0x16214</load_address>
         <run_address>0x16214</run_address>
         <size>0x60</size>
         <input_file_ref idref="fl-d1"/>
      </object_component>
      <object_component id="oc-9d">
         <name>.debug_info</name>
         <load_address>0x16274</load_address>
         <run_address>0x16274</run_address>
         <size>0x46</size>
         <input_file_ref idref="fl-d1"/>
      </object_component>
      <object_component id="oc-49">
         <name>.debug_info</name>
         <load_address>0x162ba</load_address>
         <run_address>0x162ba</run_address>
         <size>0x2da</size>
         <input_file_ref idref="fl-d2"/>
      </object_component>
      <object_component id="oc-1e">
         <name>.debug_info</name>
         <load_address>0x16594</load_address>
         <run_address>0x16594</run_address>
         <size>0x1df</size>
         <input_file_ref idref="fl-d2"/>
      </object_component>
      <object_component id="oc-44">
         <name>.debug_info</name>
         <load_address>0x16773</load_address>
         <run_address>0x16773</run_address>
         <size>0x46</size>
         <input_file_ref idref="fl-d2"/>
      </object_component>
      <object_component id="oc-a4">
         <name>.debug_info</name>
         <load_address>0x167b9</load_address>
         <run_address>0x167b9</run_address>
         <size>0x2c</size>
         <input_file_ref idref="fl-d2"/>
      </object_component>
      <object_component id="oc-55">
         <name>.debug_info</name>
         <load_address>0x167e5</load_address>
         <run_address>0x167e5</run_address>
         <size>0x2c9</size>
         <input_file_ref idref="fl-d3"/>
      </object_component>
      <object_component id="oc-24">
         <name>.debug_info</name>
         <load_address>0x16aae</load_address>
         <run_address>0x16aae</run_address>
         <size>0x1aa</size>
         <input_file_ref idref="fl-d3"/>
      </object_component>
      <object_component id="oc-50">
         <name>.debug_info</name>
         <load_address>0x16c58</load_address>
         <run_address>0x16c58</run_address>
         <size>0x46</size>
         <input_file_ref idref="fl-d3"/>
      </object_component>
      <object_component id="oc-ac">
         <name>.debug_info</name>
         <load_address>0x16c9e</load_address>
         <run_address>0x16c9e</run_address>
         <size>0x2c</size>
         <input_file_ref idref="fl-d3"/>
      </object_component>
      <object_component id="oc-279">
         <name>.debug_info</name>
         <load_address>0x16cca</load_address>
         <run_address>0x16cca</run_address>
         <size>0x139</size>
         <input_file_ref idref="fl-d4"/>
      </object_component>
      <object_component id="oc-1c2">
         <name>.debug_info</name>
         <load_address>0x16e03</load_address>
         <run_address>0x16e03</run_address>
         <size>0xf7</size>
         <input_file_ref idref="fl-d4"/>
      </object_component>
      <object_component id="oc-265">
         <name>.debug_info</name>
         <load_address>0x16efa</load_address>
         <run_address>0x16efa</run_address>
         <size>0x184</size>
         <input_file_ref idref="fl-d4"/>
      </object_component>
      <object_component id="oc-2fc">
         <name>.debug_info</name>
         <load_address>0x1707e</load_address>
         <run_address>0x1707e</run_address>
         <size>0xae</size>
         <input_file_ref idref="fl-d4"/>
      </object_component>
      <object_component id="oc-cc">
         <name>.debug_info</name>
         <load_address>0x1712c</load_address>
         <run_address>0x1712c</run_address>
         <size>0x3ce</size>
         <input_file_ref idref="fl-d5"/>
      </object_component>
      <object_component id="oc-c6">
         <name>.debug_info</name>
         <load_address>0x174fa</load_address>
         <run_address>0x174fa</run_address>
         <size>0x185</size>
         <input_file_ref idref="fl-d5"/>
      </object_component>
      <object_component id="oc-72">
         <name>.debug_info</name>
         <load_address>0x1767f</load_address>
         <run_address>0x1767f</run_address>
         <size>0x214</size>
         <input_file_ref idref="fl-d5"/>
      </object_component>
      <object_component id="oc-269">
         <name>.debug_info</name>
         <load_address>0x17893</load_address>
         <run_address>0x17893</run_address>
         <size>0x3d6</size>
         <input_file_ref idref="fl-d6"/>
      </object_component>
      <object_component id="oc-1b8">
         <name>.debug_info</name>
         <load_address>0x17c69</load_address>
         <run_address>0x17c69</run_address>
         <size>0x455</size>
         <input_file_ref idref="fl-d6"/>
      </object_component>
      <object_component id="oc-166">
         <name>.debug_info</name>
         <load_address>0x180be</load_address>
         <run_address>0x180be</run_address>
         <size>0x2c</size>
         <input_file_ref idref="fl-d6"/>
      </object_component>
      <object_component id="oc-31a">
         <name>.debug_info</name>
         <load_address>0x180ea</load_address>
         <run_address>0x180ea</run_address>
         <size>0x417</size>
         <input_file_ref idref="fl-d7"/>
      </object_component>
      <object_component id="oc-248">
         <name>.debug_info</name>
         <load_address>0x18501</load_address>
         <run_address>0x18501</run_address>
         <size>0x282</size>
         <input_file_ref idref="fl-d7"/>
      </object_component>
      <object_component id="oc-41">
         <name>.debug_info</name>
         <load_address>0x18783</load_address>
         <run_address>0x18783</run_address>
         <size>0x111</size>
         <input_file_ref idref="fl-d8"/>
      </object_component>
      <object_component id="oc-4d">
         <name>.debug_info</name>
         <load_address>0x18894</load_address>
         <run_address>0x18894</run_address>
         <size>0x13f</size>
         <input_file_ref idref="fl-d9"/>
      </object_component>
      <object_component id="oc-5a">
         <name>.debug_info</name>
         <load_address>0x189d3</load_address>
         <run_address>0x189d3</run_address>
         <size>0x138</size>
         <input_file_ref idref="fl-da"/>
      </object_component>
      <object_component id="oc-356">
         <name>.debug_info</name>
         <load_address>0x18b0b</load_address>
         <run_address>0x18b0b</run_address>
         <size>0x3f7</size>
         <input_file_ref idref="fl-db"/>
      </object_component>
      <object_component id="oc-25b">
         <name>.debug_info</name>
         <load_address>0x18f02</load_address>
         <run_address>0x18f02</run_address>
         <size>0x23a</size>
         <input_file_ref idref="fl-db"/>
      </object_component>
      <object_component id="oc-3d7">
         <name>.debug_info</name>
         <load_address>0x1913c</load_address>
         <run_address>0x1913c</run_address>
         <size>0x120</size>
         <input_file_ref idref="fl-db"/>
      </object_component>
      <object_component id="oc-5d">
         <name>.debug_info</name>
         <load_address>0x1925c</load_address>
         <run_address>0x1925c</run_address>
         <size>0x148</size>
         <input_file_ref idref="fl-dc"/>
      </object_component>
      <object_component id="oc-1dd">
         <name>.debug_info</name>
[...]
         <name>__aeabi_memcpy4</name>
         <value>0x58d1</value>
         <object_component_ref idref="oc-3e"/>
      </symbol>
      <symbol id="sm-714">
         <name>__aeabi_memset</name>
         <value>0x5c27</value>
         <object_component_ref idref="oc-4a"/>
      </symbol>
      <symbol id="sm-715">
         <name>memset</name>
         <value>0x5c2d</value>
         <object_component_ref idref="oc-4a"/>
      </symbol>
      <symbol id="sm-716">
         <name>__aeabi_memset8</name>
         <value>0x5c27</value>
         <object_component_ref idref="oc-4a"/>
      </symbol>
      <symbol id="sm-717">
         <name>__aeabi_memset4</name>
         <value>0x5c27</value>
         <object_component_ref idref="oc-4a"/>
      </symbol>
      <symbol id="sm-718">
         <name>__aeabi_memclr8</name>
         <value>0x5c25</value>
         <object_component_ref idref="oc-4a"/>
      </symbol>
      <symbol id="sm-719">
         <name>__aeabi_memclr4</name>
         <value>0x5c25</value>
         <object_component_ref idref="oc-4a"/>
      </symbol>
      <symbol id="sm-71a">
         <name>__aeabi_memclr</name>
         <value>0x5c25</value>
         <object_component_ref idref="oc-4a"/>
      </symbol>
      <symbol id="sm-724">
         <name>__mpu_init</name>
         <value>0x1223</value>
         <object_component_ref idref="oc-56"/>
      </symbol>
      <symbol id="sm-746">
         <name>open</name>
         <value>0x5609</value>
         <object_component_ref idref="oc-258"/>
      </symbol>
      <symbol id="sm-750">
         <name>_system_pre_init</name>
         <value>0x66e5</value>
         <object_component_ref idref="oc-5c"/>
      </symbol>
      <symbol id="sm-769">
         <name>printf</name>
         <value>0x5e01</value>
         <object_component_ref idref="oc-ef"/>
      </symbol>
      <symbol id="sm-78a">
         <name>setvbuf</name>
         <value>0x5465</value>
         <object_component_ref idref="oc-1bb"/>
      </symbol>
      <symbol id="sm-792">
         <name>main_func_sp</name>
         <value>0x20003acc</value>
         <object_component_ref idref="oc-74"/>
      </symbol>
      <symbol id="sm-7a2">
         <name>strchr</name>
         <value>0x6655</value>
         <object_component_ref idref="oc-2d7"/>
      </symbol>
      <symbol id="sm-7b1">
         <name>strcmp</name>
         <value>0x663d</value>
         <object_component_ref idref="oc-313"/>
      </symbol>
      <symbol id="sm-7c1">
         <name>strncpy</name>
         <value>0x64e5</value>
         <object_component_ref idref="oc-24c"/>
      </symbol>
      <symbol id="sm-7dd">
         <name>_stream</name>
         <value>0x200039d0</value>
         <object_component_ref idref="oc-352"/>
      </symbol>
      <symbol id="sm-7de">
         <name>_device</name>
         <value>0x20003958</value>
         <object_component_ref idref="oc-253"/>
      </symbol>
      <symbol id="sm-7df">
         <name>write</name>
         <value>0x659d</value>
         <object_component_ref idref="oc-287"/>
      </symbol>
      <symbol id="sm-7f8">
         <name>_nop</name>
         <value>0x667b</value>
         <object_component_ref idref="oc-18a"/>
      </symbol>
      <symbol id="sm-7f9">
         <name>_lock</name>
         <value>0x20003aac</value>
         <object_component_ref idref="oc-c8"/>
      </symbol>
      <symbol id="sm-7fa">
         <name>_unlock</name>
         <value>0x20003ab0</value>
         <object_component_ref idref="oc-c8"/>
      </symbol>
      <symbol id="sm-7fb">
         <name>_register_lock</name>
         <value>0x6673</value>
         <object_component_ref idref="oc-18a"/>
      </symbol>
      <symbol id="sm-7fc">
         <name>_register_unlock</name>
         <value>0x666d</value>
         <object_component_ref idref="oc-18a"/>
      </symbol>
      <symbol id="sm-8fd">
         <name>__TI_printfi</name>
         <value>0x929</value>
         <object_component_ref idref="oc-1d6"/>
      </symbol>
      <symbol id="sm-911">
         <name>_args_main</name>
         <value>0x6625</value>
         <object_component_ref idref="oc-68"/>
      </symbol>
      <symbol id="sm-927">
         <name>atoi</name>
         <value>0x633d</value>
         <object_component_ref idref="oc-2dd"/>
      </symbol>
      <symbol id="sm-951">
         <name>__TI_auto_init</name>
         <value>0x5d19</value>
         <object_component_ref idref="oc-62"/>
      </symbol>
      <symbol id="sm-96b">
         <name>copy_in</name>
         <value>0x6389</value>
         <object_component_ref idref="oc-b5"/>
      </symbol>
      <symbol id="sm-976">
         <name>_ctypes_</name>
         <value>0x68c8</value>
         <object_component_ref idref="oc-3a3"/>
      </symbol>
      <symbol id="sm-98c">
         <name>__TI_closefile</name>
         <value>0x596d</value>
         <object_component_ref idref="oc-25e"/>
      </symbol>
      <symbol id="sm-98d">
         <name>fclose</name>
         <value>0x59d3</value>
         <object_component_ref idref="oc-25e"/>
      </symbol>
      <symbol id="sm-9a4">
         <name>__aeabi_dsub</name>
         <value>0x492d</value>
         <object_component_ref idref="oc-2c6"/>
      </symbol>
      <symbol id="sm-9a5">
         <name>__aeabi_dadd</name>
         <value>0x4937</value>
         <object_component_ref idref="oc-2c6"/>
      </symbol>
      <symbol id="sm-9c7">
         <name>__aeabi_cdcmpeq</name>
         <value>0x5a9d</value>
         <object_component_ref idref="oc-2a2"/>
      </symbol>
      <symbol id="sm-9c8">
         <name>__aeabi_cdcmple</name>
         <value>0x5a9d</value>
         <object_component_ref idref="oc-2a2"/>
      </symbol>
      <symbol id="sm-9c9">
         <name>__aeabi_cdrcmple</name>
         <value>0x5b23</value>
         <object_component_ref idref="oc-2b1"/>
      </symbol>
      <symbol id="sm-9dd">
         <name>__aeabi_ddiv</name>
         <value>0x4dd9</value>
         <object_component_ref idref="oc-2ac"/>
      </symbol>
      <symbol id="sm-9e8">
         <name>__aeabi_dmul</name>
         <value>0x5179</value>
         <object_component_ref idref="oc-2a7"/>
      </symbol>
      <symbol id="sm-9f2">
         <name>__aeabi_d2iz</name>
         <value>0x63d5</value>
         <object_component_ref idref="oc-2b6"/>
      </symbol>
      <symbol id="sm-a0c">
         <name>__TI_doflush</name>
         <value>0x5541</value>
         <object_component_ref idref="oc-281"/>
      </symbol>
      <symbol id="sm-a0d">
         <name>fflush</name>
         <value>0x558d</value>
         <object_component_ref idref="oc-281"/>
      </symbol>
      <symbol id="sm-a24">
         <name>putc</name>
         <value>0x5a05</value>
         <object_component_ref idref="oc-1ca"/>
      </symbol>
      <symbol id="sm-a25">
         <name>fputc</name>
         <value>0x5a05</value>
         <object_component_ref idref="oc-1ca"/>
      </symbol>
      <symbol id="sm-a26">
         <name>putchar</name>
         <value>0x5a89</value>
         <object_component_ref idref="oc-1ca"/>
      </symbol>
      <symbol id="sm-a48">
         <name>puts</name>
         <value>0x5151</value>
         <object_component_ref idref="oc-1d0"/>
      </symbol>
      <symbol id="sm-a49">
         <name>fputs</name>
         <value>0x5045</value>
         <object_component_ref idref="oc-1d0"/>
      </symbol>
      <symbol id="sm-a5a">
         <name>HOSTclose</name>
         <value>0x641d</value>
         <object_component_ref idref="oc-323"/>
      </symbol>
      <symbol id="sm-a6b">
         <name>HOSTlseek</name>
         <value>0x5f3d</value>
         <object_component_ref idref="oc-335"/>
      </symbol>
      <symbol id="sm-a7d">
         <name>parmbuf</name>
         <value>0x200033e8</value>
      </symbol>
      <symbol id="sm-a7e">
         <name>HOSTopen</name>
         <value>0x60d5</value>
         <object_component_ref idref="oc-31d"/>
      </symbol>
      <symbol id="sm-a8f">
         <name>HOSTread</name>
         <value>0x6191</value>
         <object_component_ref idref="oc-329"/>
      </symbol>
      <symbol id="sm-aa0">
         <name>HOSTrename</name>
         <value>0x5e69</value>
         <object_component_ref idref="oc-341"/>
      </symbol>
      <symbol id="sm-ab1">
         <name>HOSTunlink</name>
         <value>0x6461</value>
         <object_component_ref idref="oc-33b"/>
      </symbol>
      <symbol id="sm-ac2">
         <name>HOSTwrite</name>
         <value>0x61e9</value>
         <object_component_ref idref="oc-32f"/>
      </symbol>
      <symbol id="sm-acc">
         <name>__aeabi_i2d</name>
         <value>0x651b</value>
         <object_component_ref idref="oc-2c1"/>
      </symbol>
      <symbol id="sm-adb">
         <name>ltoa</name>
         <value>0x62e9</value>
         <object_component_ref idref="oc-2bb"/>
      </symbol>
      <symbol id="sm-aeb">
         <name>memccpy</name>
         <value>0x6609</value>
         <object_component_ref idref="oc-2e3"/>
      </symbol>
      <symbol id="sm-afb">
         <name>memchr</name>
         <value>0x65e9</value>
         <object_component_ref idref="oc-295"/>
      </symbol>
      <symbol id="sm-b6a">
         <name>_sys_memory</name>
         <value>0x20003468</value>
         <object_component_ref idref="oc-30"/>
      </symbol>
      <symbol id="sm-b6b">
         <name>free</name>
         <value>0x3383</value>
         <object_component_ref idref="oc-26a"/>
      </symbol>
      <symbol id="sm-b6c">
         <name>realloc</name>
         <value>0x3445</value>
         <object_component_ref idref="oc-26a"/>
      </symbol>
      <symbol id="sm-b6d">
         <name>memalign</name>
         <value>0x354d</value>
         <object_component_ref idref="oc-26a"/>
      </symbol>
      <symbol id="sm-b6e">
         <name>calloc</name>
         <value>0x3639</value>
         <object_component_ref idref="oc-26a"/>
      </symbol>
      <symbol id="sm-b6f">
         <name>malloc</name>
         <value>0x3319</value>
         <object_component_ref idref="oc-26a"/>
      </symbol>
      <symbol id="sm-b70">
         <name>minit</name>
         <value>0x3299</value>
         <object_component_ref idref="oc-26a"/>
      </symbol>
      <symbol id="sm-b8c">
         <name>frexpl</name>
         <value>0x6071</value>
         <object_component_ref idref="oc-2cb"/>
      </symbol>
      <symbol id="sm-b8d">
         <name>frexp</name>
         <value>0x6071</value>
         <object_component_ref idref="oc-2cb"/>
      </symbol>
      <symbol id="sm-baa">
         <name>scalbn</name>
         <value>0x5275</value>
         <object_component_ref idref="oc-2d1"/>
      </symbol>
      <symbol id="sm-bab">
         <name>scalbnl</name>
         <value>0x5275</value>
         <object_component_ref idref="oc-2d1"/>
      </symbol>
      <symbol id="sm-bac">
         <name>ldexpl</name>
         <value>0x5275</value>
         <object_component_ref idref="oc-2d1"/>
      </symbol>
      <symbol id="sm-bad">
         <name>ldexp</name>
         <value>0x5275</value>
         <object_component_ref idref="oc-2d1"/>
      </symbol>
      <symbol id="sm-bb7">
         <name>_system_post_cinit</name>
         <value>0x4ae3</value>
         <object_component_ref idref="oc-bb"/>
      </symbol>
      <symbol id="sm-bc5">
         <name>strcpy</name>
         <value>0x6695</value>
         <object_component_ref idref="oc-3cd"/>
      </symbol>
      <symbol id="sm-bd3">
         <name>strlen</name>
         <value>0x66a9</value>
         <object_component_ref idref="oc-28f"/>
      </symbol>
      <symbol id="sm-bee">
         <name>__TI_readmsg</name>
         <value>0x5fd7</value>
         <object_component_ref idref="oc-3b9"/>
      </symbol>
      <symbol id="sm-bef">
         <name>C$$IO$$</name>
         <value>0x5fd3</value>
         <object_component_ref idref="oc-3b9"/>
      </symbol>
      <symbol id="sm-bf0">
         <name>__CIOBUF_</name>
         <value>0x200031f8</value>
         <object_component_ref idref="oc-40c"/>
      </symbol>
      <symbol id="sm-bf1">
         <name>__TI_writemsg</name>
         <value>0x5fa5</value>
         <object_component_ref idref="oc-3b9"/>
      </symbol>
      <symbol id="sm-c0d">
         <name>__aeabi_uldivmod</name>
         <value>0x41ad</value>
         <object_component_ref idref="oc-29d"/>
      </symbol>
      <symbol id="sm-c1d">
         <name>unlink</name>
         <value>0x6549</value>
         <object_component_ref idref="oc-35d"/>
      </symbol>
      <symbol id="sm-c36">
         <name>__TI_wrt_ok</name>
         <value>0x577d</value>
         <object_component_ref idref="oc-27b"/>
      </symbol>
      <symbol id="sm-c37">
         <name>__TI_rd_ok</name>
         <value>0x57df</value>
         <object_component_ref idref="oc-27b"/>
      </symbol>
      <symbol id="sm-c4b">
         <name>close</name>
         <value>0x6135</value>
         <object_component_ref idref="oc-357"/>
      </symbol>
      <symbol id="sm-c53">
         <name>errno</name>
         <value>0x20003ac0</value>
         <object_component_ref idref="oc-39c"/>
      </symbol>
      <symbol id="sm-c65">
         <name>fseek</name>
         <value>0x600d</value>
         <object_component_ref idref="oc-372"/>
      </symbol>
      <symbol id="sm-c75">
         <name>lseek</name>
         <value>0x6575</value>
         <object_component_ref idref="oc-3e8"/>
      </symbol>
      <symbol id="sm-c7f">
         <name>copysign</name>
         <value>0x6681</value>
         <object_component_ref idref="oc-396"/>
      </symbol>
      <symbol id="sm-c80">
         <name>copysignl</name>
         <value>0x6681</value>
         <object_component_ref idref="oc-396"/>
      </symbol>
      <symbol id="sm-c81">
         <name>__TI_static_base__</name>
         <value>0x0</value>
      </symbol>
      <symbol id="sm-c84">
         <name>SHT$$INIT_ARRAY$$Limit</name>
         <value>0x0</value>
      </symbol>
      <symbol id="sm-c85">
         <name>SHT$$INIT_ARRAY$$Base</name>
         <value>0x0</value>
      </symbol>
      <symbol id="sm-c86">
         <name>NMI_Handler</name>
         <value>0x66d7</value>
      </symbol>
      <symbol id="sm-c87">
         <name>HardFault_Handler</name>
         <value>0x66d7</value>
      </symbol>
      <symbol id="sm-c88">
         <name>MemManage_Handler</name>
         <value>0x66d7</value>
      </symbol>
      <symbol id="sm-c89">
         <name>BusFault_Handler</name>
         <value>0x66d7</value>
      </symbol>
      <symbol id="sm-c8a">
         <name>UsageFault_Handler</name>
         <value>0x66d7</value>
      </symbol>
      <symbol id="sm-c8b">
         <name>SVC_Handler</name>
         <value>0x66d7</value>
      </symbol>
      <symbol id="sm-c8c">
         <name>DebugMon_Handler</name>
         <value>0x66d7</value>
      </symbol>
      <symbol id="sm-c8d">
         <name>PendSV_Handler</name>
         <value>0x66d7</value>
      </symbol>
      <symbol id="sm-c8e">
         <name>SysTick_Handler</name>
         <value>0x1323</value>
      </symbol>
      <symbol id="sm-c8f">
         <name>PSS_IRQHandler</name>
         <value>0x66d7</value>
      </symbol>
      <symbol id="sm-c90">
         <name>CS_IRQHandler</name>
         <value>0x66d7</value>
      </symbol>
      <symbol id="sm-c91">
         <name>PCM_IRQHandler</name>
         <value>0x66d7</value>
      </symbol>
      <symbol id="sm-c92">
         <name>WDT_A_IRQHandler</name>
         <value>0x66d7</value>
      </symbol>
      <symbol id="sm-c93">
         <name>FPU_IRQHandler</name>
         <value>0x66d7</value>
      </symbol>
      <symbol id="sm-c94">
         <name>FLCTL_IRQHandler</name>
         <value>0x66d7</value>
      </symbol>
      <symbol id="sm-c95">
         <name>COMP_E0_IRQHandler</name>
         <value>0x66d7</value>
      </symbol>
      <symbol id="sm-c96">
         <name>COMP_E1_IRQHandler</name>
         <value>0x66d7</value>
      </symbol>
      <symbol id="sm-c97">
         <name>TA0_0_IRQHandler</name>
         <value>0x66d7</value>
      </symbol>
      <symbol id="sm-c98">
         <name>TA0_N_IRQHandler</name>
         <value>0x66d7</value>
      </symbol>
      <symbol id="sm-c99">
         <name>TA1_0_IRQHandler</name>
         <value>0x589b</value>
      </symbol>
      <symbol id="sm-c9a">
         <name>TA1_N_IRQHandler</name>
         <value>0x66d7</value>
      </symbol>
      <symbol id="sm-c9b">
         <name>TA2_0_IRQHandler</name>
         <value>0x66d7</value>
      </symbol>
      <symbol id="sm-c9c">
         <name>TA2_N_IRQHandler</name>
         <value>0x66d7</value>
      </symbol>
      <symbol id="sm-c9d">
         <name>TA3_0_IRQHandler</name>
         <value>0x4fcf</value>
      </symbol>
      <symbol id="sm-c9e">
         <name>TA3_N_IRQHandler</name>
         <value>0x4fe9</value>
      </symbol>
      <symbol id="sm-c9f">
         <name>EUSCIA0_IRQHandler</name>
         <value>0x66d7</value>
      </symbol>
      <symbol id="sm-ca0">
         <name>EUSCIA1_IRQHandler</name>
         <value>0x66d7</value>
      </symbol>
      <symbol id="sm-ca1">
         <name>EUSCIA2_IRQHandler</name>
         <value>0x66d7</value>
      </symbol>
      <symbol id="sm-ca2">
         <name>EUSCIA3_IRQHandler</name>
         <value>0x66d7</value>
      </symbol>
      <symbol id="sm-ca3">
         <name>EUSCIB0_IRQHandler</name>
         <value>0x66d7</value>
      </symbol>
      <symbol id="sm-ca4">
         <name>EUSCIB1_IRQHandler</name>
         <value>0x66d7</value>
      </symbol>
      <symbol id="sm-ca5">
         <name>EUSCIB2_IRQHandler</name>
         <value>0x66d7</value>
      </symbol>
      <symbol id="sm-ca6">
         <name>EUSCIB3_IRQHandler</name>
         <value>0x66d7</value>
      </symbol>
      <symbol id="sm-ca7">
         <name>ADC14_IRQHandler</name>
         <value>0x66d7</value>
      </symbol>
      <symbol id="sm-ca8">
         <name>T32_INT1_IRQHandler</name>
         <value>0x2e45</value>
      </symbol>
      <symbol id="sm-ca9">
         <name>T32_INT2_IRQHandler</name>
         <value>0x66d7</value>
      </symbol>
      <symbol id="sm-caa">
         <name>T32_INTC_IRQHandler</name>
         <value>0x66d7</value>
      </symbol>
      <symbol id="sm-cab">
         <name>AES256_IRQHandler</name>
         <value>0x66d7</value>
      </symbol>
      <symbol id="sm-cac">
         <name>RTC_C_IRQHandler</name>
         <value>0x66d7</value>
      </symbol>
      <symbol id="sm-cad">
         <name>DMA_ERR_IRQHandler</name>
         <value>0x66d7</value>
      </symbol>
      <symbol id="sm-cae">
         <name>DMA_INT3_IRQHandler</name>
         <value>0x66d7</value>
      </symbol>
      <symbol id="sm-caf">
         <name>DMA_INT2_IRQHandler</name>
         <value>0x66d7</value>
      </symbol>
      <symbol id="sm-cb0">
         <name>DMA_INT1_IRQHandler</name>
         <value>0x66d7</value>
      </symbol>
      <symbol id="sm-cb1">
         <name>DMA_INT0_IRQHandler</name>
         <value>0x66d7</value>
      </symbol>
      <symbol id="sm-cb2">
         <name>PORT1_IRQHandler</name>
         <value>0x66d7</value>
      </symbol>
      <symbol id="sm-cb3">
         <name>PORT2_IRQHandler</name>
         <value>0x66d7</value>
      </symbol>
      <symbol id="sm-cb4">
         <name>PORT3_IRQHandler</name>
         <value>0x66d7</value>
      </symbol>
      <symbol id="sm-cb5">
         <name>PORT4_IRQHandler</name>
         <value>0x66d7</value>
      </symbol>
      <symbol id="sm-cb6">
         <name>PORT5_IRQHandler</name>
         <value>0x66d7</value>
      </symbol>
      <symbol id="sm-cb7">
         <name>PORT6_IRQHandler</name>
         <value>0x66d7</value>
      </symbol>
      <symbol id="sm-cb8">
         <name>remove</name>
         <value>0x6549</value>
      </symbol>
   </symbol_table>
   <title>Link successful</title>
</link_info>
