******************************************************************************
                  TI ARM Linker PC v16.9.6                     
******************************************************************************
>> Linked Wed Aug 24 13:44:07 2022

OUTPUT FILE NAME:   <Lab1ref_InputOutput.out>
ENTRY POINT SYMBOL: "_c_int00"  address: 000004c5


MEMORY CONFIGURATION

         name            origin    length      used     unused   attr    fill
----------------------  --------  ---------  --------  --------  ----  --------
  MAIN                  00000000   00040000  00000630  0003f9d0  R  X
  INFO                  00200000   00004000  00000000  00004000  R  X
  SRAM_CODE             01000000   00010000  0000021c  0000fde4  RW X
  SRAM_DATA             20000000   00010000  0000021c  0000fde4  RW  


SEGMENT ALLOCATION MAP

run origin  load origin   length   init length attrs members
----------  ----------- ---------- ----------- ----- -------
00000000    00000000    00000630   00000630    r-x
  00000000    00000000    000000e4   000000e4    r-- .intvecs
  000000e4    000000e4    00000524   00000524    r-x .text
  00000608    00000608    00000028   00000028    r-- .cinit
20000000    20000000    0000001c   00000000    rw-
  20000000    20000000    0000001c   00000000    rw- .data
2000fe00    2000fe00    00000200   00000000    rw-
  2000fe00    2000fe00    00000200   00000000    rw- .stack


SECTION ALLOCATION MAP

 output                                  attributes/
section   page    origin      length       input sections
--------  ----  ----------  ----------   ----------------
.intvecs   0    00000000    000000e4     
                  00000000    000000e4     startup_msp432p401r_ccs.obj (.intvecs:retain)

.binit     0    00000000    00000000     

.text      0    000000e4    00000524     
                  000000e4    000001e4     system_msp432p401r.obj (.text)
                  000002c8    0000009c     rtsv7M4_T_le_v4SPD16_eabi.lib : memcpy_t2.obj (.text)
                  00000364    00000088     InputOutput.obj (.text)
                  000003ec    00000070     rtsv7M4_T_le_v4SPD16_eabi.lib : autoinit.obj (.text)
                  0000045c    00000068                                   : copy_decompress_lzss.obj (.text:decompress:lzss)
                  000004c4    00000054                                   : boot.obj (.text)
                  00000518    00000054                                   : exit.obj (.text)
                  0000056c    0000004c                                   : cpy_tbl.obj (.text)
                  000005b8    00000018                                   : args_main.obj (.text)
                  000005d0    00000014                                   : _lock.obj (.text)
                  000005e4    0000000e                                   : copy_decompress_none.obj (.text:decompress:none)
                  000005f2    0000000e     startup_msp432p401r_ccs.obj (.text)
                  00000600    00000004     rtsv7M4_T_le_v4SPD16_eabi.lib : pre_init.obj (.text)
                  00000604    00000002                                   : mpu_init.obj (.text)
                  00000606    00000002                                   : startup.obj (.text)

.cinit     0    00000608    00000028     
                  00000608    00000015     (.cinit..data.load) [load image, compression = lzss]
                  0000061d    00000003     --HOLE-- [fill = 0]
                  00000620    00000008     (__TI_handler_table)
                  00000628    00000008     (__TI_cinit_table)

.init_array 
*          0    00000000    00000000     UNINITIALIZED

.data      0    20000000    0000001c     UNINITIALIZED
                  20000000    0000000c     rtsv7M4_T_le_v4SPD16_eabi.lib : exit.obj (.data:$O1$$)
                  2000000c    00000008                                   : _lock.obj (.data:$O1$$)
                  20000014    00000004                                   : stkdepth_vars.obj (.data)
                  20000018    00000004     system_msp432p401r.obj (.data)

.stack     0    2000fe00    00000200     UNINITIALIZED
                  2000fe00    00000200     --HOLE--

MODULE SUMMARY

       Module                        code   ro data   rw data
       ------                        ----   -------   -------
    .\
       system_msp432p401r.obj        484    0         8      
       startup_msp432p401r_ccs.obj   14     228       0      
       InputOutput.obj               136    0         0      
    +--+-----------------------------+------+---------+---------+
       Total:                        634    228       8      
                                                             
    C:\ti\ccsv7\tools\compiler\ti-cgt-arm_16.9.6.LTS\lib\rtsv7M4_T_le_v4SPD16_eabi.lib
       memcpy_t2.obj                 156    0         0      
       autoinit.obj                  112    0         0      
       exit.obj                      84     0         24     
       copy_decompress_lzss.obj      104    0         0      
       boot.obj                      84     0         0      
       cpy_tbl.obj                   76     0         0      
       _lock.obj                     20     0         16     
       args_main.obj                 24     0         0      
       copy_decompress_none.obj      14     0         0      
       stkdepth_vars.obj             0      0         8      
       pre_init.obj                  4      0         0      
       mpu_init.obj                  2      0         0      
       startup.obj                   2      0         0      
    +--+-----------------------------+------+---------+---------+
       Total:                        682    0         48     
                                                             
       Stack:                        0      0         1024   
       Linker Generated:             0      37        0      
    +--+-----------------------------+------+---------+---------+
       Grand Total:                  1316   265       1080   


LINKER GENERATED COPY TABLES

__TI_cinit_table @ 00000628 records: 1, size/record: 8, table size: 8
	.data: load addr=00000608, load size=00000015 bytes, run addr=20000000, run size=0000001c bytes, compression=lzss


LINKER GENERATED HANDLER TABLE

__TI_handler_table @ 00000620 records: 2, size/record: 4, table size: 8
	index: 0, handler: __TI_decompress_lzss
	index: 1, handler: __TI_decompress_none


GLOBAL SYMBOLS: SORTED ALPHABETICALLY BY Name 

address   name                           
-------   ----                           
000005ff  ADC14_IRQHandler               
000005ff  AES256_IRQHandler              
000005ff  BusFault_Handler               
00000519  C$$EXIT                        
000005ff  COMP_E0_IRQHandler             
000005ff  COMP_E1_IRQHandler             
000005ff  CS_IRQHandler                  
000005ff  DMA_ERR_IRQHandler             
000005ff  DMA_INT0_IRQHandler            
000005ff  DMA_INT1_IRQHandler            
000005ff  DMA_INT2_IRQHandler            
000005ff  DMA_INT3_IRQHandler            
000005ff  DebugMon_Handler               
000005ff  Default_Handler                
000005ff  EUSCIA0_IRQHandler             
000005ff  EUSCIA1_IRQHandler             
000005ff  EUSCIA2_IRQHandler             
000005ff  EUSCIA3_IRQHandler             
000005ff  EUSCIB0_IRQHandler             
000005ff  EUSCIB1_IRQHandler             
000005ff  EUSCIB2_IRQHandler             
000005ff  EUSCIB3_IRQHandler             
000005ff  FLCTL_IRQHandler               
000005ff  FPU_IRQHandler                 
000005ff  HardFault_Handler              
000005ff  MemManage_Handler              
000005ff  NMI_Handler                    
000005ff  PCM_IRQHandler                 
000005ff  PORT1_IRQHandler               
000005ff  PORT2_IRQHandler               
000005ff  PORT3_IRQHandler               
000005ff  PORT4_IRQHandler               
000005ff  PORT5_IRQHandler               
000005ff  PORT6_IRQHandler               
000005ff  PSS_IRQHandler                 
000005ff  PendSV_Handler                 
00000365  Port1_Init                     
0000038b  Port1_Input                    
0000039d  Port1_Output                   
00000379  Port2_Init                     
00000395  Port2_Output                   
000005ff  RTC_C_IRQHandler               
000005f3  Reset_Handler                  
UNDEFED   SHT$$INIT_ARRAY$$Base          
UNDEFED   SHT$$INIT_ARRAY$$Limit         
000005ff  SVC_Handler                    
000005ff  SysTick_Handler                
20000018  SystemCoreClock                
0000013b  SystemCoreClockUpdate          
000000e5  SystemInit                     
000005ff  T32_INT1_IRQHandler            
000005ff  T32_INT2_IRQHandler            
000005ff  T32_INTC_IRQHandler            
000005ff  TA0_0_IRQHandler               
000005ff  TA0_N_IRQHandler               
000005ff  TA1_0_IRQHandler               
000005ff  TA1_N_IRQHandler               
000005ff  TA2_0_IRQHandler               
000005ff  TA2_N_IRQHandler               
000005ff  TA3_0_IRQHandler               
000005ff  TA3_N_IRQHandler               
000005ff  UsageFault_Handler             
4000480c  WDTCTL_SYM                     
000005ff  WDT_A_IRQHandler               
20010000  __STACK_END                    
00000200  __STACK_SIZE                   
00000628  __TI_CINIT_Base                
00000630  __TI_CINIT_Limit               
00000620  __TI_Handler_Table_Base        
00000628  __TI_Handler_Table_Limit       
000003ed  __TI_auto_init                 
20000000  __TI_cleanup_ptr               
0000045d  __TI_decompress_lzss           
000005e5  __TI_decompress_none           
20000004  __TI_dtors_ptr                 
20000008  __TI_enable_exit_profile_output
ffffffff  __TI_pprof_out_hndl            
ffffffff  __TI_prof_data_size            
ffffffff  __TI_prof_data_start           
00000000  __TI_static_base__             
000002c9  __aeabi_memcpy                 
000002c9  __aeabi_memcpy4                
000002c9  __aeabi_memcpy8                
ffffffff  __binit__                      
ffffffff  __c_args__                     
00000605  __mpu_init                     
2000fe00  __stack                        
000005b9  _args_main                     
000004c5  _c_int00                       
2000000c  _lock                          
000005df  _nop                           
000005d7  _register_lock                 
000005d1  _register_unlock               
00000607  _system_post_cinit             
00000601  _system_pre_init               
20000010  _unlock                        
0000051d  abort                          
ffffffff  binit                          
0000056d  copy_in                        
00000525  exit                           
00000000  interruptVectors               
000003ab  main                           
20000014  main_func_sp                   
000002c9  memcpy                         


GLOBAL SYMBOLS: SORTED BY Symbol Address 

address   name                           
-------   ----                           
00000000  __TI_static_base__             
00000000  interruptVectors               
000000e5  SystemInit                     
0000013b  SystemCoreClockUpdate          
00000200  __STACK_SIZE                   
000002c9  __aeabi_memcpy                 
000002c9  __aeabi_memcpy4                
000002c9  __aeabi_memcpy8                
000002c9  memcpy                         
00000365  Port1_Init                     
00000379  Port2_Init                     
0000038b  Port1_Input                    
00000395  Port2_Output                   
0000039d  Port1_Output                   
000003ab  main                           
000003ed  __TI_auto_init                 
0000045d  __TI_decompress_lzss           
000004c5  _c_int00                       
00000519  C$$EXIT                        
0000051d  abort                          
00000525  exit                           
0000056d  copy_in                        
000005b9  _args_main                     
000005d1  _register_unlock               
000005d7  _register_lock                 
000005df  _nop                           
000005e5  __TI_decompress_none           
000005f3  Reset_Handler                  
000005ff  ADC14_IRQHandler               
000005ff  AES256_IRQHandler              
000005ff  BusFault_Handler               
000005ff  COMP_E0_IRQHandler             
000005ff  COMP_E1_IRQHandler             
000005ff  CS_IRQHandler                  
000005ff  DMA_ERR_IRQHandler             
000005ff  DMA_INT0_IRQHandler            
000005ff  DMA_INT1_IRQHandler            
000005ff  DMA_INT2_IRQHandler            
000005ff  DMA_INT3_IRQHandler            
000005ff  DebugMon_Handler               
000005ff  Default_Handler                
000005ff  EUSCIA0_IRQHandler             
000005ff  EUSCIA1_IRQHandler             
000005ff  EUSCIA2_IRQHandler             
000005ff  EUSCIA3_IRQHandler             
000005ff  EUSCIB0_IRQHandler             
000005ff  EUSCIB1_IRQHandler             
000005ff  EUSCIB2_IRQHandler             
000005ff  EUSCIB3_IRQHandler             
000005ff  FLCTL_IRQHandler               
000005ff  FPU_IRQHandler                 
000005ff  HardFault_Handler              
000005ff  MemManage_Handler              
000005ff  NMI_Handler                    
000005ff  PCM_IRQHandler                 
000005ff  PORT1_IRQHandler               
000005ff  PORT2_IRQHandler               
000005ff  PORT3_IRQHandler               
000005ff  PORT4_IRQHandler               
000005ff  PORT5_IRQHandler               
000005ff  PORT6_IRQHandler               
000005ff  PSS_IRQHandler                 
000005ff  PendSV_Handler                 
000005ff  RTC_C_IRQHandler               
000005ff  SVC_Handler                    
000005ff  SysTick_Handler                
000005ff  T32_INT1_IRQHandler            
000005ff  T32_INT2_IRQHandler            
000005ff  T32_INTC_IRQHandler            
000005ff  TA0_0_IRQHandler               
000005ff  TA0_N_IRQHandler               
000005ff  TA1_0_IRQHandler               
000005ff  TA1_N_IRQHandler               
000005ff  TA2_0_IRQHandler               
000005ff  TA2_N_IRQHandler               
000005ff  TA3_0_IRQHandler               
000005ff  TA3_N_IRQHandler               
000005ff  UsageFault_Handler             
000005ff  WDT_A_IRQHandler               
00000601  _system_pre_init               
00000605  __mpu_init                     
00000607  _system_post_cinit             
00000620  __TI_Handler_Table_Base        
00000628  __TI_CINIT_Base                
00000628  __TI_Handler_Table_Limit       
00000630  __TI_CINIT_Limit               
20000000  __TI_cleanup_ptr               
20000004  __TI_dtors_ptr                 
20000008  __TI_enable_exit_profile_output
2000000c  _lock                          
20000010  _unlock                        
20000014  main_func_sp                   
20000018  SystemCoreClock                
2000fe00  __stack                        
20010000  __STACK_END                    
4000480c  WDTCTL_SYM                     
ffffffff  __TI_pprof_out_hndl            
ffffffff  __TI_prof_data_size            
ffffffff  __TI_prof_data_start           
ffffffff  __binit__                      
ffffffff  __c_args__                     
ffffffff  binit                          
UNDEFED   SHT$$INIT_ARRAY$$Base          
UNDEFED   SHT$$INIT_ARRAY$$Limit         

[104 symbols]
