******************************************************************************
                  TI ARM Linker PC v16.9.6                     
******************************************************************************
>> Linked Thu Oct 20 16:05:22 2022

OUTPUT FILE NAME:   <Lab5_UARTComms.out>
ENTRY POINT SYMBOL: "_c_int00"  address: 00004085


MEMORY CONFIGURATION

         name            origin    length      used     unused   attr    fill
----------------------  --------  ---------  --------  --------  ----  --------
  MAIN                  00000000   00040000  000044a0  0003bb60  R  X
  INFO                  00200000   00004000  00000000  00004000  R  X
  SRAM_CODE             01000000   00010000  00003d52  0000c2ae  RW X
  SRAM_DATA             20000000   00010000  00003d52  0000c2ae  RW  


SEGMENT ALLOCATION MAP

run origin  load origin   length   init length attrs members
----------  ----------- ---------- ----------- ----- -------
00000000    00000000    000044a0   000044a0    r-x
  00000000    00000000    000000e4   000000e4    r-- .intvecs
  000000e4    000000e4    000042ec   000042ec    r-x .text
  000043d0    000043d0    00000028   00000028    r-- .const
  000043f8    000043f8    000000a8   000000a8    r-- .cinit
20000000    20000000    00003b54   00000000    rw-
  20000000    20000000    00003526   00000000    rw- .bss
  20003528    20003528    00000400   00000000    rw- .sysmem
  20003928    20003928    0000022c   00000000    rw- .data
2000fe00    2000fe00    00000200   00000000    rw-
  2000fe00    2000fe00    00000200   00000000    rw- .stack


SECTION ALLOCATION MAP

 output                                  attributes/
section   page    origin      length       input sections
--------  ----  ----------  ----------   ----------------
.intvecs   0    00000000    000000e4     
                  00000000    000000e4     startup_msp432p401r_ccs.obj (.intvecs:retain)

.binit     0    00000000    00000000     

.text      0    000000e4    000042ec     
                  000000e4    00000e00     Lab5_UARTmain.obj (.text)
                  00000ee4    000006bc     UART0.obj (.text)
                  000015a0    000005ba     EUSCIA0.obj (.text)
                  00001b5a    00000002     rtsv7M4_T_le_v4SPD16_eabi.lib : mpu_init.obj (.text)
                  00001b5c    000003d0                                   : memory.obj (.text)
                  00001f2c    0000032c     system_msp432p401r.obj (.text)
                  00002258    00000248     LPF.obj (.text)
                  000024a0    00000248     Reflectance.obj (.text)
                  000026e8    00000210     FIFO0.obj (.text)
                  000028f8    000001e0     Clock.obj (.text)
                  00002ad8    000001c4     rtsv7M4_T_le_v4SPD16_eabi.lib : fopen.obj (.text)
                  00002c9c    000001b6                                   : fd_add_t2.obj (.text)
                  00002e52    00000002                                   : startup.obj (.text)
                  00002e54    000001b0     Motor.obj (.text)
                  00003004    00000164     ADC14.obj (.text)
                  00003168    00000136     rtsv7M4_T_le_v4SPD16_eabi.lib : fd_div_t2.obj (.text)
                  0000329e    00000002     --HOLE-- [fill = 0]
                  000032a0    00000104     TA3InputCapture.obj (.text)
                  000033a4    000000f4     LaunchPad.obj (.text)
                  00003498    000000f0     BumpInt.obj (.text)
                  00003588    000000ec     PWM.obj (.text)
                  00003674    000000dc     rtsv7M4_T_le_v4SPD16_eabi.lib : setvbuf.obj (.text)
                  00003750    000000c8                                   : fflush.obj (.text)
                  00003818    000000bc                                   : open.obj (.text)
                  000038d4    000000b8                                   : add_device.obj (.text)
                  0000398c    000000b4     IRDistance.obj (.text)
                  00003a40    000000a8     TimerA1.obj (.text)
                  00003ae8    0000009c     rtsv7M4_T_le_v4SPD16_eabi.lib : memcpy_t2.obj (.text)
                  00003b84    00000098                                   : fclose.obj (.text)
                  00003c1c    0000007a                                   : memset_t2.obj (.text)
                  00003c96    00000002     --HOLE-- [fill = 0]
                  00003c98    00000070                                   : autoinit.obj (.text)
                  00003d08    00000070                                   : getdevice.obj (.text)
                  00003d78    00000068                                   : copy_decompress_lzss.obj (.text:decompress:lzss)
                  00003de0    00000068                                   : hostlseek.obj (.text)
                  00003e48    00000068                                   : hostrename.obj (.text)
                  00003eb0    00000068                                   : trgmsg.obj (.text)
                  00003f18    00000060                                   : hostopen.obj (.text)
                  00003f78    0000005c                                   : close.obj (.text)
                  00003fd4    00000058                                   : hostread.obj (.text)
                  0000402c    00000058                                   : hostwrite.obj (.text)
                  00004084    00000054                                   : boot.obj (.text)
                  000040d8    00000054                                   : exit.obj (.text)
                  0000412c    0000004c                                   : cpy_tbl.obj (.text)
                  00004178    00000044                                   : fd_tou_t2.obj (.text)
                  000041bc    00000044                                   : hostclose.obj (.text)
                  00004200    00000044                                   : hostunlink.obj (.text)
                  00004244    00000036                                   : strncpy.obj (.text)
                  0000427a    0000002e                                   : i_tofd_t2.obj (.text)
                  000042a8    0000002c                                   : unlink.obj (.text)
                  000042d4    00000028                                   : write.obj (.text)
                  000042fc    00000024     CortexM.obj (.text)
                  00004320    00000018     rtsv7M4_T_le_v4SPD16_eabi.lib : args_main.obj (.text)
                  00004338    00000018                                   : strcmp.obj (.text)
                  00004350    00000016                                   : strchr.obj (.text)
                  00004366    00000002     --HOLE-- [fill = 0]
                  00004368    00000014                                   : _lock.obj (.text)
                  0000437c    00000014                                   : strcpy.obj (.text)
                  00004390    00000014                                   : strlen.obj (.text)
                  000043a4    0000000e                                   : copy_decompress_none.obj (.text:decompress:none)
                  000043b2    0000000e     startup_msp432p401r_ccs.obj (.text)
                  000043c0    0000000c     rtsv7M4_T_le_v4SPD16_eabi.lib : copy_zero_init.obj (.text:decompress:ZI)
                  000043cc    00000004                                   : pre_init.obj (.text)

.const     0    000043d0    00000028     
                  000043d0    00000020     Reflectance.obj (.const:$P$T0$1)
                  000043f0    00000008     Reflectance.obj (.const:.string:$P$T1$2)

.cinit     0    000043f8    000000a8     
                  000043f8    0000007f     (.cinit..data.load) [load image, compression = lzss]
                  00004477    00000001     --HOLE-- [fill = 0]
                  00004478    0000000c     (__TI_handler_table)
                  00004484    00000004     --HOLE-- [fill = 0]
                  00004488    00000008     (.cinit..bss.load) [load image, compression = zero_init]
                  00004490    00000010     (__TI_cinit_table)

.init_array 
*          0    00000000    00000000     UNINITIALIZED

.bss       0    20000000    00003526     UNINITIALIZED
                  20000000    00001000     (.common:x)
                  20001000    00001000     (.common:x2)
                  20002000    00001000     (.common:x3)
                  20003000    00000200     (.common:TxHistogram)
                  20003200    00000120     rtsv7M4_T_le_v4SPD16_eabi.lib : trgmsg.obj (.bss:_CIOBUF_)
                  20003320    000000a0     (.common:__TI_tmpnams)
                  200033c0    00000082     (.common:RxFifo0)
                  20003442    00000082     (.common:TxFifo0)
                  200034c4    00000008     (.common:Messageb)
                  200034cc    00000008     (.common:Messagec)
                  200034d4    00000008     (.common:parmbuf)
                  200034dc    00000004     (.common:ADCflag)
                  200034e0    00000004     (.common:I1)
                  200034e4    00000004     (.common:I2)
                  200034e8    00000004     (.common:I3)
                  200034ec    00000004     (.common:LPFSum)
                  200034f0    00000004     (.common:LPFSum2)
                  200034f4    00000004     (.common:LPFSum3)
                  200034f8    00000004     (.common:Messageindexb)
                  200034fc    00000004     (.common:Messageindexc)
                  20003500    00000004     (.common:Port4Task)
                  20003504    00000004     (.common:Size)
                  20003508    00000004     (.common:Size2)
                  2000350c    00000004     (.common:Size3)
                  20003510    00000004     (.common:TimerA1Task)
                  20003514    00000004     (.common:nc)
                  20003518    00000004     (.common:nl)
                  2000351c    00000004     (.common:nr)
                  20003520    00000002     (.common:Period0)
                  20003522    00000002     (.common:Period2)
                  20003524    00000001     (.common:CollisionData)
                  20003525    00000001     (.common:CollisionFlag)

.sysmem    0    20003528    00000400     UNINITIALIZED
                  20003528    00000008     rtsv7M4_T_le_v4SPD16_eabi.lib : memory.obj (.sysmem)
                  20003530    000003f8     --HOLE--

.data      0    20003928    0000022c     UNINITIALIZED
                  20003928    000000f0     rtsv7M4_T_le_v4SPD16_eabi.lib : defs.obj (.data:_ftable)
                  20003a18    00000078                                   : write.obj (.data:_device)
                  20003a90    00000050                                   : write.obj (.data:_stream)
                  20003ae0    00000018     Clock.obj (.data)
                  20003af8    00000010     Lab5_UARTmain.obj (.data)
                  20003b08    00000010     rtsv7M4_T_le_v4SPD16_eabi.lib : defs.obj (.data)
                  20003b18    0000000c                                   : exit.obj (.data:$O1$$)
                  20003b24    0000000c                                   : memory.obj (.data:$O1$$)
                  20003b30    00000008                                   : _lock.obj (.data:$O1$$)
                  20003b38    00000008     TA3InputCapture.obj (.data)
                  20003b40    00000004     rtsv7M4_T_le_v4SPD16_eabi.lib : add_device.obj (.data)
                  20003b44    00000004                                   : fopen.obj (.data)
                  20003b48    00000004                                   : open.obj (.data)
                  20003b4c    00000004                                   : stkdepth_vars.obj (.data)
                  20003b50    00000004     system_msp432p401r.obj (.data)

.stack     0    2000fe00    00000200     UNINITIALIZED
                  2000fe00    00000200     --HOLE--

MODULE SUMMARY

       Module                        code    ro data   rw data
       ------                        ----    -------   -------
    .\
       LPF.obj                       584     0         24648  
       Lab5_UARTmain.obj             3584    0         76     
       FIFO0.obj                     528     0         1544   
       UART0.obj                     1724    0         24     
       EUSCIA0.obj                   1466    0         24     
       system_msp432p401r.obj        812     0         8      
       Reflectance.obj               584     40        0      
       Clock.obj                     480     0         48     
       Motor.obj                     432     0         0      
       ADC14.obj                     356     0         0      
       TA3InputCapture.obj           260     0         16     
       BumpInt.obj                   240     0         8      
       LaunchPad.obj                 244     0         0      
       startup_msp432p401r_ccs.obj   14      228       0      
       PWM.obj                       236     0         0      
       IRDistance.obj                180     0         0      
       TimerA1.obj                   168     0         8      
       CortexM.obj                   36      0         0      
    +--+-----------------------------+-------+---------+---------+
       Total:                        11928   268       26404  
                                                              
    C:\ti\ccsv7\tools\compiler\ti-cgt-arm_16.9.6.LTS\lib\rtsv7M4_T_le_v4SPD16_eabi.lib
       memory.obj                    976     0         24     
       defs.obj                      0       0         832    
       trgmsg.obj                    104     0         576    
       fopen.obj                     452     0         8      
       write.obj                     40      0         400    
       fd_add_t2.obj                 438     0         0      
       fd_div_t2.obj                 310     0         0      
       setvbuf.obj                   220     0         0      
       fflush.obj                    200     0         0      
       open.obj                      188     0         8      
       add_device.obj                184     0         8      
       memcpy_t2.obj                 156     0         0      
       fclose.obj                    152     0         0      
       memset_t2.obj                 122     0         0      
       autoinit.obj                  112     0         0      
       getdevice.obj                 112     0         0      
       hostopen.obj                  96      0         16     
       exit.obj                      84      0         24     
       copy_decompress_lzss.obj      104     0         0      
       hostlseek.obj                 104     0         0      
       hostrename.obj                104     0         0      
       close.obj                     92      0         0      
       hostread.obj                  88      0         0      
       hostwrite.obj                 88      0         0      
       boot.obj                      84      0         0      
       cpy_tbl.obj                   76      0         0      
       fd_tou_t2.obj                 68      0         0      
       hostclose.obj                 68      0         0      
       hostunlink.obj                68      0         0      
       strncpy.obj                   54      0         0      
       i_tofd_t2.obj                 46      0         0      
       unlink.obj                    44      0         0      
       _lock.obj                     20      0         16     
       args_main.obj                 24      0         0      
       strcmp.obj                    24      0         0      
       strchr.obj                    22      0         0      
       strcpy.obj                    20      0         0      
       strlen.obj                    20      0         0      
       copy_decompress_none.obj      14      0         0      
       copy_zero_init.obj            12      0         0      
       stkdepth_vars.obj             0       0         8      
       pre_init.obj                  4       0         0      
       mpu_init.obj                  2       0         0      
       startup.obj                   2       0         0      
    +--+-----------------------------+-------+---------+---------+
       Total:                        5198    0         1920   
                                                              
       Heap:                         0       0         2048   
       Stack:                        0       0         1024   
       Linker Generated:             0       163       0      
    +--+-----------------------------+-------+---------+---------+
       Grand Total:                  17126   431       31396  


LINKER GENERATED COPY TABLES

__TI_cinit_table @ 00004490 records: 2, size/record: 8, table size: 16
	.data: load addr=000043f8, load size=0000007f bytes, run addr=20003928, run size=0000022c bytes, compression=lzss
	.bss: load addr=00004488, load size=00000008 bytes, run addr=20000000, run size=00003526 bytes, compression=zero_init


LINKER GENERATED HANDLER TABLE

__TI_handler_table @ 00004478 records: 3, size/record: 4, table size: 12
	index: 0, handler: __TI_decompress_lzss
	index: 1, handler: __TI_decompress_none
	index: 2, handler: __TI_zero_init


GLOBAL SYMBOLS: SORTED ALPHABETICALLY BY Name 

address   name                           
-------   ----                           
00003005  ADC0_InitSWTriggerCh12         
00003075  ADC0_InitSWTriggerCh17_12_16   
000043bf  ADC14_IRQHandler               
00003055  ADC_In12                       
000030e5  ADC_In17_12_16                 
200034dc  ADCflag                        
000043bf  AES256_IRQHandler              
00003499  BumpInt_Init                   
00003513  Bump_Read                      
000043bf  BusFault_Handler               
000040d9  C$$EXIT                        
00003edf  C$$IO$$                        
000043bf  COMP_E0_IRQHandler             
000043bf  COMP_E1_IRQHandler             
20003ae8  CPMwait                        
000043bf  CS_IRQHandler                  
20003b38  CaptureTask0                   
20003b3c  CaptureTask2                   
000039b9  CenterConvert                  
20003ae0  ClockFrequency                 
00002a4d  Clock_Delay1ms                 
00002a23  Clock_Delay1us                 
00002a0f  Clock_GetFreq                  
000028f9  Clock_Init48MHz                
20003524  CollisionData                  
20003525  CollisionFlag                  
000001c1  ConvertCollisionData           
20003af4  Crystalstable                  
000043bf  DMA_ERR_IRQHandler             
000043bf  DMA_INT0_IRQHandler            
000043bf  DMA_INT1_IRQHandler            
000043bf  DMA_INT2_IRQHandler            
000043bf  DMA_INT3_IRQHandler            
000043bf  DebugMon_Handler               
000043bf  Default_Handler                
000042fd  DisableInterrupts              
20003afc  Done0                          
20003b04  Done2                          
00001633  EUSCIA0_IRQHandler             
00001633  EUSCIA0_IRQHandler             
00001607  EUSCIA0_InChar                 
00001ad1  EUSCIA0_InString               
00001687  EUSCIA0_InUDec                 
00001985  EUSCIA0_InUHex                 
000015a1  EUSCIA0_Init                   
00001619  EUSCIA0_OutChar                
00001669  EUSCIA0_OutString              
0000170b  EUSCIA0_OutUDec                
0000189d  EUSCIA0_OutUDec4               
000018d5  EUSCIA0_OutUDec5               
00001911  EUSCIA0_OutUFix1               
00001939  EUSCIA0_OutUFix2               
00001a4d  EUSCIA0_OutUHex                
00001ab3  EUSCIA0_OutUHex2               
00001a91  EUSCIA0outnibble               
000043bf  EUSCIA1_IRQHandler             
000043bf  EUSCIA2_IRQHandler             
000043bf  EUSCIA3_IRQHandler             
000043bf  EUSCIB0_IRQHandler             
000043bf  EUSCIB1_IRQHandler             
000043bf  EUSCIB2_IRQHandler             
000043bf  EUSCIB3_IRQHandler             
00004303  EnableInterrupts               
00004313  EndCritical                    
000043bf  FLCTL_IRQHandler               
000043bf  FPU_IRQHandler                 
20003af8  First0                         
20003b00  First2                         
000041bd  HOSTclose                      
00003de1  HOSTlseek                      
00003f19  HOSTopen                       
00003fd5  HOSTread                       
00003e49  HOSTrename                     
00004201  HOSTunlink                     
0000402d  HOSTwrite                      
0000019d  HandleCollision                
000043bf  HardFault_Handler              
200034e0  I1                             
200034e4  I2                             
200034e8  I3                             
20003af0  IFlags                         
00000151  IRSensor_Init                  
200034ec  LPFSum                         
200034f0  LPFSum2                        
200034f4  LPFSum3                        
000022b7  LPF_Calc                       
00002369  LPF_Calc2                      
0000241b  LPF_Calc3                      
00002259  LPF_Init                       
0000230b  LPF_Init2                      
000023bd  LPF_Init3                      
000033a5  LaunchPad_Init                 
00003415  LaunchPad_Input                
0000342f  LaunchPad_LED                  
0000344d  LaunchPad_Output               
0000398d  LeftConvert                    
000043bf  MemManage_Handler              
200034c4  Messageb                       
200034cc  Messagec                       
200034f8  Messageindexb                  
200034fc  Messageindexc                  
00002fa5  Motor_Backward                 
00002f01  Motor_Forward                  
00002e55  Motor_Init                     
00002f6b  Motor_Left                     
00002f31  Motor_Right                    
00002edd  Motor_Stop                     
000043bf  NMI_Handler                    
000043bf  PCM_IRQHandler                 
000043bf  PORT1_IRQHandler               
000043bf  PORT2_IRQHandler               
000043bf  PORT3_IRQHandler               
0000354b  PORT4_IRQHandler               
0000354b  PORT4_IRQHandler               
000043bf  PORT5_IRQHandler               
000043bf  PORT6_IRQHandler               
000043bf  PSS_IRQHandler                 
0000360d  PWM_Duty3                      
0000362d  PWM_Duty4                      
00003589  PWM_Init34                     
000043bf  PendSV_Handler                 
20003520  Period0                        
20003522  Period2                        
000001d5  PeriodMeasure0                 
00000203  PeriodMeasure2                 
20003500  Port4Task                      
000024b1  Port5_Init                     
00002505  Port7_Init                     
00002531  Port7_InitToInput              
0000251b  Port7_Output_ChargeCap         
000024db  Port9_Init                     
20003aec  Postwait                       
20003ae4  Prewait                        
000000e5  RSLK_Reset                     
000043bf  RTC_C_IRQHandler               
0000258f  Reflectance_Center             
00002681  Reflectance_End                
000024a1  Reflectance_Init               
000025e3  Reflectance_Position           
0000253d  Reflectance_Read               
0000265b  Reflectance_Start              
000043b3  Reset_Handler                  
000039e5  RightConvert                   
200033c0  RxFifo0                        
00002863  RxFifo0_Get                    
00002809  RxFifo0_Init                   
00002815  RxFifo0_Put                    
000028a1  RxFifo0_Size                   
UNDEFED   SHT$$INIT_ARRAY$$Base          
UNDEFED   SHT$$INIT_ARRAY$$Limit         
000043bf  SVC_Handler                    
00000101  SensorRead_ISR                 
20003504  Size                           
20003508  Size2                          
2000350c  Size3                          
00004309  StartCritical                  
000043bf  SysTick_Handler                
20003b50  SystemCoreClock                
00001f2d  SystemCoreClockUpdate          
000021a1  SystemInit                     
000043bf  T32_INT1_IRQHandler            
000043bf  T32_INT2_IRQHandler            
000043bf  T32_INTC_IRQHandler            
000043bf  TA0_0_IRQHandler               
000043bf  TA0_N_IRQHandler               
00003ab3  TA1_0_IRQHandler               
00003ab3  TA1_0_IRQHandler               
000043bf  TA1_N_IRQHandler               
000043bf  TA2_0_IRQHandler               
000043bf  TA2_N_IRQHandler               
00003333  TA3_0_IRQHandler               
00003333  TA3_0_IRQHandler               
0000334d  TA3_N_IRQHandler               
0000334d  TA3_N_IRQHandler               
00000231  TimedPause                     
20003510  TimerA1Task                    
00003a41  TimerA1_Init                   
00003a9f  TimerA1_Stop                   
000032ad  TimerA3Capture_Init            
20003442  TxFifo0                        
00002775  TxFifo0_Get                    
000026e9  TxFifo0_Init                   
0000271b  TxFifo0_Put                    
000027b3  TxFifo0_Size                   
20003000  TxHistogram                    
00000f2b  UART0_InChar                   
000013b5  UART0_InString                 
00000f75  UART0_InUDec                   
00001269  UART0_InUHex                   
00000ee5  UART0_Init                     
00001515  UART0_Initprintf               
00000f3b  UART0_OutChar                  
00000f57  UART0_OutString                
00000ff9  UART0_OutUDec                  
00001165  UART0_OutUDec4                 
000011b9  UART0_OutUDec5                 
000011f5  UART0_OutUFix1                 
0000121d  UART0_OutUFix2                 
0000132d  UART0_OutUHex                  
00001399  UART0_OutUHex2                 
000043bf  UsageFault_Handler             
4000480c  WDTCTL_SYM                     
000043bf  WDT_A_IRQHandler               
0000431b  WaitForInterrupt               
20003200  __CIOBUF_                      
20010000  __STACK_END                    
00000200  __STACK_SIZE                   
00000400  __SYSMEM_SIZE                  
00004490  __TI_CINIT_Base                
000044a0  __TI_CINIT_Limit               
00004478  __TI_Handler_Table_Base        
00004484  __TI_Handler_Table_Limit       
00003c99  __TI_auto_init                 
00002ba1  __TI_cleanup                   
20003b18  __TI_cleanup_ptr               
00003b85  __TI_closefile                 
00003d79  __TI_decompress_lzss           
000043a5  __TI_decompress_none           
00003751  __TI_doflush                   
20003b1c  __TI_dtors_ptr                 
20003b20  __TI_enable_exit_profile_output
20003b08  __TI_ft_end                    
ffffffff  __TI_pprof_out_hndl            
ffffffff  __TI_prof_data_size            
ffffffff  __TI_prof_data_start           
00003ee3  __TI_readmsg                   
00000000  __TI_static_base__             
20003320  __TI_tmpnams                   
00003eb1  __TI_writemsg                  
000043c1  __TI_zero_init                 
00004179  __aeabi_d2uiz                  
00002ca7  __aeabi_dadd                   
00003169  __aeabi_ddiv                   
00002c9d  __aeabi_dsub                   
0000427b  __aeabi_i2d                    
00003c1d  __aeabi_memclr                 
00003c1d  __aeabi_memclr4                
00003c1d  __aeabi_memclr8                
00003ae9  __aeabi_memcpy                 
00003ae9  __aeabi_memcpy4                
00003ae9  __aeabi_memcpy8                
00003c1f  __aeabi_memset                 
00003c1f  __aeabi_memset4                
00003c1f  __aeabi_memset8                
20003b14  __aeabi_stderr                 
20003b0c  __aeabi_stdin                  
20003b10  __aeabi_stdout                 
ffffffff  __binit__                      
ffffffff  __c_args__                     
00001b5b  __mpu_init                     
2000fe00  __stack                        
00004321  _args_main                     
00004085  _c_int00                       
20003a18  _device                        
20003928  _ftable                        
20003b30  _lock                          
00004377  _nop                           
0000436f  _register_lock                 
00004369  _register_unlock               
20003a90  _stream                        
20003528  _sys_memory                    
00002e53  _system_post_cinit             
000043cd  _system_pre_init               
20003b34  _unlock                        
000040dd  abort                          
000038d5  add_device                     
ffffffff  binit                          
00001efd  calloc                         
00003f79  close                          
0000412d  copy_in                        
00002a15  delay                          
000040e5  exit                           
00003beb  fclose                         
0000144f  ferror                         
0000379d  fflush                         
0000142f  fgetc                          
00003d09  finddevice                     
00002bf7  fopen                          
00001c47  free                           
00002bcd  freopen                        
00003d33  getdevice                      
00000000  interruptVectors               
0000028d  main                           
20003b4c  main_func_sp                   
00001bdd  malloc                         
00001e11  memalign                       
00003ae9  memcpy                         
00003c25  memset                         
00001b5d  minit                          
20003514  nc                             
20003518  nl                             
2000351c  nr                             
00003819  open                           
00001371  outnibble                      
200034d4  parmbuf                        
00001d07  realloc                        
000042a9  remove                         
00003675  setvbuf                        
00004351  strchr                         
00004339  strcmp                         
0000437d  strcpy                         
00004391  strlen                         
00004245  strncpy                        
000032a1  ta3dummy                       
0000146d  uart_close                     
000014eb  uart_lseek                     
0000145d  uart_open                      
0000147f  uart_read                      
00001507  uart_rename                    
000014fb  uart_unlink                    
000014a9  uart_write                     
000042a9  unlink                         
000042d5  write                          
20000000  x                              
20001000  x2                             
20002000  x3                             


GLOBAL SYMBOLS: SORTED BY Symbol Address 

address   name                           
-------   ----                           
00000000  __TI_static_base__             
00000000  interruptVectors               
000000e5  RSLK_Reset                     
00000101  SensorRead_ISR                 
00000151  IRSensor_Init                  
0000019d  HandleCollision                
000001c1  ConvertCollisionData           
000001d5  PeriodMeasure0                 
00000200  __STACK_SIZE                   
00000203  PeriodMeasure2                 
00000231  TimedPause                     
0000028d  main                           
00000400  __SYSMEM_SIZE                  
00000ee5  UART0_Init                     
00000f2b  UART0_InChar                   
00000f3b  UART0_OutChar                  
00000f57  UART0_OutString                
00000f75  UART0_InUDec                   
00000ff9  UART0_OutUDec                  
00001165  UART0_OutUDec4                 
000011b9  UART0_OutUDec5                 
000011f5  UART0_OutUFix1                 
0000121d  UART0_OutUFix2                 
00001269  UART0_InUHex                   
0000132d  UART0_OutUHex                  
00001371  outnibble                      
00001399  UART0_OutUHex2                 
000013b5  UART0_InString                 
0000142f  fgetc                          
0000144f  ferror                         
0000145d  uart_open                      
0000146d  uart_close                     
0000147f  uart_read                      
000014a9  uart_write                     
000014eb  uart_lseek                     
000014fb  uart_unlink                    
00001507  uart_rename                    
00001515  UART0_Initprintf               
000015a1  EUSCIA0_Init                   
00001607  EUSCIA0_InChar                 
00001619  EUSCIA0_OutChar                
00001633  EUSCIA0_IRQHandler             
00001633  EUSCIA0_IRQHandler             
00001669  EUSCIA0_OutString              
00001687  EUSCIA0_InUDec                 
0000170b  EUSCIA0_OutUDec                
0000189d  EUSCIA0_OutUDec4               
000018d5  EUSCIA0_OutUDec5               
00001911  EUSCIA0_OutUFix1               
00001939  EUSCIA0_OutUFix2               
00001985  EUSCIA0_InUHex                 
00001a4d  EUSCIA0_OutUHex                
00001a91  EUSCIA0outnibble               
00001ab3  EUSCIA0_OutUHex2               
00001ad1  EUSCIA0_InString               
00001b5b  __mpu_init                     
00001b5d  minit                          
00001bdd  malloc                         
00001c47  free                           
00001d07  realloc                        
00001e11  memalign                       
00001efd  calloc                         
00001f2d  SystemCoreClockUpdate          
000021a1  SystemInit                     
00002259  LPF_Init                       
000022b7  LPF_Calc                       
0000230b  LPF_Init2                      
00002369  LPF_Calc2                      
000023bd  LPF_Init3                      
0000241b  LPF_Calc3                      
000024a1  Reflectance_Init               
000024b1  Port5_Init                     
000024db  Port9_Init                     
00002505  Port7_Init                     
0000251b  Port7_Output_ChargeCap         
00002531  Port7_InitToInput              
0000253d  Reflectance_Read               
0000258f  Reflectance_Center             
000025e3  Reflectance_Position           
0000265b  Reflectance_Start              
00002681  Reflectance_End                
000026e9  TxFifo0_Init                   
0000271b  TxFifo0_Put                    
00002775  TxFifo0_Get                    
000027b3  TxFifo0_Size                   
00002809  RxFifo0_Init                   
00002815  RxFifo0_Put                    
00002863  RxFifo0_Get                    
000028a1  RxFifo0_Size                   
000028f9  Clock_Init48MHz                
00002a0f  Clock_GetFreq                  
00002a15  delay                          
00002a23  Clock_Delay1us                 
00002a4d  Clock_Delay1ms                 
00002ba1  __TI_cleanup                   
00002bcd  freopen                        
00002bf7  fopen                          
00002c9d  __aeabi_dsub                   
00002ca7  __aeabi_dadd                   
00002e53  _system_post_cinit             
00002e55  Motor_Init                     
00002edd  Motor_Stop                     
00002f01  Motor_Forward                  
00002f31  Motor_Right                    
00002f6b  Motor_Left                     
00002fa5  Motor_Backward                 
00003005  ADC0_InitSWTriggerCh12         
00003055  ADC_In12                       
00003075  ADC0_InitSWTriggerCh17_12_16   
000030e5  ADC_In17_12_16                 
00003169  __aeabi_ddiv                   
000032a1  ta3dummy                       
000032ad  TimerA3Capture_Init            
00003333  TA3_0_IRQHandler               
00003333  TA3_0_IRQHandler               
0000334d  TA3_N_IRQHandler               
0000334d  TA3_N_IRQHandler               
000033a5  LaunchPad_Init                 
00003415  LaunchPad_Input                
0000342f  LaunchPad_LED                  
0000344d  LaunchPad_Output               
00003499  BumpInt_Init                   
00003513  Bump_Read                      
0000354b  PORT4_IRQHandler               
0000354b  PORT4_IRQHandler               
00003589  PWM_Init34                     
0000360d  PWM_Duty3                      
0000362d  PWM_Duty4                      
00003675  setvbuf                        
00003751  __TI_doflush                   
0000379d  fflush                         
00003819  open                           
000038d5  add_device                     
0000398d  LeftConvert                    
000039b9  CenterConvert                  
000039e5  RightConvert                   
00003a41  TimerA1_Init                   
00003a9f  TimerA1_Stop                   
00003ab3  TA1_0_IRQHandler               
00003ab3  TA1_0_IRQHandler               
00003ae9  __aeabi_memcpy                 
00003ae9  __aeabi_memcpy4                
00003ae9  __aeabi_memcpy8                
00003ae9  memcpy                         
00003b85  __TI_closefile                 
00003beb  fclose                         
00003c1d  __aeabi_memclr                 
00003c1d  __aeabi_memclr4                
00003c1d  __aeabi_memclr8                
00003c1f  __aeabi_memset                 
00003c1f  __aeabi_memset4                
00003c1f  __aeabi_memset8                
00003c25  memset                         
00003c99  __TI_auto_init                 
00003d09  finddevice                     
00003d33  getdevice                      
00003d79  __TI_decompress_lzss           
00003de1  HOSTlseek                      
00003e49  HOSTrename                     
00003eb1  __TI_writemsg                  
00003edf  C$$IO$$                        
00003ee3  __TI_readmsg                   
00003f19  HOSTopen                       
00003f79  close                          
00003fd5  HOSTread                       
0000402d  HOSTwrite                      
00004085  _c_int00                       
000040d9  C$$EXIT                        
000040dd  abort                          
000040e5  exit                           
0000412d  copy_in                        
00004179  __aeabi_d2uiz                  
000041bd  HOSTclose                      
00004201  HOSTunlink                     
00004245  strncpy                        
0000427b  __aeabi_i2d                    
000042a9  remove                         
000042a9  unlink                         
000042d5  write                          
000042fd  DisableInterrupts              
00004303  EnableInterrupts               
00004309  StartCritical                  
00004313  EndCritical                    
0000431b  WaitForInterrupt               
00004321  _args_main                     
00004339  strcmp                         
00004351  strchr                         
00004369  _register_unlock               
0000436f  _register_lock                 
00004377  _nop                           
0000437d  strcpy                         
00004391  strlen                         
000043a5  __TI_decompress_none           
000043b3  Reset_Handler                  
000043bf  ADC14_IRQHandler               
000043bf  AES256_IRQHandler              
000043bf  BusFault_Handler               
000043bf  COMP_E0_IRQHandler             
000043bf  COMP_E1_IRQHandler             
000043bf  CS_IRQHandler                  
000043bf  DMA_ERR_IRQHandler             
000043bf  DMA_INT0_IRQHandler            
000043bf  DMA_INT1_IRQHandler            
000043bf  DMA_INT2_IRQHandler            
000043bf  DMA_INT3_IRQHandler            
000043bf  DebugMon_Handler               
000043bf  Default_Handler                
000043bf  EUSCIA1_IRQHandler             
000043bf  EUSCIA2_IRQHandler             
000043bf  EUSCIA3_IRQHandler             
000043bf  EUSCIB0_IRQHandler             
000043bf  EUSCIB1_IRQHandler             
000043bf  EUSCIB2_IRQHandler             
000043bf  EUSCIB3_IRQHandler             
000043bf  FLCTL_IRQHandler               
000043bf  FPU_IRQHandler                 
000043bf  HardFault_Handler              
000043bf  MemManage_Handler              
000043bf  NMI_Handler                    
000043bf  PCM_IRQHandler                 
000043bf  PORT1_IRQHandler               
000043bf  PORT2_IRQHandler               
000043bf  PORT3_IRQHandler               
000043bf  PORT5_IRQHandler               
000043bf  PORT6_IRQHandler               
000043bf  PSS_IRQHandler                 
000043bf  PendSV_Handler                 
000043bf  RTC_C_IRQHandler               
000043bf  SVC_Handler                    
000043bf  SysTick_Handler                
000043bf  T32_INT1_IRQHandler            
000043bf  T32_INT2_IRQHandler            
000043bf  T32_INTC_IRQHandler            
000043bf  TA0_0_IRQHandler               
000043bf  TA0_N_IRQHandler               
000043bf  TA1_N_IRQHandler               
000043bf  TA2_0_IRQHandler               
000043bf  TA2_N_IRQHandler               
000043bf  UsageFault_Handler             
000043bf  WDT_A_IRQHandler               
000043c1  __TI_zero_init                 
000043cd  _system_pre_init               
00004478  __TI_Handler_Table_Base        
00004484  __TI_Handler_Table_Limit       
00004490  __TI_CINIT_Base                
000044a0  __TI_CINIT_Limit               
20000000  x                              
20001000  x2                             
20002000  x3                             
20003000  TxHistogram                    
20003200  __CIOBUF_                      
20003320  __TI_tmpnams                   
200033c0  RxFifo0                        
20003442  TxFifo0                        
200034c4  Messageb                       
200034cc  Messagec                       
200034d4  parmbuf                        
200034dc  ADCflag                        
200034e0  I1                             
200034e4  I2                             
200034e8  I3                             
200034ec  LPFSum                         
200034f0  LPFSum2                        
200034f4  LPFSum3                        
200034f8  Messageindexb                  
200034fc  Messageindexc                  
20003500  Port4Task                      
20003504  Size                           
20003508  Size2                          
2000350c  Size3                          
20003510  TimerA1Task                    
20003514  nc                             
20003518  nl                             
2000351c  nr                             
20003520  Period0                        
20003522  Period2                        
20003524  CollisionData                  
20003525  CollisionFlag                  
20003528  _sys_memory                    
20003928  _ftable                        
20003a18  _device                        
20003a90  _stream                        
20003ae0  ClockFrequency                 
20003ae4  Prewait                        
20003ae8  CPMwait                        
20003aec  Postwait                       
20003af0  IFlags                         
20003af4  Crystalstable                  
20003af8  First0                         
20003afc  Done0                          
20003b00  First2                         
20003b04  Done2                          
20003b08  __TI_ft_end                    
20003b0c  __aeabi_stdin                  
20003b10  __aeabi_stdout                 
20003b14  __aeabi_stderr                 
20003b18  __TI_cleanup_ptr               
20003b1c  __TI_dtors_ptr                 
20003b20  __TI_enable_exit_profile_output
20003b30  _lock                          
20003b34  _unlock                        
20003b38  CaptureTask0                   
20003b3c  CaptureTask2                   
20003b4c  main_func_sp                   
20003b50  SystemCoreClock                
2000fe00  __stack                        
20010000  __STACK_END                    
4000480c  WDTCTL_SYM                     
ffffffff  __TI_pprof_out_hndl            
ffffffff  __TI_prof_data_size            
ffffffff  __TI_prof_data_start           
ffffffff  __binit__                      
ffffffff  __c_args__                     
ffffffff  binit                          
UNDEFED   SHT$$INIT_ARRAY$$Base          
UNDEFED   SHT$$INIT_ARRAY$$Limit         

[316 symbols]
