14:21:10 **** Incremental Build of configuration Debug for project Lab3 ****
make -j16 all 
arm-none-eabi-gcc "../Core/Src/main.c" -mcpu=cortex-m4 -std=gnu11 -g3 -DDEBUG -DUSE_HAL_DRIVER -DSTM32F407xx -c -I../Core/Inc -I../Drivers/STM32F4xx_HAL_Driver/Inc -I../Drivers/STM32F4xx_HAL_Driver/Inc/Legacy -I../Drivers/CMSIS/Device/ST/STM32F4xx/Include -I../Drivers/CMSIS/Include -O0 -ffunction-sections -fdata-sections -Wall -u _printf_float -fstack-usage -MMD -MP -MF"Core/Src/main.d" -MT"Core/Src/main.o" --specs=nano.specs -mfpu=fpv4-sp-d16 -mfloat-abi=hard -mthumb -o "Core/Src/main.o"
../Core/Src/main.c: In function 'main':
../Core/Src/main.c:99:19: warning: implicit declaration of function 'IMU_Initialise' [-Wimplicit-function-declaration]
   99 |  uint8_t status = IMU_Initialise(&imu, &hi2c1, &huart3);
      |                   ^~~~~~~~~~~~~~
../Core/Src/main.c:107:3: warning: implicit declaration of function 'IMU_AccelRead' [-Wimplicit-function-declaration]
  107 |   IMU_AccelRead(&imu);
      |   ^~~~~~~~~~~~~
../Core/Src/main.c:108:3: warning: implicit declaration of function 'IMU_GyroRead'; did you mean 'IMU_TempRead'? [-Wimplicit-function-declaration]
  108 |   IMU_GyroRead(&imu);
      |   ^~~~~~~~~~~~
      |   IMU_TempRead
../Core/Src/main.c:129:3: warning: implicit declaration of function 'sprintf' [-Wimplicit-function-declaration]
  129 |   sprintf(&sbuf[0], "%5.2f ", imu.gyro[0]);
      |   ^~~~~~~
../Core/Src/main.c:129:3: warning: incompatible implicit declaration of built-in function 'sprintf'
../Core/Src/main.c:25:1: note: include '<stdio.h>' or provide a declaration of 'sprintf'
   24 | #include "ICM20948.h"
  +++ |+#include <stdio.h>
   25 | /* USER CODE END Includes */
../Core/Src/main.c:129:11: warning: pointer targets in passing argument 1 of 'sprintf' differ in signedness [-Wpointer-sign]
  129 |   sprintf(&sbuf[0], "%5.2f ", imu.gyro[0]);
      |           ^~~~~~~~
      |           |
      |           uint8_t * {aka unsigned char *}
../Core/Src/main.c:129:11: note: expected 'char *' but argument is of type 'uint8_t *' {aka 'unsigned char *'}
../Core/Src/main.c:130:11: warning: pointer targets in passing argument 1 of 'sprintf' differ in signedness [-Wpointer-sign]
  130 |   sprintf(&sbuf[10], "%5.2f ", imu.gyro[1]);
      |           ^~~~~~~~~
      |           |
      |           uint8_t * {aka unsigned char *}
../Core/Src/main.c:130:11: note: expected 'char *' but argument is of type 'uint8_t *' {aka 'unsigned char *'}
../Core/Src/main.c:131:11: warning: pointer targets in passing argument 1 of 'sprintf' differ in signedness [-Wpointer-sign]
  131 |   sprintf(&sbuf[20], "%5.2f ", imu.gyro[2]);
      |           ^~~~~~~~~
      |           |
      |           uint8_t * {aka unsigned char *}
../Core/Src/main.c:131:11: note: expected 'char *' but argument is of type 'uint8_t *' {aka 'unsigned char *'}
../Core/Src/main.c:133:11: warning: pointer targets in passing argument 1 of 'sprintf' differ in signedness [-Wpointer-sign]
  133 |   sprintf(&sbuf[30], "%5.2f ", gyro_x);
      |           ^~~~~~~~~
      |           |
      |           uint8_t * {aka unsigned char *}
../Core/Src/main.c:133:11: note: expected 'char *' but argument is of type 'uint8_t *' {aka 'unsigned char *'}
../Core/Src/main.c:134:11: warning: pointer targets in passing argument 1 of 'sprintf' differ in signedness [-Wpointer-sign]
  134 |   sprintf(&sbuf[40], "%5.2f ", gyro_y);
      |           ^~~~~~~~~
      |           |
      |           uint8_t * {aka unsigned char *}
../Core/Src/main.c:134:11: note: expected 'char *' but argument is of type 'uint8_t *' {aka 'unsigned char *'}
../Core/Src/main.c:135:11: warning: pointer targets in passing argument 1 of 'sprintf' differ in signedness [-Wpointer-sign]
  135 |   sprintf(&sbuf[50], "%5.2f", gyro_z);
      |           ^~~~~~~~~
      |           |
      |           uint8_t * {aka unsigned char *}
../Core/Src/main.c:135:11: note: expected 'char *' but argument is of type 'uint8_t *' {aka 'unsigned char *'}
../Core/Src/main.c:143:30: warning: pointer targets in passing argument 2 of 'HAL_UART_Transmit' differ in signedness [-Wpointer-sign]
  143 |   HAL_UART_Transmit(&huart3, "\n\r", 2, HAL_MAX_DELAY);
      |                              ^~~~~~
      |                              |
      |                              char *
In file included from ../Core/Inc/stm32f4xx_hal_conf.h:407,
                 from ../Drivers/STM32F4xx_HAL_Driver/Inc/stm32f4xx_hal.h:29,
                 from ../Core/Inc/main.h:30,
                 from ../Core/Src/main.c:20:
../Drivers/STM32F4xx_HAL_Driver/Inc/stm32f4xx_hal_uart.h:722:79: note: expected 'const uint8_t *' {aka 'const unsigned char *'} but argument is of type 'char *'
  722 | HAL_StatusTypeDef HAL_UART_Transmit(UART_HandleTypeDef *huart, const uint8_t *pData, uint16_t Size, uint32_t Timeout);
      |                                                                ~~~~~~~~~~~~~~~^~~~~
../Core/Src/main.c:99:10: warning: unused variable 'status' [-Wunused-variable]
   99 |  uint8_t status = IMU_Initialise(&imu, &hi2c1, &huart3);
      |          ^~~~~~
arm-none-eabi-gcc -o "Lab3.elf" @"objects.list"   -mcpu=cortex-m4 -T"F:\SC2104\Lab3\STM32F407VETX_FLASH.ld" --specs=nosys.specs -Wl,-Map="Lab3.map" -Wl,--gc-sections -static -u _printf_float --specs=nano.specs -mfpu=fpv4-sp-d16 -mfloat-abi=hard -mthumb -Wl,--start-group -lc -lm -Wl,--end-group
Finished building target: Lab3.elf
 
arm-none-eabi-size   Lab3.elf 
arm-none-eabi-objdump -h -S  Lab3.elf  > "Lab3.list"
   text	   data	    bss	    dec	    hex	filename
  30484	    484	   1764	  32732	   7fdc	Lab3.elf
Finished building: default.size.stdout
 
Finished building: Lab3.list
 
14:21:15 **** Incremental Build of configuration Debug for project Lab3 ****
make -j16 all 
arm-none-eabi-size   Lab3.elf 
   text	   data	    bss	    dec	    hex	filename
  30484	    484	   1764	  32732	   7fdc	Lab3.elf
Finished building: default.size.stdout
 
14:25:16 **** Incremental Build of configuration Debug for project Lab3 ****
make -j16 all 
arm-none-eabi-gcc "../Core/Src/main.c" -mcpu=cortex-m4 -std=gnu11 -g3 -DDEBUG -DUSE_HAL_DRIVER -DSTM32F407xx -c -I../Core/Inc -I../Drivers/STM32F4xx_HAL_Driver/Inc -I../Drivers/STM32F4xx_HAL_Driver/Inc/Legacy -I../Drivers/CMSIS/Device/ST/STM32F4xx/Include -I../Drivers/CMSIS/Include -O0 -ffunction-sections -fdata-sections -Wall -u _printf_float -fstack-usage -MMD -MP -MF"Core/Src/main.d" -MT"Core/Src/main.o" --specs=nano.specs -mfpu=fpv4-sp-d16 -mfloat-abi=hard -mthumb -o "Core/Src/main.o"
../Core/Src/main.c: In function 'main':
../Core/Src/main.c:99:19: warning: implicit declaration of function 'IMU_Initialise' [-Wimplicit-function-declaration]
   99 |  uint8_t status = IMU_Initialise(&imu, &hi2c1, &huart3);
      |                   ^~~~~~~~~~~~~~
../Core/Src/main.c:109:3: warning: implicit declaration of function 'IMU_AccelRead' [-Wimplicit-function-declaration]
  109 |   IMU_AccelRead(&imu);
      |   ^~~~~~~~~~~~~
../Core/Src/main.c:110:3: warning: implicit declaration of function 'IMU_GyroRead'; did you mean 'IMU_TempRead'? [-Wimplicit-function-declaration]
  110 |   IMU_GyroRead(&imu);
      |   ^~~~~~~~~~~~
      |   IMU_TempRead
../Core/Src/main.c:130:31: warning: implicit declaration of function 'atan2' [-Wimplicit-function-declaration]
  130 |   pitch_gyro = pitch_gyro+180*atan2(gyro_x, sqrt(gyro_y*gyro_y+gyro_z*gyro_z))/3.14;
      |                               ^~~~~
../Core/Src/main.c:130:31: warning: incompatible implicit declaration of built-in function 'atan2'
../Core/Src/main.c:25:1: note: include '<math.h>' or provide a declaration of 'atan2'
   24 | #include "ICM20948.h"
  +++ |+#include <math.h>
   25 | /* USER CODE END Includes */
../Core/Src/main.c:130:45: warning: implicit declaration of function 'sqrt' [-Wimplicit-function-declaration]
  130 |   pitch_gyro = pitch_gyro+180*atan2(gyro_x, sqrt(gyro_y*gyro_y+gyro_z*gyro_z))/3.14;
      |                                             ^~~~
../Core/Src/main.c:130:45: warning: incompatible implicit declaration of built-in function 'sqrt'
../Core/Src/main.c:130:45: note: include '<math.h>' or provide a declaration of 'sqrt'
../Core/Src/main.c:134:3: warning: implicit declaration of function 'sprintf' [-Wimplicit-function-declaration]
  134 |   sprintf(&sbuf[0], "%5.2f ", imu.gyro[0]);
      |   ^~~~~~~
../Core/Src/main.c:134:3: warning: incompatible implicit declaration of built-in function 'sprintf'
../Core/Src/main.c:25:1: note: include '<stdio.h>' or provide a declaration of 'sprintf'
   24 | #include "ICM20948.h"
  +++ |+#include <stdio.h>
   25 | /* USER CODE END Includes */
../Core/Src/main.c:134:11: warning: pointer targets in passing argument 1 of 'sprintf' differ in signedness [-Wpointer-sign]
  134 |   sprintf(&sbuf[0], "%5.2f ", imu.gyro[0]);
      |           ^~~~~~~~
      |           |
      |           uint8_t * {aka unsigned char *}
../Core/Src/main.c:134:11: note: expected 'char *' but argument is of type 'uint8_t *' {aka 'unsigned char *'}
../Core/Src/main.c:135:11: warning: pointer targets in passing argument 1 of 'sprintf' differ in signedness [-Wpointer-sign]
  135 |   sprintf(&sbuf[10], "%5.2f ", imu.gyro[1]);
      |           ^~~~~~~~~
      |           |
      |           uint8_t * {aka unsigned char *}
../Core/Src/main.c:135:11: note: expected 'char *' but argument is of type 'uint8_t *' {aka 'unsigned char *'}
../Core/Src/main.c:136:11: warning: pointer targets in passing argument 1 of 'sprintf' differ in signedness [-Wpointer-sign]
  136 |   sprintf(&sbuf[20], "%5.2f ", imu.gyro[2]);
      |           ^~~~~~~~~
      |           |
      |           uint8_t * {aka unsigned char *}
../Core/Src/main.c:136:11: note: expected 'char *' but argument is of type 'uint8_t *' {aka 'unsigned char *'}
../Core/Src/main.c:138:11: warning: pointer targets in passing argument 1 of 'sprintf' differ in signedness [-Wpointer-sign]
  138 |   sprintf(&sbuf[30], "%5.2f ", pitch_gyro);
      |           ^~~~~~~~~
      |           |
      |           uint8_t * {aka unsigned char *}
../Core/Src/main.c:138:11: note: expected 'char *' but argument is of type 'uint8_t *' {aka 'unsigned char *'}
../Core/Src/main.c:139:11: warning: pointer targets in passing argument 1 of 'sprintf' differ in signedness [-Wpointer-sign]
  139 |   sprintf(&sbuf[40], "%5.2f ", roll_gyro);
      |           ^~~~~~~~~
      |           |
      |           uint8_t * {aka unsigned char *}
../Core/Src/main.c:139:11: note: expected 'char *' but argument is of type 'uint8_t *' {aka 'unsigned char *'}
../Core/Src/main.c:147:30: warning: pointer targets in passing argument 2 of 'HAL_UART_Transmit' differ in signedness [-Wpointer-sign]
  147 |   HAL_UART_Transmit(&huart3, "\n\r", 2, HAL_MAX_DELAY);
      |                              ^~~~~~
      |                              |
      |                              char *
In file included from ../Core/Inc/stm32f4xx_hal_conf.h:407,
                 from ../Drivers/STM32F4xx_HAL_Driver/Inc/stm32f4xx_hal.h:29,
                 from ../Core/Inc/main.h:30,
                 from ../Core/Src/main.c:20:
../Drivers/STM32F4xx_HAL_Driver/Inc/stm32f4xx_hal_uart.h:722:79: note: expected 'const uint8_t *' {aka 'const unsigned char *'} but argument is of type 'char *'
  722 | HAL_StatusTypeDef HAL_UART_Transmit(UART_HandleTypeDef *huart, const uint8_t *pData, uint16_t Size, uint32_t Timeout);
      |                                                                ~~~~~~~~~~~~~~~^~~~~
../Core/Src/main.c:99:10: warning: unused variable 'status' [-Wunused-variable]
   99 |  uint8_t status = IMU_Initialise(&imu, &hi2c1, &huart3);
      |          ^~~~~~
arm-none-eabi-gcc -o "Lab3.elf" @"objects.list"   -mcpu=cortex-m4 -T"F:\SC2104\Lab3\STM32F407VETX_FLASH.ld" --specs=nosys.specs -Wl,-Map="Lab3.map" -Wl,--gc-sections -static -u _printf_float --specs=nano.specs -mfpu=fpv4-sp-d16 -mfloat-abi=hard -mthumb -Wl,--start-group -lc -lm -Wl,--end-group
Finished building target: Lab3.elf
 
arm-none-eabi-size   Lab3.elf 
arm-none-eabi-objdump -h -S  Lab3.elf  > "Lab3.list"
   text	   data	    bss	    dec	    hex	filename
  32748	    484	   1764	  34996	   88b4	Lab3.elf
Finished building: default.size.stdout
 
Finished building: Lab3.list
 
14:31:46 **** Incremental Build of configuration Debug for project Lab3 ****
make -j16 all 
arm-none-eabi-gcc "../Core/Src/main.c" -mcpu=cortex-m4 -std=gnu11 -g3 -DDEBUG -DUSE_HAL_DRIVER -DSTM32F407xx -c -I../Core/Inc -I../Drivers/STM32F4xx_HAL_Driver/Inc -I../Drivers/STM32F4xx_HAL_Driver/Inc/Legacy -I../Drivers/CMSIS/Device/ST/STM32F4xx/Include -I../Drivers/CMSIS/Include -O0 -ffunction-sections -fdata-sections -Wall -u _printf_float -fstack-usage -MMD -MP -MF"Core/Src/main.d" -MT"Core/Src/main.o" --specs=nano.specs -mfpu=fpv4-sp-d16 -mfloat-abi=hard -mthumb -o "Core/Src/main.o"
../Core/Src/main.c: In function 'main':
../Core/Src/main.c:99:19: warning: implicit declaration of function 'IMU_Initialise' [-Wimplicit-function-declaration]
   99 |  uint8_t status = IMU_Initialise(&imu, &hi2c1, &huart3);
      |                   ^~~~~~~~~~~~~~
../Core/Src/main.c:105:3: warning: implicit declaration of function 'IMU_AccelRead' [-Wimplicit-function-declaration]
  105 |   IMU_AccelRead(&imu);
      |   ^~~~~~~~~~~~~
../Core/Src/main.c:106:3: warning: implicit declaration of function 'IMU_GyroRead'; did you mean 'IMU_TempRead'? [-Wimplicit-function-declaration]
  106 |   IMU_GyroRead(&imu);
      |   ^~~~~~~~~~~~
      |   IMU_TempRead
../Core/Src/main.c:125:31: warning: implicit declaration of function 'atan2' [-Wimplicit-function-declaration]
  125 |   pitch_gyro = pitch_gyro+180*atan2(gyro_x, sqrt(gyro_y*gyro_y+gyro_z*gyro_z))/3.14;
      |                               ^~~~~
../Core/Src/main.c:125:31: warning: incompatible implicit declaration of built-in function 'atan2'
../Core/Src/main.c:25:1: note: include '<math.h>' or provide a declaration of 'atan2'
   24 | #include "ICM20948.h"
  +++ |+#include <math.h>
   25 | /* USER CODE END Includes */
../Core/Src/main.c:125:45: warning: implicit declaration of function 'sqrt' [-Wimplicit-function-declaration]
  125 |   pitch_gyro = pitch_gyro+180*atan2(gyro_x, sqrt(gyro_y*gyro_y+gyro_z*gyro_z))/3.14;
      |                                             ^~~~
../Core/Src/main.c:125:45: warning: incompatible implicit declaration of built-in function 'sqrt'
../Core/Src/main.c:125:45: note: include '<math.h>' or provide a declaration of 'sqrt'
../Core/Src/main.c:129:3: warning: implicit declaration of function 'sprintf' [-Wimplicit-function-declaration]
  129 |   sprintf(&sbuf[0], "%5.2f ", imu.gyro[0]);
      |   ^~~~~~~
../Core/Src/main.c:129:3: warning: incompatible implicit declaration of built-in function 'sprintf'
../Core/Src/main.c:25:1: note: include '<stdio.h>' or provide a declaration of 'sprintf'
   24 | #include "ICM20948.h"
  +++ |+#include <stdio.h>
   25 | /* USER CODE END Includes */
../Core/Src/main.c:129:11: warning: pointer targets in passing argument 1 of 'sprintf' differ in signedness [-Wpointer-sign]
  129 |   sprintf(&sbuf[0], "%5.2f ", imu.gyro[0]);
      |           ^~~~~~~~
      |           |
      |           uint8_t * {aka unsigned char *}
../Core/Src/main.c:129:11: note: expected 'char *' but argument is of type 'uint8_t *' {aka 'unsigned char *'}
../Core/Src/main.c:130:11: warning: pointer targets in passing argument 1 of 'sprintf' differ in signedness [-Wpointer-sign]
  130 |   sprintf(&sbuf[10], "%5.2f ", imu.gyro[1]);
      |           ^~~~~~~~~
      |           |
      |           uint8_t * {aka unsigned char *}
../Core/Src/main.c:130:11: note: expected 'char *' but argument is of type 'uint8_t *' {aka 'unsigned char *'}
../Core/Src/main.c:131:11: warning: pointer targets in passing argument 1 of 'sprintf' differ in signedness [-Wpointer-sign]
  131 |   sprintf(&sbuf[20], "%5.2f ", imu.gyro[2]);
      |           ^~~~~~~~~
      |           |
      |           uint8_t * {aka unsigned char *}
../Core/Src/main.c:131:11: note: expected 'char *' but argument is of type 'uint8_t *' {aka 'unsigned char *'}
../Core/Src/main.c:133:11: warning: pointer targets in passing argument 1 of 'sprintf' differ in signedness [-Wpointer-sign]
  133 |   sprintf(&sbuf[30], "%5.2f ", pitch_gyro);
      |           ^~~~~~~~~
      |           |
      |           uint8_t * {aka unsigned char *}
../Core/Src/main.c:133:11: note: expected 'char *' but argument is of type 'uint8_t *' {aka 'unsigned char *'}
../Core/Src/main.c:134:11: warning: pointer targets in passing argument 1 of 'sprintf' differ in signedness [-Wpointer-sign]
  134 |   sprintf(&sbuf[40], "%5.2f ", roll_gyro);
      |           ^~~~~~~~~
      |           |
      |           uint8_t * {aka unsigned char *}
../Core/Src/main.c:134:11: note: expected 'char *' but argument is of type 'uint8_t *' {aka 'unsigned char *'}
../Core/Src/main.c:142:30: warning: pointer targets in passing argument 2 of 'HAL_UART_Transmit' differ in signedness [-Wpointer-sign]
  142 |   HAL_UART_Transmit(&huart3, "\n\r", 2, HAL_MAX_DELAY);
      |                              ^~~~~~
      |                              |
      |                              char *
In file included from ../Core/Inc/stm32f4xx_hal_conf.h:407,
                 from ../Drivers/STM32F4xx_HAL_Driver/Inc/stm32f4xx_hal.h:29,
                 from ../Core/Inc/main.h:30,
                 from ../Core/Src/main.c:20:
../Drivers/STM32F4xx_HAL_Driver/Inc/stm32f4xx_hal_uart.h:722:79: note: expected 'const uint8_t *' {aka 'const unsigned char *'} but argument is of type 'char *'
  722 | HAL_StatusTypeDef HAL_UART_Transmit(UART_HandleTypeDef *huart, const uint8_t *pData, uint16_t Size, uint32_t Timeout);
      |                                                                ~~~~~~~~~~~~~~~^~~~~
../Core/Src/main.c:99:10: warning: unused variable 'status' [-Wunused-variable]
   99 |  uint8_t status = IMU_Initialise(&imu, &hi2c1, &huart3);
      |          ^~~~~~
arm-none-eabi-gcc -o "Lab3.elf" @"objects.list"   -mcpu=cortex-m4 -T"F:\SC2104\Lab3\STM32F407VETX_FLASH.ld" --specs=nosys.specs -Wl,-Map="Lab3.map" -Wl,--gc-sections -static -u _printf_float --specs=nano.specs -mfpu=fpv4-sp-d16 -mfloat-abi=hard -mthumb -Wl,--start-group -lc -lm -Wl,--end-group
Finished building target: Lab3.elf
 
arm-none-eabi-size   Lab3.elf 
arm-none-eabi-objdump -h -S  Lab3.elf  > "Lab3.list"
   text	   data	    bss	    dec	    hex	filename
  32916	    484	   1764	  35164	   895c	Lab3.elf
Finished building: default.size.stdout
 
Finished building: Lab3.list
 
14:41:27 **** Incremental Build of configuration Debug for project Lab3 ****
make -j16 all 
arm-none-eabi-gcc "../Core/Src/main.c" -mcpu=cortex-m4 -std=gnu11 -g3 -DDEBUG -DUSE_HAL_DRIVER -DSTM32F407xx -c -I../Core/Inc -I../Drivers/STM32F4xx_HAL_Driver/Inc -I../Drivers/STM32F4xx_HAL_Driver/Inc/Legacy -I../Drivers/CMSIS/Device/ST/STM32F4xx/Include -I../Drivers/CMSIS/Include -O0 -ffunction-sections -fdata-sections -Wall -u _printf_float -fstack-usage -MMD -MP -MF"Core/Src/main.d" -MT"Core/Src/main.o" --specs=nano.specs -mfpu=fpv4-sp-d16 -mfloat-abi=hard -mthumb -o "Core/Src/main.o"
../Core/Src/main.c: In function 'main':
../Core/Src/main.c:99:19: warning: implicit declaration of function 'IMU_Initialise' [-Wimplicit-function-declaration]
   99 |  uint8_t status = IMU_Initialise(&imu, &hi2c1, &huart3);
      |                   ^~~~~~~~~~~~~~
../Core/Src/main.c:104:16: warning: implicit declaration of function 'HAL_GetTiclk'; did you mean 'HAL_GetTick'? [-Wimplicit-function-declaration]
  104 |   start_time = HAL_GetTiclk();
      |                ^~~~~~~~~~~~
      |                HAL_GetTick
../Core/Src/main.c:107:3: warning: implicit declaration of function 'IMU_AccelRead' [-Wimplicit-function-declaration]
  107 |   IMU_AccelRead(&imu);
      |   ^~~~~~~~~~~~~
../Core/Src/main.c:108:3: warning: implicit declaration of function 'IMU_GyroRead'; did you mean 'IMU_TempRead'? [-Wimplicit-function-declaration]
  108 |   IMU_GyroRead(&imu);
      |   ^~~~~~~~~~~~
      |   IMU_TempRead
../Core/Src/main.c:128:3: warning: implicit declaration of function 'sprintf' [-Wimplicit-function-declaration]
  128 |   sprintf(&sbuf[0], "%5.2f ", imu.gyro[0]);
      |   ^~~~~~~
../Core/Src/main.c:128:3: warning: incompatible implicit declaration of built-in function 'sprintf'
../Core/Src/main.c:25:1: note: include '<stdio.h>' or provide a declaration of 'sprintf'
   24 | #include "ICM20948.h"
  +++ |+#include <stdio.h>
   25 | /* USER CODE END Includes */
../Core/Src/main.c:128:11: warning: pointer targets in passing argument 1 of 'sprintf' differ in signedness [-Wpointer-sign]
  128 |   sprintf(&sbuf[0], "%5.2f ", imu.gyro[0]);
      |           ^~~~~~~~
      |           |
      |           uint8_t * {aka unsigned char *}
../Core/Src/main.c:128:11: note: expected 'char *' but argument is of type 'uint8_t *' {aka 'unsigned char *'}
../Core/Src/main.c:129:11: warning: pointer targets in passing argument 1 of 'sprintf' differ in signedness [-Wpointer-sign]
  129 |   sprintf(&sbuf[10], "%5.2f ", imu.gyro[1]);
      |           ^~~~~~~~~
      |           |
      |           uint8_t * {aka unsigned char *}
../Core/Src/main.c:129:11: note: expected 'char *' but argument is of type 'uint8_t *' {aka 'unsigned char *'}
../Core/Src/main.c:130:11: warning: pointer targets in passing argument 1 of 'sprintf' differ in signedness [-Wpointer-sign]
  130 |   sprintf(&sbuf[20], "%5.2f ", imu.gyro[2]);
      |           ^~~~~~~~~
      |           |
      |           uint8_t * {aka unsigned char *}
../Core/Src/main.c:130:11: note: expected 'char *' but argument is of type 'uint8_t *' {aka 'unsigned char *'}
../Core/Src/main.c:132:11: warning: pointer targets in passing argument 1 of 'sprintf' differ in signedness [-Wpointer-sign]
  132 |   sprintf(&sbuf[30], "%5.2f ", gyro_x);
      |           ^~~~~~~~~
      |           |
      |           uint8_t * {aka unsigned char *}
../Core/Src/main.c:132:11: note: expected 'char *' but argument is of type 'uint8_t *' {aka 'unsigned char *'}
../Core/Src/main.c:133:11: warning: pointer targets in passing argument 1 of 'sprintf' differ in signedness [-Wpointer-sign]
  133 |   sprintf(&sbuf[40], "%5.2f ", gyro_y);
      |           ^~~~~~~~~
      |           |
      |           uint8_t * {aka unsigned char *}
../Core/Src/main.c:133:11: note: expected 'char *' but argument is of type 'uint8_t *' {aka 'unsigned char *'}
../Core/Src/main.c:141:30: warning: pointer targets in passing argument 2 of 'HAL_UART_Transmit' differ in signedness [-Wpointer-sign]
  141 |   HAL_UART_Transmit(&huart3, "\n\r", 2, HAL_MAX_DELAY);
      |                              ^~~~~~
      |                              |
      |                              char *
In file included from ../Core/Inc/stm32f4xx_hal_conf.h:407,
                 from ../Drivers/STM32F4xx_HAL_Driver/Inc/stm32f4xx_hal.h:29,
                 from ../Core/Inc/main.h:30,
                 from ../Core/Src/main.c:20:
../Drivers/STM32F4xx_HAL_Driver/Inc/stm32f4xx_hal_uart.h:722:79: note: expected 'const uint8_t *' {aka 'const unsigned char *'} but argument is of type 'char *'
  722 | HAL_StatusTypeDef HAL_UART_Transmit(UART_HandleTypeDef *huart, const uint8_t *pData, uint16_t Size, uint32_t Timeout);
      |                                                                ~~~~~~~~~~~~~~~^~~~~
../Core/Src/main.c:100:60: warning: unused variable 'roll_gyro' [-Wunused-variable]
  100 |  float gyro_x = 0, gyro_y = 0, gyro_z = 0, pitch_gyro = 0, roll_gyro = 0;
      |                                                            ^~~~~~~~~
../Core/Src/main.c:100:44: warning: unused variable 'pitch_gyro' [-Wunused-variable]
  100 |  float gyro_x = 0, gyro_y = 0, gyro_z = 0, pitch_gyro = 0, roll_gyro = 0;
      |                                            ^~~~~~~~~~
../Core/Src/main.c:99:10: warning: unused variable 'status' [-Wunused-variable]
   99 |  uint8_t status = IMU_Initialise(&imu, &hi2c1, &huart3);
      |          ^~~~~~
arm-none-eabi-gcc -o "Lab3.elf" @"objects.list"   -mcpu=cortex-m4 -T"F:\SC2104\Lab3\STM32F407VETX_FLASH.ld" --specs=nosys.specs -Wl,-Map="Lab3.map" -Wl,--gc-sections -static -u _printf_float --specs=nano.specs -mfpu=fpv4-sp-d16 -mfloat-abi=hard -mthumb -Wl,--start-group -lc -lm -Wl,--end-group
c:\st\stm32cubeide_1.9.0\stm32cubeide\plugins\com.st.stm32cube.ide.mcu.externaltools.gnu-tools-for-stm32.10.3-2021.10.win32_1.0.0.202111181127\tools\arm-none-eabi\bin\ld.exe: ./Core/Src/main.o: in function `main':
F:/SC2104/Lab3/Debug/../Core/Src/main.c:104: undefined reference to `HAL_GetTiclk'
c:\st\stm32cubeide_1.9.0\stm32cubeide\plugins\com.st.stm32cube.ide.mcu.externaltools.gnu-tools-for-stm32.10.3-2021.10.win32_1.0.0.202111181127\tools\arm-none-eabi\bin\ld.exe: F:/SC2104/Lab3/Debug/../Core/Src/main.c:146: undefined reference to `HAL_GetTiclk'
collect2.exe: error: ld returned 1 exit status
make: *** [makefile:64: Lab3.elf] Error 1
"make -j16 all" terminated with exit code 2. Build might be incomplete.
14:41:41 **** Incremental Build of configuration Debug for project Lab3 ****
make -j16 all 
arm-none-eabi-gcc "../Core/Src/main.c" -mcpu=cortex-m4 -std=gnu11 -g3 -DDEBUG -DUSE_HAL_DRIVER -DSTM32F407xx -c -I../Core/Inc -I../Drivers/STM32F4xx_HAL_Driver/Inc -I../Drivers/STM32F4xx_HAL_Driver/Inc/Legacy -I../Drivers/CMSIS/Device/ST/STM32F4xx/Include -I../Drivers/CMSIS/Include -O0 -ffunction-sections -fdata-sections -Wall -u _printf_float -fstack-usage -MMD -MP -MF"Core/Src/main.d" -MT"Core/Src/main.o" --specs=nano.specs -mfpu=fpv4-sp-d16 -mfloat-abi=hard -mthumb -o "Core/Src/main.o"
../Core/Src/main.c: In function 'main':
../Core/Src/main.c:99:19: warning: implicit declaration of function 'IMU_Initialise' [-Wimplicit-function-declaration]
   99 |  uint8_t status = IMU_Initialise(&imu, &hi2c1, &huart3);
      |                   ^~~~~~~~~~~~~~
../Core/Src/main.c:107:3: warning: implicit declaration of function 'IMU_AccelRead' [-Wimplicit-function-declaration]
  107 |   IMU_AccelRead(&imu);
      |   ^~~~~~~~~~~~~
../Core/Src/main.c:108:3: warning: implicit declaration of function 'IMU_GyroRead'; did you mean 'IMU_TempRead'? [-Wimplicit-function-declaration]
  108 |   IMU_GyroRead(&imu);
      |   ^~~~~~~~~~~~
      |   IMU_TempRead
../Core/Src/main.c:128:3: warning: implicit declaration of function 'sprintf' [-Wimplicit-function-declaration]
  128 |   sprintf(&sbuf[0], "%5.2f ", imu.gyro[0]);
      |   ^~~~~~~
../Core/Src/main.c:128:3: warning: incompatible implicit declaration of built-in function 'sprintf'
../Core/Src/main.c:25:1: note: include '<stdio.h>' or provide a declaration of 'sprintf'
   24 | #include "ICM20948.h"
  +++ |+#include <stdio.h>
   25 | /* USER CODE END Includes */
../Core/Src/main.c:128:11: warning: pointer targets in passing argument 1 of 'sprintf' differ in signedness [-Wpointer-sign]
  128 |   sprintf(&sbuf[0], "%5.2f ", imu.gyro[0]);
      |           ^~~~~~~~
      |           |
      |           uint8_t * {aka unsigned char *}
../Core/Src/main.c:128:11: note: expected 'char *' but argument is of type 'uint8_t *' {aka 'unsigned char *'}
../Core/Src/main.c:129:11: warning: pointer targets in passing argument 1 of 'sprintf' differ in signedness [-Wpointer-sign]
  129 |   sprintf(&sbuf[10], "%5.2f ", imu.gyro[1]);
      |           ^~~~~~~~~
      |           |
      |           uint8_t * {aka unsigned char *}
../Core/Src/main.c:129:11: note: expected 'char *' but argument is of type 'uint8_t *' {aka 'unsigned char *'}
../Core/Src/main.c:130:11: warning: pointer targets in passing argument 1 of 'sprintf' differ in signedness [-Wpointer-sign]
  130 |   sprintf(&sbuf[20], "%5.2f ", imu.gyro[2]);
      |           ^~~~~~~~~
      |           |
      |           uint8_t * {aka unsigned char *}
../Core/Src/main.c:130:11: note: expected 'char *' but argument is of type 'uint8_t *' {aka 'unsigned char *'}
../Core/Src/main.c:132:11: warning: pointer targets in passing argument 1 of 'sprintf' differ in signedness [-Wpointer-sign]
  132 |   sprintf(&sbuf[30], "%5.2f ", gyro_x);
      |           ^~~~~~~~~
      |           |
      |           uint8_t * {aka unsigned char *}
../Core/Src/main.c:132:11: note: expected 'char *' but argument is of type 'uint8_t *' {aka 'unsigned char *'}
../Core/Src/main.c:133:11: warning: pointer targets in passing argument 1 of 'sprintf' differ in signedness [-Wpointer-sign]
  133 |   sprintf(&sbuf[40], "%5.2f ", gyro_y);
      |           ^~~~~~~~~
      |           |
      |           uint8_t * {aka unsigned char *}
../Core/Src/main.c:133:11: note: expected 'char *' but argument is of type 'uint8_t *' {aka 'unsigned char *'}
../Core/Src/main.c:141:30: warning: pointer targets in passing argument 2 of 'HAL_UART_Transmit' differ in signedness [-Wpointer-sign]
  141 |   HAL_UART_Transmit(&huart3, "\n\r", 2, HAL_MAX_DELAY);
      |                              ^~~~~~
      |                              |
      |                              char *
In file included from ../Core/Inc/stm32f4xx_hal_conf.h:407,
                 from ../Drivers/STM32F4xx_HAL_Driver/Inc/stm32f4xx_hal.h:29,
                 from ../Core/Inc/main.h:30,
                 from ../Core/Src/main.c:20:
../Drivers/STM32F4xx_HAL_Driver/Inc/stm32f4xx_hal_uart.h:722:79: note: expected 'const uint8_t *' {aka 'const unsigned char *'} but argument is of type 'char *'
  722 | HAL_StatusTypeDef HAL_UART_Transmit(UART_HandleTypeDef *huart, const uint8_t *pData, uint16_t Size, uint32_t Timeout);
      |                                                                ~~~~~~~~~~~~~~~^~~~~
../Core/Src/main.c:146:14: warning: implicit declaration of function 'HAL_GetTiclk'; did you mean 'HAL_GetTick'? [-Wimplicit-function-declaration]
  146 |   end_time = HAL_GetTiclk();
      |              ^~~~~~~~~~~~
      |              HAL_GetTick
../Core/Src/main.c:100:60: warning: unused variable 'roll_gyro' [-Wunused-variable]
  100 |  float gyro_x = 0, gyro_y = 0, gyro_z = 0, pitch_gyro = 0, roll_gyro = 0;
      |                                                            ^~~~~~~~~
../Core/Src/main.c:100:44: warning: unused variable 'pitch_gyro' [-Wunused-variable]
  100 |  float gyro_x = 0, gyro_y = 0, gyro_z = 0, pitch_gyro = 0, roll_gyro = 0;
      |                                            ^~~~~~~~~~
../Core/Src/main.c:99:10: warning: unused variable 'status' [-Wunused-variable]
   99 |  uint8_t status = IMU_Initialise(&imu, &hi2c1, &huart3);
      |          ^~~~~~
arm-none-eabi-gcc -o "Lab3.elf" @"objects.list"   -mcpu=cortex-m4 -T"F:\SC2104\Lab3\STM32F407VETX_FLASH.ld" --specs=nosys.specs -Wl,-Map="Lab3.map" -Wl,--gc-sections -static -u _printf_float --specs=nano.specs -mfpu=fpv4-sp-d16 -mfloat-abi=hard -mthumb -Wl,--start-group -lc -lm -Wl,--end-group
c:\st\stm32cubeide_1.9.0\stm32cubeide\plugins\com.st.stm32cube.ide.mcu.externaltools.gnu-tools-for-stm32.10.3-2021.10.win32_1.0.0.202111181127\tools\arm-none-eabi\bin\ld.exe: ./Core/Src/main.o: in function `main':
F:/SC2104/Lab3/Debug/../Core/Src/main.c:146: undefined reference to `HAL_GetTiclk'
collect2.exe: error: ld returned 1 exit status
make: *** [makefile:64: Lab3.elf] Error 1
"make -j16 all" terminated with exit code 2. Build might be incomplete.
14:41:54 **** Incremental Build of configuration Debug for project Lab3 ****
make -j16 all 
arm-none-eabi-gcc "../Core/Src/main.c" -mcpu=cortex-m4 -std=gnu11 -g3 -DDEBUG -DUSE_HAL_DRIVER -DSTM32F407xx -c -I../Core/Inc -I../Drivers/STM32F4xx_HAL_Driver/Inc -I../Drivers/STM32F4xx_HAL_Driver/Inc/Legacy -I../Drivers/CMSIS/Device/ST/STM32F4xx/Include -I../Drivers/CMSIS/Include -O0 -ffunction-sections -fdata-sections -Wall -u _printf_float -fstack-usage -MMD -MP -MF"Core/Src/main.d" -MT"Core/Src/main.o" --specs=nano.specs -mfpu=fpv4-sp-d16 -mfloat-abi=hard -mthumb -o "Core/Src/main.o"
../Core/Src/main.c: In function 'main':
../Core/Src/main.c:99:19: warning: implicit declaration of function 'IMU_Initialise' [-Wimplicit-function-declaration]
   99 |  uint8_t status = IMU_Initialise(&imu, &hi2c1, &huart3);
      |                   ^~~~~~~~~~~~~~
../Core/Src/main.c:107:3: warning: implicit declaration of function 'IMU_AccelRead' [-Wimplicit-function-declaration]
  107 |   IMU_AccelRead(&imu);
      |   ^~~~~~~~~~~~~
../Core/Src/main.c:108:3: warning: implicit declaration of function 'IMU_GyroRead'; did you mean 'IMU_TempRead'? [-Wimplicit-function-declaration]
  108 |   IMU_GyroRead(&imu);
      |   ^~~~~~~~~~~~
      |   IMU_TempRead
../Core/Src/main.c:128:3: warning: implicit declaration of function 'sprintf' [-Wimplicit-function-declaration]
  128 |   sprintf(&sbuf[0], "%5.2f ", imu.gyro[0]);
      |   ^~~~~~~
../Core/Src/main.c:128:3: warning: incompatible implicit declaration of built-in function 'sprintf'
../Core/Src/main.c:25:1: note: include '<stdio.h>' or provide a declaration of 'sprintf'
   24 | #include "ICM20948.h"
  +++ |+#include <stdio.h>
   25 | /* USER CODE END Includes */
../Core/Src/main.c:128:11: warning: pointer targets in passing argument 1 of 'sprintf' differ in signedness [-Wpointer-sign]
  128 |   sprintf(&sbuf[0], "%5.2f ", imu.gyro[0]);
      |           ^~~~~~~~
      |           |
      |           uint8_t * {aka unsigned char *}
../Core/Src/main.c:128:11: note: expected 'char *' but argument is of type 'uint8_t *' {aka 'unsigned char *'}
../Core/Src/main.c:129:11: warning: pointer targets in passing argument 1 of 'sprintf' differ in signedness [-Wpointer-sign]
  129 |   sprintf(&sbuf[10], "%5.2f ", imu.gyro[1]);
      |           ^~~~~~~~~
      |           |
      |           uint8_t * {aka unsigned char *}
../Core/Src/main.c:129:11: note: expected 'char *' but argument is of type 'uint8_t *' {aka 'unsigned char *'}
../Core/Src/main.c:130:11: warning: pointer targets in passing argument 1 of 'sprintf' differ in signedness [-Wpointer-sign]
  130 |   sprintf(&sbuf[20], "%5.2f ", imu.gyro[2]);
      |           ^~~~~~~~~
      |           |
      |           uint8_t * {aka unsigned char *}
../Core/Src/main.c:130:11: note: expected 'char *' but argument is of type 'uint8_t *' {aka 'unsigned char *'}
../Core/Src/main.c:132:11: warning: pointer targets in passing argument 1 of 'sprintf' differ in signedness [-Wpointer-sign]
  132 |   sprintf(&sbuf[30], "%5.2f ", gyro_x);
      |           ^~~~~~~~~
      |           |
      |           uint8_t * {aka unsigned char *}
../Core/Src/main.c:132:11: note: expected 'char *' but argument is of type 'uint8_t *' {aka 'unsigned char *'}
../Core/Src/main.c:133:11: warning: pointer targets in passing argument 1 of 'sprintf' differ in signedness [-Wpointer-sign]
  133 |   sprintf(&sbuf[40], "%5.2f ", gyro_y);
      |           ^~~~~~~~~
      |           |
      |           uint8_t * {aka unsigned char *}
../Core/Src/main.c:133:11: note: expected 'char *' but argument is of type 'uint8_t *' {aka 'unsigned char *'}
../Core/Src/main.c:141:30: warning: pointer targets in passing argument 2 of 'HAL_UART_Transmit' differ in signedness [-Wpointer-sign]
  141 |   HAL_UART_Transmit(&huart3, "\n\r", 2, HAL_MAX_DELAY);
      |                              ^~~~~~
      |                              |
      |                              char *
In file included from ../Core/Inc/stm32f4xx_hal_conf.h:407,
                 from ../Drivers/STM32F4xx_HAL_Driver/Inc/stm32f4xx_hal.h:29,
                 from ../Core/Inc/main.h:30,
                 from ../Core/Src/main.c:20:
../Drivers/STM32F4xx_HAL_Driver/Inc/stm32f4xx_hal_uart.h:722:79: note: expected 'const uint8_t *' {aka 'const unsigned char *'} but argument is of type 'char *'
  722 | HAL_StatusTypeDef HAL_UART_Transmit(UART_HandleTypeDef *huart, const uint8_t *pData, uint16_t Size, uint32_t Timeout);
      |                                                                ~~~~~~~~~~~~~~~^~~~~
../Core/Src/main.c:100:60: warning: unused variable 'roll_gyro' [-Wunused-variable]
  100 |  float gyro_x = 0, gyro_y = 0, gyro_z = 0, pitch_gyro = 0, roll_gyro = 0;
      |                                                            ^~~~~~~~~
../Core/Src/main.c:100:44: warning: unused variable 'pitch_gyro' [-Wunused-variable]
  100 |  float gyro_x = 0, gyro_y = 0, gyro_z = 0, pitch_gyro = 0, roll_gyro = 0;
      |                                            ^~~~~~~~~~
../Core/Src/main.c:99:10: warning: unused variable 'status' [-Wunused-variable]
   99 |  uint8_t status = IMU_Initialise(&imu, &hi2c1, &huart3);
      |          ^~~~~~
arm-none-eabi-gcc -o "Lab3.elf" @"objects.list"   -mcpu=cortex-m4 -T"F:\SC2104\Lab3\STM32F407VETX_FLASH.ld" --specs=nosys.specs -Wl,-Map="Lab3.map" -Wl,--gc-sections -static -u _printf_float --specs=nano.specs -mfpu=fpv4-sp-d16 -mfloat-abi=hard -mthumb -Wl,--start-group -lc -lm -Wl,--end-group
Finished building target: Lab3.elf
 
arm-none-eabi-size   Lab3.elf 
arm-none-eabi-objdump -h -S  Lab3.elf  > "Lab3.list"
   text	   data	    bss	    dec	    hex	filename
  30564	    484	   1764	  32812	   802c	Lab3.elf
Finished building: default.size.stdout
 
Finished building: Lab3.list
 
14:50:08 **** Incremental Build of configuration Debug for project Lab3 ****
make -j16 all 
arm-none-eabi-gcc "../Core/Src/main.c" -mcpu=cortex-m4 -std=gnu11 -g3 -DDEBUG -DUSE_HAL_DRIVER -DSTM32F407xx -c -I../Core/Inc -I../Drivers/STM32F4xx_HAL_Driver/Inc -I../Drivers/STM32F4xx_HAL_Driver/Inc/Legacy -I../Drivers/CMSIS/Device/ST/STM32F4xx/Include -I../Drivers/CMSIS/Include -O0 -ffunction-sections -fdata-sections -Wall -u _printf_float -fstack-usage -MMD -MP -MF"Core/Src/main.d" -MT"Core/Src/main.o" --specs=nano.specs -mfpu=fpv4-sp-d16 -mfloat-abi=hard -mthumb -o "Core/Src/main.o"
../Core/Src/main.c: In function 'main':
../Core/Src/main.c:99:19: warning: implicit declaration of function 'IMU_Initialise' [-Wimplicit-function-declaration]
   99 |  uint8_t status = IMU_Initialise(&imu, &hi2c1, &huart3);
      |                   ^~~~~~~~~~~~~~
../Core/Src/main.c:107:3: warning: implicit declaration of function 'IMU_AccelRead' [-Wimplicit-function-declaration]
  107 |   IMU_AccelRead(&imu);
      |   ^~~~~~~~~~~~~
../Core/Src/main.c:108:3: warning: implicit declaration of function 'IMU_GyroRead'; did you mean 'IMU_TempRead'? [-Wimplicit-function-declaration]
  108 |   IMU_GyroRead(&imu);
      |   ^~~~~~~~~~~~
      |   IMU_TempRead
../Core/Src/main.c:127:3: warning: implicit declaration of function 'sprintf' [-Wimplicit-function-declaration]
  127 |   sprintf(&sbuf[0], "%5.2f ", imu.gyro[0]);
      |   ^~~~~~~
../Core/Src/main.c:127:3: warning: incompatible implicit declaration of built-in function 'sprintf'
../Core/Src/main.c:25:1: note: include '<stdio.h>' or provide a declaration of 'sprintf'
   24 | #include "ICM20948.h"
  +++ |+#include <stdio.h>
   25 | /* USER CODE END Includes */
../Core/Src/main.c:127:11: warning: pointer targets in passing argument 1 of 'sprintf' differ in signedness [-Wpointer-sign]
  127 |   sprintf(&sbuf[0], "%5.2f ", imu.gyro[0]);
      |           ^~~~~~~~
      |           |
      |           uint8_t * {aka unsigned char *}
../Core/Src/main.c:127:11: note: expected 'char *' but argument is of type 'uint8_t *' {aka 'unsigned char *'}
../Core/Src/main.c:128:11: warning: pointer targets in passing argument 1 of 'sprintf' differ in signedness [-Wpointer-sign]
  128 |   sprintf(&sbuf[10], "%5.2f ", imu.gyro[1]);
      |           ^~~~~~~~~
      |           |
      |           uint8_t * {aka unsigned char *}
../Core/Src/main.c:128:11: note: expected 'char *' but argument is of type 'uint8_t *' {aka 'unsigned char *'}
../Core/Src/main.c:129:11: warning: pointer targets in passing argument 1 of 'sprintf' differ in signedness [-Wpointer-sign]
  129 |   sprintf(&sbuf[20], "%5.2f ", imu.gyro[2]);
      |           ^~~~~~~~~
      |           |
      |           uint8_t * {aka unsigned char *}
../Core/Src/main.c:129:11: note: expected 'char *' but argument is of type 'uint8_t *' {aka 'unsigned char *'}
../Core/Src/main.c:131:11: warning: pointer targets in passing argument 1 of 'sprintf' differ in signedness [-Wpointer-sign]
  131 |   sprintf(&sbuf[30], "%5.2f ", gyro_x);
      |           ^~~~~~~~~
      |           |
      |           uint8_t * {aka unsigned char *}
../Core/Src/main.c:131:11: note: expected 'char *' but argument is of type 'uint8_t *' {aka 'unsigned char *'}
../Core/Src/main.c:132:11: warning: pointer targets in passing argument 1 of 'sprintf' differ in signedness [-Wpointer-sign]
  132 |   sprintf(&sbuf[40], "%5.2f ", gyro_y);
      |           ^~~~~~~~~
      |           |
      |           uint8_t * {aka unsigned char *}
../Core/Src/main.c:132:11: note: expected 'char *' but argument is of type 'uint8_t *' {aka 'unsigned char *'}
../Core/Src/main.c:140:30: warning: pointer targets in passing argument 2 of 'HAL_UART_Transmit' differ in signedness [-Wpointer-sign]
  140 |   HAL_UART_Transmit(&huart3, "\n\r", 2, HAL_MAX_DELAY);
      |                              ^~~~~~
      |                              |
      |                              char *
In file included from ../Core/Inc/stm32f4xx_hal_conf.h:407,
                 from ../Drivers/STM32F4xx_HAL_Driver/Inc/stm32f4xx_hal.h:29,
                 from ../Core/Inc/main.h:30,
                 from ../Core/Src/main.c:20:
../Drivers/STM32F4xx_HAL_Driver/Inc/stm32f4xx_hal_uart.h:722:79: note: expected 'const uint8_t *' {aka 'const unsigned char *'} but argument is of type 'char *'
  722 | HAL_StatusTypeDef HAL_UART_Transmit(UART_HandleTypeDef *huart, const uint8_t *pData, uint16_t Size, uint32_t Timeout);
      |                                                                ~~~~~~~~~~~~~~~^~~~~
../Core/Src/main.c:99:10: warning: unused variable 'status' [-Wunused-variable]
   99 |  uint8_t status = IMU_Initialise(&imu, &hi2c1, &huart3);
      |          ^~~~~~
arm-none-eabi-gcc -o "Lab3.elf" @"objects.list"   -mcpu=cortex-m4 -T"F:\SC2104\Lab3\STM32F407VETX_FLASH.ld" --specs=nosys.specs -Wl,-Map="Lab3.map" -Wl,--gc-sections -static -u _printf_float --specs=nano.specs -mfpu=fpv4-sp-d16 -mfloat-abi=hard -mthumb -Wl,--start-group -lc -lm -Wl,--end-group
Finished building target: Lab3.elf
 
arm-none-eabi-size   Lab3.elf 
arm-none-eabi-objdump -h -S  Lab3.elf  > "Lab3.list"
   text	   data	    bss	    dec	    hex	filename
  30524	    484	   1764	  32772	   8004	Lab3.elf
Finished building: default.size.stdout
 
Finished building: Lab3.list
 
14:53:20 **** Incremental Build of configuration Debug for project Lab3 ****
make -j16 all 
arm-none-eabi-size   Lab3.elf 
   text	   data	    bss	    dec	    hex	filename
  30524	    484	   1764	  32772	   8004	Lab3.elf
Finished building: default.size.stdout
 
14:53:39 **** Incremental Build of configuration Debug for project Lab3 ****
make -j16 all 
arm-none-eabi-size   Lab3.elf 
   text	   data	    bss	    dec	    hex	filename
  30524	    484	   1764	  32772	   8004	Lab3.elf
Finished building: default.size.stdout
 
14:54:21 **** Incremental Build of configuration Debug for project Lab3 ****
make -j16 all 
arm-none-eabi-size   Lab3.elf 
   text	   data	    bss	    dec	    hex	filename
  30524	    484	   1764	  32772	   8004	Lab3.elf
Finished building: default.size.stdout
 
14:55:11 **** Incremental Build of configuration Debug for project Lab3 ****
make -j16 all 
arm-none-eabi-gcc "../Core/Src/main.c" -mcpu=cortex-m4 -std=gnu11 -g3 -DDEBUG -DUSE_HAL_DRIVER -DSTM32F407xx -c -I../Core/Inc -I../Drivers/STM32F4xx_HAL_Driver/Inc -I../Drivers/STM32F4xx_HAL_Driver/Inc/Legacy -I../Drivers/CMSIS/Device/ST/STM32F4xx/Include -I../Drivers/CMSIS/Include -O0 -ffunction-sections -fdata-sections -Wall -u _printf_float -fstack-usage -MMD -MP -MF"Core/Src/main.d" -MT"Core/Src/main.o" --specs=nano.specs -mfpu=fpv4-sp-d16 -mfloat-abi=hard -mthumb -o "Core/Src/main.o"
../Core/Src/main.c: In function 'main':
../Core/Src/main.c:99:19: warning: implicit declaration of function 'IMU_Initialise' [-Wimplicit-function-declaration]
   99 |  uint8_t status = IMU_Initialise(&imu, &hi2c1, &huart3);
      |                   ^~~~~~~~~~~~~~
../Core/Src/main.c:107:3: warning: implicit declaration of function 'IMU_AccelRead' [-Wimplicit-function-declaration]
  107 |   IMU_AccelRead(&imu);
      |   ^~~~~~~~~~~~~
../Core/Src/main.c:108:3: warning: implicit declaration of function 'IMU_GyroRead'; did you mean 'IMU_TempRead'? [-Wimplicit-function-declaration]
  108 |   IMU_GyroRead(&imu);
      |   ^~~~~~~~~~~~
      |   IMU_TempRead
../Core/Src/main.c:127:3: warning: implicit declaration of function 'sprintf' [-Wimplicit-function-declaration]
  127 |   sprintf(&sbuf[0], "%5.2f ", imu.gyro[0]);
      |   ^~~~~~~
../Core/Src/main.c:127:3: warning: incompatible implicit declaration of built-in function 'sprintf'
../Core/Src/main.c:25:1: note: include '<stdio.h>' or provide a declaration of 'sprintf'
   24 | #include "ICM20948.h"
  +++ |+#include <stdio.h>
   25 | /* USER CODE END Includes */
../Core/Src/main.c:127:11: warning: pointer targets in passing argument 1 of 'sprintf' differ in signedness [-Wpointer-sign]
  127 |   sprintf(&sbuf[0], "%5.2f ", imu.gyro[0]);
      |           ^~~~~~~~
      |           |
      |           uint8_t * {aka unsigned char *}
../Core/Src/main.c:127:11: note: expected 'char *' but argument is of type 'uint8_t *' {aka 'unsigned char *'}
../Core/Src/main.c:128:11: warning: pointer targets in passing argument 1 of 'sprintf' differ in signedness [-Wpointer-sign]
  128 |   sprintf(&sbuf[10], "%5.2f ", imu.gyro[1]);
      |           ^~~~~~~~~
      |           |
      |           uint8_t * {aka unsigned char *}
../Core/Src/main.c:128:11: note: expected 'char *' but argument is of type 'uint8_t *' {aka 'unsigned char *'}
../Core/Src/main.c:129:11: warning: pointer targets in passing argument 1 of 'sprintf' differ in signedness [-Wpointer-sign]
  129 |   sprintf(&sbuf[20], "%5.2f ", imu.gyro[2]);
      |           ^~~~~~~~~
      |           |
      |           uint8_t * {aka unsigned char *}
../Core/Src/main.c:129:11: note: expected 'char *' but argument is of type 'uint8_t *' {aka 'unsigned char *'}
../Core/Src/main.c:131:11: warning: pointer targets in passing argument 1 of 'sprintf' differ in signedness [-Wpointer-sign]
  131 |   sprintf(&sbuf[30], "%5.2f ", gyro_x);
      |           ^~~~~~~~~
      |           |
      |           uint8_t * {aka unsigned char *}
../Core/Src/main.c:131:11: note: expected 'char *' but argument is of type 'uint8_t *' {aka 'unsigned char *'}
../Core/Src/main.c:132:11: warning: pointer targets in passing argument 1 of 'sprintf' differ in signedness [-Wpointer-sign]
  132 |   sprintf(&sbuf[40], "%5.2f ", gyro_y);
      |           ^~~~~~~~~
      |           |
      |           uint8_t * {aka unsigned char *}
../Core/Src/main.c:132:11: note: expected 'char *' but argument is of type 'uint8_t *' {aka 'unsigned char *'}
../Core/Src/main.c:140:30: warning: pointer targets in passing argument 2 of 'HAL_UART_Transmit' differ in signedness [-Wpointer-sign]
  140 |   HAL_UART_Transmit(&huart3, "\n\r", 2, HAL_MAX_DELAY);
      |                              ^~~~~~
      |                              |
      |                              char *
In file included from ../Core/Inc/stm32f4xx_hal_conf.h:407,
                 from ../Drivers/STM32F4xx_HAL_Driver/Inc/stm32f4xx_hal.h:29,
                 from ../Core/Inc/main.h:30,
                 from ../Core/Src/main.c:20:
../Drivers/STM32F4xx_HAL_Driver/Inc/stm32f4xx_hal_uart.h:722:79: note: expected 'const uint8_t *' {aka 'const unsigned char *'} but argument is of type 'char *'
  722 | HAL_StatusTypeDef HAL_UART_Transmit(UART_HandleTypeDef *huart, const uint8_t *pData, uint16_t Size, uint32_t Timeout);
      |                                                                ~~~~~~~~~~~~~~~^~~~~
../Core/Src/main.c:99:10: warning: unused variable 'status' [-Wunused-variable]
   99 |  uint8_t status = IMU_Initialise(&imu, &hi2c1, &huart3);
      |          ^~~~~~
arm-none-eabi-gcc -o "Lab3.elf" @"objects.list"   -mcpu=cortex-m4 -T"F:\SC2104\Lab3\STM32F407VETX_FLASH.ld" --specs=nosys.specs -Wl,-Map="Lab3.map" -Wl,--gc-sections -static -u _printf_float --specs=nano.specs -mfpu=fpv4-sp-d16 -mfloat-abi=hard -mthumb -Wl,--start-group -lc -lm -Wl,--end-group
Finished building target: Lab3.elf
 
arm-none-eabi-size   Lab3.elf 
arm-none-eabi-objdump -h -S  Lab3.elf  > "Lab3.list"
   text	   data	    bss	    dec	    hex	filename
  30540	    484	   1764	  32788	   8014	Lab3.elf
Finished building: default.size.stdout
 
Finished building: Lab3.list
 
14:55:59 **** Incremental Build of configuration Debug for project Lab3 ****
make -j16 all 
arm-none-eabi-size   Lab3.elf 
   text	   data	    bss	    dec	    hex	filename
  30540	    484	   1764	  32788	   8014	Lab3.elf
Finished building: default.size.stdout
 
14:59:18 **** Incremental Build of configuration Debug for project Lab3 ****
make -j16 all 
arm-none-eabi-gcc "../Core/Src/main.c" -mcpu=cortex-m4 -std=gnu11 -g3 -DDEBUG -DUSE_HAL_DRIVER -DSTM32F407xx -c -I../Core/Inc -I../Drivers/STM32F4xx_HAL_Driver/Inc -I../Drivers/STM32F4xx_HAL_Driver/Inc/Legacy -I../Drivers/CMSIS/Device/ST/STM32F4xx/Include -I../Drivers/CMSIS/Include -O0 -ffunction-sections -fdata-sections -Wall -u _printf_float -fstack-usage -MMD -MP -MF"Core/Src/main.d" -MT"Core/Src/main.o" --specs=nano.specs -mfpu=fpv4-sp-d16 -mfloat-abi=hard -mthumb -o "Core/Src/main.o"
../Core/Src/main.c: In function 'main':
../Core/Src/main.c:99:19: warning: implicit declaration of function 'IMU_Initialise' [-Wimplicit-function-declaration]
   99 |  uint8_t status = IMU_Initialise(&imu, &hi2c1, &huart3);
      |                   ^~~~~~~~~~~~~~
../Core/Src/main.c:107:3: warning: implicit declaration of function 'IMU_AccelRead' [-Wimplicit-function-declaration]
  107 |   IMU_AccelRead(&imu);
      |   ^~~~~~~~~~~~~
../Core/Src/main.c:108:3: warning: implicit declaration of function 'IMU_GyroRead'; did you mean 'IMU_TempRead'? [-Wimplicit-function-declaration]
  108 |   IMU_GyroRead(&imu);
      |   ^~~~~~~~~~~~
      |   IMU_TempRead
../Core/Src/main.c:127:3: warning: implicit declaration of function 'sprintf' [-Wimplicit-function-declaration]
  127 |   sprintf(&sbuf[0], "%5.2f ", imu.gyro[0]);
      |   ^~~~~~~
../Core/Src/main.c:127:3: warning: incompatible implicit declaration of built-in function 'sprintf'
../Core/Src/main.c:25:1: note: include '<stdio.h>' or provide a declaration of 'sprintf'
   24 | #include "ICM20948.h"
  +++ |+#include <stdio.h>
   25 | /* USER CODE END Includes */
../Core/Src/main.c:127:11: warning: pointer targets in passing argument 1 of 'sprintf' differ in signedness [-Wpointer-sign]
  127 |   sprintf(&sbuf[0], "%5.2f ", imu.gyro[0]);
      |           ^~~~~~~~
      |           |
      |           uint8_t * {aka unsigned char *}
../Core/Src/main.c:127:11: note: expected 'char *' but argument is of type 'uint8_t *' {aka 'unsigned char *'}
../Core/Src/main.c:128:11: warning: pointer targets in passing argument 1 of 'sprintf' differ in signedness [-Wpointer-sign]
  128 |   sprintf(&sbuf[10], "%5.2f ", imu.gyro[1]);
      |           ^~~~~~~~~
      |           |
      |           uint8_t * {aka unsigned char *}
../Core/Src/main.c:128:11: note: expected 'char *' but argument is of type 'uint8_t *' {aka 'unsigned char *'}
../Core/Src/main.c:129:11: warning: pointer targets in passing argument 1 of 'sprintf' differ in signedness [-Wpointer-sign]
  129 |   sprintf(&sbuf[20], "%5.2f ", imu.gyro[2]);
      |           ^~~~~~~~~
      |           |
      |           uint8_t * {aka unsigned char *}
../Core/Src/main.c:129:11: note: expected 'char *' but argument is of type 'uint8_t *' {aka 'unsigned char *'}
../Core/Src/main.c:131:11: warning: pointer targets in passing argument 1 of 'sprintf' differ in signedness [-Wpointer-sign]
  131 |   sprintf(&sbuf[30], "%5.2f ", gyro_x);
      |           ^~~~~~~~~
      |           |
      |           uint8_t * {aka unsigned char *}
../Core/Src/main.c:131:11: note: expected 'char *' but argument is of type 'uint8_t *' {aka 'unsigned char *'}
../Core/Src/main.c:132:11: warning: pointer targets in passing argument 1 of 'sprintf' differ in signedness [-Wpointer-sign]
  132 |   sprintf(&sbuf[40], "%5.2f ", gyro_y);
      |           ^~~~~~~~~
      |           |
      |           uint8_t * {aka unsigned char *}
../Core/Src/main.c:132:11: note: expected 'char *' but argument is of type 'uint8_t *' {aka 'unsigned char *'}
../Core/Src/main.c:135:30: warning: pointer targets in passing argument 2 of 'HAL_UART_Transmit' differ in signedness [-Wpointer-sign]
  135 |   HAL_UART_Transmit(&huart3, "\n\r", 2, HAL_MAX_DELAY);
      |                              ^~~~~~
      |                              |
      |                              char *
In file included from ../Core/Inc/stm32f4xx_hal_conf.h:407,
                 from ../Drivers/STM32F4xx_HAL_Driver/Inc/stm32f4xx_hal.h:29,
                 from ../Core/Inc/main.h:30,
                 from ../Core/Src/main.c:20:
../Drivers/STM32F4xx_HAL_Driver/Inc/stm32f4xx_hal_uart.h:722:79: note: expected 'const uint8_t *' {aka 'const unsigned char *'} but argument is of type 'char *'
  722 | HAL_StatusTypeDef HAL_UART_Transmit(UART_HandleTypeDef *huart, const uint8_t *pData, uint16_t Size, uint32_t Timeout);
      |                                                                ~~~~~~~~~~~~~~~^~~~~
../Core/Src/main.c:99:10: warning: unused variable 'status' [-Wunused-variable]
   99 |  uint8_t status = IMU_Initialise(&imu, &hi2c1, &huart3);
      |          ^~~~~~
arm-none-eabi-gcc -o "Lab3.elf" @"objects.list"   -mcpu=cortex-m4 -T"F:\SC2104\Lab3\STM32F407VETX_FLASH.ld" --specs=nosys.specs -Wl,-Map="Lab3.map" -Wl,--gc-sections -static -u _printf_float --specs=nano.specs -mfpu=fpv4-sp-d16 -mfloat-abi=hard -mthumb -Wl,--start-group -lc -lm -Wl,--end-group
Finished building target: Lab3.elf
 
arm-none-eabi-size   Lab3.elf 
arm-none-eabi-objdump -h -S  Lab3.elf  > "Lab3.list"
   text	   data	    bss	    dec	    hex	filename
  30540	    484	   1764	  32788	   8014	Lab3.elf
Finished building: default.size.stdout
 
Finished building: Lab3.list
 
15:01:09 **** Incremental Build of configuration Debug for project Lab3 ****
make -j16 all 
arm-none-eabi-gcc "../Core/Src/main.c" -mcpu=cortex-m4 -std=gnu11 -g3 -DDEBUG -DUSE_HAL_DRIVER -DSTM32F407xx -c -I../Core/Inc -I../Drivers/STM32F4xx_HAL_Driver/Inc -I../Drivers/STM32F4xx_HAL_Driver/Inc/Legacy -I../Drivers/CMSIS/Device/ST/STM32F4xx/Include -I../Drivers/CMSIS/Include -O0 -ffunction-sections -fdata-sections -Wall -u _printf_float -fstack-usage -MMD -MP -MF"Core/Src/main.d" -MT"Core/Src/main.o" --specs=nano.specs -mfpu=fpv4-sp-d16 -mfloat-abi=hard -mthumb -o "Core/Src/main.o"
../Core/Src/main.c: In function 'main':
../Core/Src/main.c:99:19: warning: implicit declaration of function 'IMU_Initialise' [-Wimplicit-function-declaration]
   99 |  uint8_t status = IMU_Initialise(&imu, &hi2c1, &huart3);
      |                   ^~~~~~~~~~~~~~
../Core/Src/main.c:107:3: warning: implicit declaration of function 'IMU_AccelRead' [-Wimplicit-function-declaration]
  107 |   IMU_AccelRead(&imu);
      |   ^~~~~~~~~~~~~
../Core/Src/main.c:108:3: warning: implicit declaration of function 'IMU_GyroRead'; did you mean 'IMU_TempRead'? [-Wimplicit-function-declaration]
  108 |   IMU_GyroRead(&imu);
      |   ^~~~~~~~~~~~
      |   IMU_TempRead
../Core/Src/main.c:127:3: warning: implicit declaration of function 'sprintf' [-Wimplicit-function-declaration]
  127 |   sprintf(&sbuf[0], "%5.2f ", imu.gyro[0]);
      |   ^~~~~~~
../Core/Src/main.c:127:3: warning: incompatible implicit declaration of built-in function 'sprintf'
../Core/Src/main.c:25:1: note: include '<stdio.h>' or provide a declaration of 'sprintf'
   24 | #include "ICM20948.h"
  +++ |+#include <stdio.h>
   25 | /* USER CODE END Includes */
../Core/Src/main.c:127:11: warning: pointer targets in passing argument 1 of 'sprintf' differ in signedness [-Wpointer-sign]
  127 |   sprintf(&sbuf[0], "%5.2f ", imu.gyro[0]);
      |           ^~~~~~~~
      |           |
      |           uint8_t * {aka unsigned char *}
../Core/Src/main.c:127:11: note: expected 'char *' but argument is of type 'uint8_t *' {aka 'unsigned char *'}
../Core/Src/main.c:128:11: warning: pointer targets in passing argument 1 of 'sprintf' differ in signedness [-Wpointer-sign]
  128 |   sprintf(&sbuf[10], "%5.2f ", imu.gyro[1]);
      |           ^~~~~~~~~
      |           |
      |           uint8_t * {aka unsigned char *}
../Core/Src/main.c:128:11: note: expected 'char *' but argument is of type 'uint8_t *' {aka 'unsigned char *'}
../Core/Src/main.c:129:11: warning: pointer targets in passing argument 1 of 'sprintf' differ in signedness [-Wpointer-sign]
  129 |   sprintf(&sbuf[20], "%5.2f ", imu.gyro[2]);
      |           ^~~~~~~~~
      |           |
      |           uint8_t * {aka unsigned char *}
../Core/Src/main.c:129:11: note: expected 'char *' but argument is of type 'uint8_t *' {aka 'unsigned char *'}
../Core/Src/main.c:131:11: warning: pointer targets in passing argument 1 of 'sprintf' differ in signedness [-Wpointer-sign]
  131 |   sprintf(&sbuf[30], "%5.2f ", gyro_x);
      |           ^~~~~~~~~
      |           |
      |           uint8_t * {aka unsigned char *}
../Core/Src/main.c:131:11: note: expected 'char *' but argument is of type 'uint8_t *' {aka 'unsigned char *'}
../Core/Src/main.c:132:11: warning: pointer targets in passing argument 1 of 'sprintf' differ in signedness [-Wpointer-sign]
  132 |   sprintf(&sbuf[40], "%5.2f ", gyro_y);
      |           ^~~~~~~~~
      |           |
      |           uint8_t * {aka unsigned char *}
../Core/Src/main.c:132:11: note: expected 'char *' but argument is of type 'uint8_t *' {aka 'unsigned char *'}
../Core/Src/main.c:135:30: warning: pointer targets in passing argument 2 of 'HAL_UART_Transmit' differ in signedness [-Wpointer-sign]
  135 |   HAL_UART_Transmit(&huart3, "\n\r", 2, HAL_MAX_DELAY);
      |                              ^~~~~~
      |                              |
      |                              char *
In file included from ../Core/Inc/stm32f4xx_hal_conf.h:407,
                 from ../Drivers/STM32F4xx_HAL_Driver/Inc/stm32f4xx_hal.h:29,
                 from ../Core/Inc/main.h:30,
                 from ../Core/Src/main.c:20:
../Drivers/STM32F4xx_HAL_Driver/Inc/stm32f4xx_hal_uart.h:722:79: note: expected 'const uint8_t *' {aka 'const unsigned char *'} but argument is of type 'char *'
  722 | HAL_StatusTypeDef HAL_UART_Transmit(UART_HandleTypeDef *huart, const uint8_t *pData, uint16_t Size, uint32_t Timeout);
      |                                                                ~~~~~~~~~~~~~~~^~~~~
../Core/Src/main.c:99:10: warning: unused variable 'status' [-Wunused-variable]
   99 |  uint8_t status = IMU_Initialise(&imu, &hi2c1, &huart3);
      |          ^~~~~~
arm-none-eabi-gcc -o "Lab3.elf" @"objects.list"   -mcpu=cortex-m4 -T"F:\SC2104\Lab3\STM32F407VETX_FLASH.ld" --specs=nosys.specs -Wl,-Map="Lab3.map" -Wl,--gc-sections -static -u _printf_float --specs=nano.specs -mfpu=fpv4-sp-d16 -mfloat-abi=hard -mthumb -Wl,--start-group -lc -lm -Wl,--end-group
Finished building target: Lab3.elf
 
arm-none-eabi-size   Lab3.elf 
arm-none-eabi-objdump -h -S  Lab3.elf  > "Lab3.list"
   text	   data	    bss	    dec	    hex	filename
  30540	    484	   1764	  32788	   8014	Lab3.elf
Finished building: default.size.stdout
 
Finished building: Lab3.list
 
15:02:58 **** Incremental Build of configuration Debug for project Lab3 ****
make -j16 all 
arm-none-eabi-gcc "../Core/Src/main.c" -mcpu=cortex-m4 -std=gnu11 -g3 -DDEBUG -DUSE_HAL_DRIVER -DSTM32F407xx -c -I../Core/Inc -I../Drivers/STM32F4xx_HAL_Driver/Inc -I../Drivers/STM32F4xx_HAL_Driver/Inc/Legacy -I../Drivers/CMSIS/Device/ST/STM32F4xx/Include -I../Drivers/CMSIS/Include -O0 -ffunction-sections -fdata-sections -Wall -u _printf_float -fstack-usage -MMD -MP -MF"Core/Src/main.d" -MT"Core/Src/main.o" --specs=nano.specs -mfpu=fpv4-sp-d16 -mfloat-abi=hard -mthumb -o "Core/Src/main.o"
../Core/Src/main.c: In function 'main':
../Core/Src/main.c:99:19: warning: implicit declaration of function 'IMU_Initialise' [-Wimplicit-function-declaration]
   99 |  uint8_t status = IMU_Initialise(&imu, &hi2c1, &huart3);
      |                   ^~~~~~~~~~~~~~
../Core/Src/main.c:107:3: warning: implicit declaration of function 'IMU_AccelRead' [-Wimplicit-function-declaration]
  107 |   IMU_AccelRead(&imu);
      |   ^~~~~~~~~~~~~
../Core/Src/main.c:108:3: warning: implicit declaration of function 'IMU_GyroRead'; did you mean 'IMU_TempRead'? [-Wimplicit-function-declaration]
  108 |   IMU_GyroRead(&imu);
      |   ^~~~~~~~~~~~
      |   IMU_TempRead
../Core/Src/main.c:129:3: warning: implicit declaration of function 'sprintf' [-Wimplicit-function-declaration]
  129 |   sprintf(&sbuf[0], "%5.2f ", imu.gyro[0]);
      |   ^~~~~~~
../Core/Src/main.c:129:3: warning: incompatible implicit declaration of built-in function 'sprintf'
../Core/Src/main.c:25:1: note: include '<stdio.h>' or provide a declaration of 'sprintf'
   24 | #include "ICM20948.h"
  +++ |+#include <stdio.h>
   25 | /* USER CODE END Includes */
../Core/Src/main.c:129:11: warning: pointer targets in passing argument 1 of 'sprintf' differ in signedness [-Wpointer-sign]
  129 |   sprintf(&sbuf[0], "%5.2f ", imu.gyro[0]);
      |           ^~~~~~~~
      |           |
      |           uint8_t * {aka unsigned char *}
../Core/Src/main.c:129:11: note: expected 'char *' but argument is of type 'uint8_t *' {aka 'unsigned char *'}
../Core/Src/main.c:130:11: warning: pointer targets in passing argument 1 of 'sprintf' differ in signedness [-Wpointer-sign]
  130 |   sprintf(&sbuf[10], "%5.2f ", imu.gyro[1]);
      |           ^~~~~~~~~
      |           |
      |           uint8_t * {aka unsigned char *}
../Core/Src/main.c:130:11: note: expected 'char *' but argument is of type 'uint8_t *' {aka 'unsigned char *'}
../Core/Src/main.c:132:11: warning: pointer targets in passing argument 1 of 'sprintf' differ in signedness [-Wpointer-sign]
  132 |   sprintf(&sbuf[20], "%5.2f ", imu.gyro[2]);
      |           ^~~~~~~~~
      |           |
      |           uint8_t * {aka unsigned char *}
../Core/Src/main.c:132:11: note: expected 'char *' but argument is of type 'uint8_t *' {aka 'unsigned char *'}
../Core/Src/main.c:134:11: warning: pointer targets in passing argument 1 of 'sprintf' differ in signedness [-Wpointer-sign]
  134 |   sprintf(&sbuf[30], "%5.2f ", gyro_x);
      |           ^~~~~~~~~
      |           |
      |           uint8_t * {aka unsigned char *}
../Core/Src/main.c:134:11: note: expected 'char *' but argument is of type 'uint8_t *' {aka 'unsigned char *'}
../Core/Src/main.c:135:11: warning: pointer targets in passing argument 1 of 'sprintf' differ in signedness [-Wpointer-sign]
  135 |   sprintf(&sbuf[40], "%5.2f ", gyro_y);
      |           ^~~~~~~~~
      |           |
      |           uint8_t * {aka unsigned char *}
../Core/Src/main.c:135:11: note: expected 'char *' but argument is of type 'uint8_t *' {aka 'unsigned char *'}
../Core/Src/main.c:138:30: warning: pointer targets in passing argument 2 of 'HAL_UART_Transmit' differ in signedness [-Wpointer-sign]
  138 |   HAL_UART_Transmit(&huart3, "\n\r", 2, HAL_MAX_DELAY);
      |                              ^~~~~~
      |                              |
      |                              char *
In file included from ../Core/Inc/stm32f4xx_hal_conf.h:407,
                 from ../Drivers/STM32F4xx_HAL_Driver/Inc/stm32f4xx_hal.h:29,
                 from ../Core/Inc/main.h:30,
                 from ../Core/Src/main.c:20:
../Drivers/STM32F4xx_HAL_Driver/Inc/stm32f4xx_hal_uart.h:722:79: note: expected 'const uint8_t *' {aka 'const unsigned char *'} but argument is of type 'char *'
  722 | HAL_StatusTypeDef HAL_UART_Transmit(UART_HandleTypeDef *huart, const uint8_t *pData, uint16_t Size, uint32_t Timeout);
      |                                                                ~~~~~~~~~~~~~~~^~~~~
../Core/Src/main.c:99:10: warning: unused variable 'status' [-Wunused-variable]
   99 |  uint8_t status = IMU_Initialise(&imu, &hi2c1, &huart3);
      |          ^~~~~~
arm-none-eabi-gcc -o "Lab3.elf" @"objects.list"   -mcpu=cortex-m4 -T"F:\SC2104\Lab3\STM32F407VETX_FLASH.ld" --specs=nosys.specs -Wl,-Map="Lab3.map" -Wl,--gc-sections -static -u _printf_float --specs=nano.specs -mfpu=fpv4-sp-d16 -mfloat-abi=hard -mthumb -Wl,--start-group -lc -lm -Wl,--end-group
Finished building target: Lab3.elf
 
arm-none-eabi-size   Lab3.elf 
arm-none-eabi-objdump -h -S  Lab3.elf  > "Lab3.list"
   text	   data	    bss	    dec	    hex	filename
  30540	    484	   1764	  32788	   8014	Lab3.elf
Finished building: default.size.stdout
 
Finished building: Lab3.list
 
15:06:10 **** Incremental Build of configuration Debug for project Lab3 ****
make -j16 all 
arm-none-eabi-gcc "../Core/Src/main.c" -mcpu=cortex-m4 -std=gnu11 -g3 -DDEBUG -DUSE_HAL_DRIVER -DSTM32F407xx -c -I../Core/Inc -I../Drivers/STM32F4xx_HAL_Driver/Inc -I../Drivers/STM32F4xx_HAL_Driver/Inc/Legacy -I../Drivers/CMSIS/Device/ST/STM32F4xx/Include -I../Drivers/CMSIS/Include -O0 -ffunction-sections -fdata-sections -Wall -u _printf_float -fstack-usage -MMD -MP -MF"Core/Src/main.d" -MT"Core/Src/main.o" --specs=nano.specs -mfpu=fpv4-sp-d16 -mfloat-abi=hard -mthumb -o "Core/Src/main.o"
../Core/Src/main.c: In function 'main':
../Core/Src/main.c:99:19: warning: implicit declaration of function 'IMU_Initialise' [-Wimplicit-function-declaration]
   99 |  uint8_t status = IMU_Initialise(&imu, &hi2c1, &huart3);
      |                   ^~~~~~~~~~~~~~
../Core/Src/main.c:106:3: warning: implicit declaration of function 'IMU_AccelRead' [-Wimplicit-function-declaration]
  106 |   IMU_AccelRead(&imu);
      |   ^~~~~~~~~~~~~
../Core/Src/main.c:107:3: warning: implicit declaration of function 'IMU_GyroRead'; did you mean 'IMU_TempRead'? [-Wimplicit-function-declaration]
  107 |   IMU_GyroRead(&imu);
      |   ^~~~~~~~~~~~
      |   IMU_TempRead
../Core/Src/main.c:128:3: warning: implicit declaration of function 'sprintf' [-Wimplicit-function-declaration]
  128 |   sprintf(&sbuf[0], "%5.2f ", imu.gyro[0]);
      |   ^~~~~~~
../Core/Src/main.c:128:3: warning: incompatible implicit declaration of built-in function 'sprintf'
../Core/Src/main.c:25:1: note: include '<stdio.h>' or provide a declaration of 'sprintf'
   24 | #include "ICM20948.h"
  +++ |+#include <stdio.h>
   25 | /* USER CODE END Includes */
../Core/Src/main.c:128:11: warning: pointer targets in passing argument 1 of 'sprintf' differ in signedness [-Wpointer-sign]
  128 |   sprintf(&sbuf[0], "%5.2f ", imu.gyro[0]);
      |           ^~~~~~~~
      |           |
      |           uint8_t * {aka unsigned char *}
../Core/Src/main.c:128:11: note: expected 'char *' but argument is of type 'uint8_t *' {aka 'unsigned char *'}
../Core/Src/main.c:129:11: warning: pointer targets in passing argument 1 of 'sprintf' differ in signedness [-Wpointer-sign]
  129 |   sprintf(&sbuf[10], "%5.2f ", imu.gyro[1]);
      |           ^~~~~~~~~
      |           |
      |           uint8_t * {aka unsigned char *}
../Core/Src/main.c:129:11: note: expected 'char *' but argument is of type 'uint8_t *' {aka 'unsigned char *'}
../Core/Src/main.c:131:11: warning: pointer targets in passing argument 1 of 'sprintf' differ in signedness [-Wpointer-sign]
  131 |   sprintf(&sbuf[20], "%5.2f ", imu.gyro[2]);
      |           ^~~~~~~~~
      |           |
      |           uint8_t * {aka unsigned char *}
../Core/Src/main.c:131:11: note: expected 'char *' but argument is of type 'uint8_t *' {aka 'unsigned char *'}
../Core/Src/main.c:133:11: warning: pointer targets in passing argument 1 of 'sprintf' differ in signedness [-Wpointer-sign]
  133 |   sprintf(&sbuf[30], "%5.2f ", gyro_x);
      |           ^~~~~~~~~
      |           |
      |           uint8_t * {aka unsigned char *}
../Core/Src/main.c:133:11: note: expected 'char *' but argument is of type 'uint8_t *' {aka 'unsigned char *'}
../Core/Src/main.c:134:11: warning: pointer targets in passing argument 1 of 'sprintf' differ in signedness [-Wpointer-sign]
  134 |   sprintf(&sbuf[40], "%5.2f ", gyro_y);
      |           ^~~~~~~~~
      |           |
      |           uint8_t * {aka unsigned char *}
../Core/Src/main.c:134:11: note: expected 'char *' but argument is of type 'uint8_t *' {aka 'unsigned char *'}
../Core/Src/main.c:135:3: warning: implicit declaration of function 'printf' [-Wimplicit-function-declaration]
  135 |   printf(&sbuf[50], "%5.2f ", gyro_z);
      |   ^~~~~~
../Core/Src/main.c:135:3: warning: incompatible implicit declaration of built-in function 'printf'
../Core/Src/main.c:135:3: note: include '<stdio.h>' or provide a declaration of 'printf'
../Core/Src/main.c:135:10: warning: pointer targets in passing argument 1 of 'printf' differ in signedness [-Wpointer-sign]
  135 |   printf(&sbuf[50], "%5.2f ", gyro_z);
      |          ^~~~~~~~~
      |          |
      |          uint8_t * {aka unsigned char *}
../Core/Src/main.c:135:10: note: expected 'const char *' but argument is of type 'uint8_t *' {aka 'unsigned char *'}
../Core/Src/main.c:138:30: warning: pointer targets in passing argument 2 of 'HAL_UART_Transmit' differ in signedness [-Wpointer-sign]
  138 |   HAL_UART_Transmit(&huart3, "\n\r", 2, HAL_MAX_DELAY);
      |                              ^~~~~~
      |                              |
      |                              char *
In file included from ../Core/Inc/stm32f4xx_hal_conf.h:407,
                 from ../Drivers/STM32F4xx_HAL_Driver/Inc/stm32f4xx_hal.h:29,
                 from ../Core/Inc/main.h:30,
                 from ../Core/Src/main.c:20:
../Drivers/STM32F4xx_HAL_Driver/Inc/stm32f4xx_hal_uart.h:722:79: note: expected 'const uint8_t *' {aka 'const unsigned char *'} but argument is of type 'char *'
  722 | HAL_StatusTypeDef HAL_UART_Transmit(UART_HandleTypeDef *huart, const uint8_t *pData, uint16_t Size, uint32_t Timeout);
      |                                                                ~~~~~~~~~~~~~~~^~~~~
../Core/Src/main.c:99:10: warning: unused variable 'status' [-Wunused-variable]
   99 |  uint8_t status = IMU_Initialise(&imu, &hi2c1, &huart3);
      |          ^~~~~~
arm-none-eabi-gcc -o "Lab3.elf" @"objects.list"   -mcpu=cortex-m4 -T"F:\SC2104\Lab3\STM32F407VETX_FLASH.ld" --specs=nosys.specs -Wl,-Map="Lab3.map" -Wl,--gc-sections -static -u _printf_float --specs=nano.specs -mfpu=fpv4-sp-d16 -mfloat-abi=hard -mthumb -Wl,--start-group -lc -lm -Wl,--end-group
Finished building target: Lab3.elf
 
arm-none-eabi-size   Lab3.elf 
arm-none-eabi-objdump -h -S  Lab3.elf  > "Lab3.list"
   text	   data	    bss	    dec	    hex	filename
  30664	    484	   1764	  32912	   8090	Lab3.elf
Finished building: default.size.stdout
 
Finished building: Lab3.list
 
15:06:58 **** Incremental Build of configuration Debug for project Lab3 ****
make -j16 all 
arm-none-eabi-gcc "../Core/Src/main.c" -mcpu=cortex-m4 -std=gnu11 -g3 -DDEBUG -DUSE_HAL_DRIVER -DSTM32F407xx -c -I../Core/Inc -I../Drivers/STM32F4xx_HAL_Driver/Inc -I../Drivers/STM32F4xx_HAL_Driver/Inc/Legacy -I../Drivers/CMSIS/Device/ST/STM32F4xx/Include -I../Drivers/CMSIS/Include -O0 -ffunction-sections -fdata-sections -Wall -u _printf_float -fstack-usage -MMD -MP -MF"Core/Src/main.d" -MT"Core/Src/main.o" --specs=nano.specs -mfpu=fpv4-sp-d16 -mfloat-abi=hard -mthumb -o "Core/Src/main.o"
../Core/Src/main.c: In function 'main':
../Core/Src/main.c:99:19: warning: implicit declaration of function 'IMU_Initialise' [-Wimplicit-function-declaration]
   99 |  uint8_t status = IMU_Initialise(&imu, &hi2c1, &huart3);
      |                   ^~~~~~~~~~~~~~
../Core/Src/main.c:106:3: warning: implicit declaration of function 'IMU_AccelRead' [-Wimplicit-function-declaration]
  106 |   IMU_AccelRead(&imu);
      |   ^~~~~~~~~~~~~
../Core/Src/main.c:107:3: warning: implicit declaration of function 'IMU_GyroRead'; did you mean 'IMU_TempRead'? [-Wimplicit-function-declaration]
  107 |   IMU_GyroRead(&imu);
      |   ^~~~~~~~~~~~
      |   IMU_TempRead
../Core/Src/main.c:129:3: warning: implicit declaration of function 'sprintf' [-Wimplicit-function-declaration]
  129 |   sprintf(&sbuf[0], "%5.2f ", imu.gyro[0]);
      |   ^~~~~~~
../Core/Src/main.c:129:3: warning: incompatible implicit declaration of built-in function 'sprintf'
../Core/Src/main.c:25:1: note: include '<stdio.h>' or provide a declaration of 'sprintf'
   24 | #include "ICM20948.h"
  +++ |+#include <stdio.h>
   25 | /* USER CODE END Includes */
../Core/Src/main.c:129:11: warning: pointer targets in passing argument 1 of 'sprintf' differ in signedness [-Wpointer-sign]
  129 |   sprintf(&sbuf[0], "%5.2f ", imu.gyro[0]);
      |           ^~~~~~~~
      |           |
      |           uint8_t * {aka unsigned char *}
../Core/Src/main.c:129:11: note: expected 'char *' but argument is of type 'uint8_t *' {aka 'unsigned char *'}
../Core/Src/main.c:130:11: warning: pointer targets in passing argument 1 of 'sprintf' differ in signedness [-Wpointer-sign]
  130 |   sprintf(&sbuf[10], "%5.2f ", imu.gyro[1]);
      |           ^~~~~~~~~
      |           |
      |           uint8_t * {aka unsigned char *}
../Core/Src/main.c:130:11: note: expected 'char *' but argument is of type 'uint8_t *' {aka 'unsigned char *'}
../Core/Src/main.c:131:11: warning: pointer targets in passing argument 1 of 'sprintf' differ in signedness [-Wpointer-sign]
  131 |   sprintf(&sbuf[20], "%5.2f ", imu.gyro[2]);
      |           ^~~~~~~~~
      |           |
      |           uint8_t * {aka unsigned char *}
../Core/Src/main.c:131:11: note: expected 'char *' but argument is of type 'uint8_t *' {aka 'unsigned char *'}
../Core/Src/main.c:133:11: warning: pointer targets in passing argument 1 of 'sprintf' differ in signedness [-Wpointer-sign]
  133 |   sprintf(&sbuf[30], "%5.2f ", gyro_x);
      |           ^~~~~~~~~
      |           |
      |           uint8_t * {aka unsigned char *}
../Core/Src/main.c:133:11: note: expected 'char *' but argument is of type 'uint8_t *' {aka 'unsigned char *'}
../Core/Src/main.c:134:11: warning: pointer targets in passing argument 1 of 'sprintf' differ in signedness [-Wpointer-sign]
  134 |   sprintf(&sbuf[40], "%5.2f ", gyro_y);
      |           ^~~~~~~~~
      |           |
      |           uint8_t * {aka unsigned char *}
../Core/Src/main.c:134:11: note: expected 'char *' but argument is of type 'uint8_t *' {aka 'unsigned char *'}
../Core/Src/main.c:135:3: warning: implicit declaration of function 'printf' [-Wimplicit-function-declaration]
  135 |   printf(&sbuf[50], "%5.2f ", gyro_z);
      |   ^~~~~~
../Core/Src/main.c:135:3: warning: incompatible implicit declaration of built-in function 'printf'
../Core/Src/main.c:135:3: note: include '<stdio.h>' or provide a declaration of 'printf'
../Core/Src/main.c:135:10: warning: pointer targets in passing argument 1 of 'printf' differ in signedness [-Wpointer-sign]
  135 |   printf(&sbuf[50], "%5.2f ", gyro_z);
      |          ^~~~~~~~~
      |          |
      |          uint8_t * {aka unsigned char *}
../Core/Src/main.c:135:10: note: expected 'const char *' but argument is of type 'uint8_t *' {aka 'unsigned char *'}
../Core/Src/main.c:138:30: warning: pointer targets in passing argument 2 of 'HAL_UART_Transmit' differ in signedness [-Wpointer-sign]
  138 |   HAL_UART_Transmit(&huart3, "\n\r", 2, HAL_MAX_DELAY);
      |                              ^~~~~~
      |                              |
      |                              char *
In file included from ../Core/Inc/stm32f4xx_hal_conf.h:407,
                 from ../Drivers/STM32F4xx_HAL_Driver/Inc/stm32f4xx_hal.h:29,
                 from ../Core/Inc/main.h:30,
                 from ../Core/Src/main.c:20:
../Drivers/STM32F4xx_HAL_Driver/Inc/stm32f4xx_hal_uart.h:722:79: note: expected 'const uint8_t *' {aka 'const unsigned char *'} but argument is of type 'char *'
  722 | HAL_StatusTypeDef HAL_UART_Transmit(UART_HandleTypeDef *huart, const uint8_t *pData, uint16_t Size, uint32_t Timeout);
      |                                                                ~~~~~~~~~~~~~~~^~~~~
../Core/Src/main.c:99:10: warning: unused variable 'status' [-Wunused-variable]
   99 |  uint8_t status = IMU_Initialise(&imu, &hi2c1, &huart3);
      |          ^~~~~~
arm-none-eabi-gcc -o "Lab3.elf" @"objects.list"   -mcpu=cortex-m4 -T"F:\SC2104\Lab3\STM32F407VETX_FLASH.ld" --specs=nosys.specs -Wl,-Map="Lab3.map" -Wl,--gc-sections -static -u _printf_float --specs=nano.specs -mfpu=fpv4-sp-d16 -mfloat-abi=hard -mthumb -Wl,--start-group -lc -lm -Wl,--end-group
Finished building target: Lab3.elf
 
arm-none-eabi-size   Lab3.elf 
arm-none-eabi-objdump -h -S  Lab3.elf  > "Lab3.list"
   text	   data	    bss	    dec	    hex	filename
  30664	    484	   1764	  32912	   8090	Lab3.elf
Finished building: default.size.stdout
 
Finished building: Lab3.list
 
15:08:10 **** Incremental Build of configuration Debug for project Lab3 ****
make -j16 all 
arm-none-eabi-gcc "../Core/Src/main.c" -mcpu=cortex-m4 -std=gnu11 -g3 -DDEBUG -DUSE_HAL_DRIVER -DSTM32F407xx -c -I../Core/Inc -I../Drivers/STM32F4xx_HAL_Driver/Inc -I../Drivers/STM32F4xx_HAL_Driver/Inc/Legacy -I../Drivers/CMSIS/Device/ST/STM32F4xx/Include -I../Drivers/CMSIS/Include -O0 -ffunction-sections -fdata-sections -Wall -u _printf_float -fstack-usage -MMD -MP -MF"Core/Src/main.d" -MT"Core/Src/main.o" --specs=nano.specs -mfpu=fpv4-sp-d16 -mfloat-abi=hard -mthumb -o "Core/Src/main.o"
../Core/Src/main.c: In function 'main':
../Core/Src/main.c:99:19: warning: implicit declaration of function 'IMU_Initialise' [-Wimplicit-function-declaration]
   99 |  uint8_t status = IMU_Initialise(&imu, &hi2c1, &huart3);
      |                   ^~~~~~~~~~~~~~
../Core/Src/main.c:106:3: warning: implicit declaration of function 'IMU_AccelRead' [-Wimplicit-function-declaration]
  106 |   IMU_AccelRead(&imu);
      |   ^~~~~~~~~~~~~
../Core/Src/main.c:107:3: warning: implicit declaration of function 'IMU_GyroRead'; did you mean 'IMU_TempRead'? [-Wimplicit-function-declaration]
  107 |   IMU_GyroRead(&imu);
      |   ^~~~~~~~~~~~
      |   IMU_TempRead
../Core/Src/main.c:129:3: warning: implicit declaration of function 'sprintf' [-Wimplicit-function-declaration]
  129 |   sprintf(&sbuf[0], "%5.2f ", imu.gyro[0]);
      |   ^~~~~~~
../Core/Src/main.c:129:3: warning: incompatible implicit declaration of built-in function 'sprintf'
../Core/Src/main.c:25:1: note: include '<stdio.h>' or provide a declaration of 'sprintf'
   24 | #include "ICM20948.h"
  +++ |+#include <stdio.h>
   25 | /* USER CODE END Includes */
../Core/Src/main.c:129:11: warning: pointer targets in passing argument 1 of 'sprintf' differ in signedness [-Wpointer-sign]
  129 |   sprintf(&sbuf[0], "%5.2f ", imu.gyro[0]);
      |           ^~~~~~~~
      |           |
      |           uint8_t * {aka unsigned char *}
../Core/Src/main.c:129:11: note: expected 'char *' but argument is of type 'uint8_t *' {aka 'unsigned char *'}
../Core/Src/main.c:130:11: warning: pointer targets in passing argument 1 of 'sprintf' differ in signedness [-Wpointer-sign]
  130 |   sprintf(&sbuf[10], "%5.2f ", imu.gyro[1]);
      |           ^~~~~~~~~
      |           |
      |           uint8_t * {aka unsigned char *}
../Core/Src/main.c:130:11: note: expected 'char *' but argument is of type 'uint8_t *' {aka 'unsigned char *'}
../Core/Src/main.c:131:11: warning: pointer targets in passing argument 1 of 'sprintf' differ in signedness [-Wpointer-sign]
  131 |   sprintf(&sbuf[20], "%5.2f ", imu.gyro[2]);
      |           ^~~~~~~~~
      |           |
      |           uint8_t * {aka unsigned char *}
../Core/Src/main.c:131:11: note: expected 'char *' but argument is of type 'uint8_t *' {aka 'unsigned char *'}
../Core/Src/main.c:133:11: warning: pointer targets in passing argument 1 of 'sprintf' differ in signedness [-Wpointer-sign]
  133 |   sprintf(&sbuf[30], "%5.2f ", gyro_x);
      |           ^~~~~~~~~
      |           |
[...]
../Core/Src/main.c:109:3: warning: implicit declaration of function 'IMU_AccelRead' [-Wimplicit-function-declaration]
  109 |   IMU_AccelRead(&imu);
      |   ^~~~~~~~~~~~~
../Core/Src/main.c:110:3: warning: implicit declaration of function 'IMU_GyroRead'; did you mean 'IMU_TempRead'? [-Wimplicit-function-declaration]
  110 |   IMU_GyroRead(&imu);
      |   ^~~~~~~~~~~~
      |   IMU_TempRead
../Core/Src/main.c:114:7: warning: implicit declaration of function 'atan2' [-Wimplicit-function-declaration]
  114 |     * atan2(imu.acc[0],
      |       ^~~~~
../Core/Src/main.c:114:7: warning: incompatible implicit declaration of built-in function 'atan2'
../Core/Src/main.c:25:1: note: include '<math.h>' or provide a declaration of 'atan2'
   24 | #include "ICM20948.h"
  +++ |+#include <math.h>
   25 | /* USER CODE END Includes */
../Core/Src/main.c:115:7: warning: implicit declaration of function 'sqrt' [-Wimplicit-function-declaration]
  115 |       sqrt(imu.acc[1] * imu.acc[1] + imu.acc[2] * imu.acc[2]))
      |       ^~~~
../Core/Src/main.c:115:7: warning: incompatible implicit declaration of built-in function 'sqrt'
../Core/Src/main.c:115:7: note: include '<math.h>' or provide a declaration of 'sqrt'
../Core/Src/main.c:127:3: warning: implicit declaration of function 'sprintf' [-Wimplicit-function-declaration]
  127 |   sprintf(&sbuf[0], "%5.2f ,", pitch_acc);
      |   ^~~~~~~
../Core/Src/main.c:127:3: warning: incompatible implicit declaration of built-in function 'sprintf'
../Core/Src/main.c:25:1: note: include '<stdio.h>' or provide a declaration of 'sprintf'
   24 | #include "ICM20948.h"
  +++ |+#include <stdio.h>
   25 | /* USER CODE END Includes */
../Core/Src/main.c:127:11: warning: passing argument 1 of 'sprintf' from incompatible pointer type [-Wincompatible-pointer-types]
  127 |   sprintf(&sbuf[0], "%5.2f ,", pitch_acc);
      |           ^~~~~~~~
      |           |
      |           uint8_t (*)[7] {aka unsigned char (*)[7]}
../Core/Src/main.c:127:11: note: expected 'char *' but argument is of type 'uint8_t (*)[7]' {aka 'unsigned char (*)[7]'}
../Core/Src/main.c:139:11: warning: passing argument 1 of 'sprintf' from incompatible pointer type [-Wincompatible-pointer-types]
  139 |   sprintf(&sbuf[2], "%5.2f ,", pitch_gyro);
      |           ^~~~~~~~
      |           |
      |           uint8_t (*)[7] {aka unsigned char (*)[7]}
../Core/Src/main.c:139:11: note: expected 'char *' but argument is of type 'uint8_t (*)[7]' {aka 'unsigned char (*)[7]'}
../Core/Src/main.c:147:11: warning: passing argument 1 of 'sprintf' from incompatible pointer type [-Wincompatible-pointer-types]
  147 |   sprintf(&sbuf[4], "%5.2f ,", pitch_fusion);
      |           ^~~~~~~~
      |           |
      |           uint8_t (*)[7] {aka unsigned char (*)[7]}
../Core/Src/main.c:147:11: note: expected 'char *' but argument is of type 'uint8_t (*)[7]' {aka 'unsigned char (*)[7]'}
../Core/Src/main.c:152:30: warning: pointer targets in passing argument 2 of 'HAL_UART_Transmit' differ in signedness [-Wpointer-sign]
  152 |   HAL_UART_Transmit(&huart3, "\n\r", 2, HAL_MAX_DELAY);
      |                              ^~~~~~
      |                              |
      |                              char *
In file included from ../Core/Inc/stm32f4xx_hal_conf.h:407,
                 from ../Drivers/STM32F4xx_HAL_Driver/Inc/stm32f4xx_hal.h:29,
                 from ../Core/Inc/main.h:30,
                 from ../Core/Src/main.c:20:
../Drivers/STM32F4xx_HAL_Driver/Inc/stm32f4xx_hal_uart.h:722:79: note: expected 'const uint8_t *' {aka 'const unsigned char *'} but argument is of type 'char *'
  722 | HAL_StatusTypeDef HAL_UART_Transmit(UART_HandleTypeDef *huart, const uint8_t *pData, uint16_t Size, uint32_t Timeout);
      |                                                                ~~~~~~~~~~~~~~~^~~~~
../Core/Src/main.c:99:10: warning: unused variable 'status' [-Wunused-variable]
   99 |  uint8_t status = IMU_Initialise(&imu, &hi2c1, &huart3);
      |          ^~~~~~
arm-none-eabi-gcc -o "Lab3.elf" @"objects.list"   -mcpu=cortex-m4 -T"F:\SC2104\Lab3\STM32F407VETX_FLASH.ld" --specs=nosys.specs -Wl,-Map="Lab3.map" -Wl,--gc-sections -static -u _printf_float --specs=nano.specs -mfpu=fpv4-sp-d16 -mfloat-abi=hard -mthumb -Wl,--start-group -lc -lm -Wl,--end-group
Finished building target: Lab3.elf
 
arm-none-eabi-size   Lab3.elf 
arm-none-eabi-objdump -h -S  Lab3.elf  > "Lab3.list"
   text	   data	    bss	    dec	    hex	filename
  33188	    484	   1764	  35436	   8a6c	Lab3.elf
Finished building: default.size.stdout
 
Finished building: Lab3.list
 
15:09:52 **** Incremental Build of configuration Debug for project Lab3 ****
make -j16 all 
arm-none-eabi-gcc "../Core/Src/main.c" -mcpu=cortex-m4 -std=gnu11 -g3 -DDEBUG -DUSE_HAL_DRIVER -DSTM32F407xx -c -I../Core/Inc -I../Drivers/STM32F4xx_HAL_Driver/Inc -I../Drivers/STM32F4xx_HAL_Driver/Inc/Legacy -I../Drivers/CMSIS/Device/ST/STM32F4xx/Include -I../Drivers/CMSIS/Include -O0 -ffunction-sections -fdata-sections -Wall -u _printf_float -fstack-usage -MMD -MP -MF"Core/Src/main.d" -MT"Core/Src/main.o" --specs=nano.specs -mfpu=fpv4-sp-d16 -mfloat-abi=hard -mthumb -o "Core/Src/main.o"
../Core/Src/main.c: In function 'main':
../Core/Src/main.c:99:19: warning: implicit declaration of function 'IMU_Initialise' [-Wimplicit-function-declaration]
   99 |  uint8_t status = IMU_Initialise(&imu, &hi2c1, &huart3);
      |                   ^~~~~~~~~~~~~~
../Core/Src/main.c:109:3: warning: implicit declaration of function 'IMU_AccelRead' [-Wimplicit-function-declaration]
  109 |   IMU_AccelRead(&imu);
      |   ^~~~~~~~~~~~~
../Core/Src/main.c:110:3: warning: implicit declaration of function 'IMU_GyroRead'; did you mean 'IMU_TempRead'? [-Wimplicit-function-declaration]
  110 |   IMU_GyroRead(&imu);
      |   ^~~~~~~~~~~~
      |   IMU_TempRead
../Core/Src/main.c:113:19: warning: implicit declaration of function 'atan' [-Wimplicit-function-declaration]
  113 |   pitch_acc = 180*atan(imu.acc[1]/imu.acc[2])/3.14;
      |                   ^~~~
../Core/Src/main.c:113:19: warning: incompatible implicit declaration of built-in function 'atan'
../Core/Src/main.c:25:1: note: include '<math.h>' or provide a declaration of 'atan'
   24 | #include "ICM20948.h"
  +++ |+#include <math.h>
   25 | /* USER CODE END Includes */
../Core/Src/main.c:114:17: error: 'pitch' undeclared (first use in this function)
  114 |   pitch_acc = 0-pitch.acc;
      |                 ^~~~~
../Core/Src/main.c:114:17: note: each undeclared identifier is reported only once for each function it appears in
../Core/Src/main.c:129:3: warning: implicit declaration of function 'sprintf' [-Wimplicit-function-declaration]
  129 |   sprintf(&sbuf[0], "%5.2f ,", pitch_acc);
      |   ^~~~~~~
../Core/Src/main.c:129:3: warning: incompatible implicit declaration of built-in function 'sprintf'
../Core/Src/main.c:25:1: note: include '<stdio.h>' or provide a declaration of 'sprintf'
   24 | #include "ICM20948.h"
  +++ |+#include <stdio.h>
   25 | /* USER CODE END Includes */
../Core/Src/main.c:129:11: warning: passing argument 1 of 'sprintf' from incompatible pointer type [-Wincompatible-pointer-types]
  129 |   sprintf(&sbuf[0], "%5.2f ,", pitch_acc);
      |           ^~~~~~~~
      |           |
      |           uint8_t (*)[7] {aka unsigned char (*)[7]}
../Core/Src/main.c:129:11: note: expected 'char *' but argument is of type 'uint8_t (*)[7]' {aka 'unsigned char (*)[7]'}
../Core/Src/main.c:141:11: warning: passing argument 1 of 'sprintf' from incompatible pointer type [-Wincompatible-pointer-types]
  141 |   sprintf(&sbuf[2], "%5.2f ,", pitch_gyro);
      |           ^~~~~~~~
      |           |
      |           uint8_t (*)[7] {aka unsigned char (*)[7]}
../Core/Src/main.c:141:11: note: expected 'char *' but argument is of type 'uint8_t (*)[7]' {aka 'unsigned char (*)[7]'}
../Core/Src/main.c:149:11: warning: passing argument 1 of 'sprintf' from incompatible pointer type [-Wincompatible-pointer-types]
  149 |   sprintf(&sbuf[4], "%5.2f ,", pitch_fusion);
      |           ^~~~~~~~
      |           |
      |           uint8_t (*)[7] {aka unsigned char (*)[7]}
../Core/Src/main.c:149:11: note: expected 'char *' but argument is of type 'uint8_t (*)[7]' {aka 'unsigned char (*)[7]'}
../Core/Src/main.c:154:30: warning: pointer targets in passing argument 2 of 'HAL_UART_Transmit' differ in signedness [-Wpointer-sign]
  154 |   HAL_UART_Transmit(&huart3, "\n\r", 2, HAL_MAX_DELAY);
      |                              ^~~~~~
      |                              |
      |                              char *
In file included from ../Core/Inc/stm32f4xx_hal_conf.h:407,
                 from ../Drivers/STM32F4xx_HAL_Driver/Inc/stm32f4xx_hal.h:29,
                 from ../Core/Inc/main.h:30,
                 from ../Core/Src/main.c:20:
../Drivers/STM32F4xx_HAL_Driver/Inc/stm32f4xx_hal_uart.h:722:79: note: expected 'const uint8_t *' {aka 'const unsigned char *'} but argument is of type 'char *'
  722 | HAL_StatusTypeDef HAL_UART_Transmit(UART_HandleTypeDef *huart, const uint8_t *pData, uint16_t Size, uint32_t Timeout);
      |                                                                ~~~~~~~~~~~~~~~^~~~~
../Core/Src/main.c:99:10: warning: unused variable 'status' [-Wunused-variable]
   99 |  uint8_t status = IMU_Initialise(&imu, &hi2c1, &huart3);
      |          ^~~~~~
make: *** [Core/Src/subdir.mk:37: Core/Src/main.o] Error 1
"make -j16 all" terminated with exit code 2. Build might be incomplete.
15:10:08 **** Incremental Build of configuration Debug for project Lab3 ****
make -j16 all 
arm-none-eabi-gcc "../Core/Src/main.c" -mcpu=cortex-m4 -std=gnu11 -g3 -DDEBUG -DUSE_HAL_DRIVER -DSTM32F407xx -c -I../Core/Inc -I../Drivers/STM32F4xx_HAL_Driver/Inc -I../Drivers/STM32F4xx_HAL_Driver/Inc/Legacy -I../Drivers/CMSIS/Device/ST/STM32F4xx/Include -I../Drivers/CMSIS/Include -O0 -ffunction-sections -fdata-sections -Wall -u _printf_float -fstack-usage -MMD -MP -MF"Core/Src/main.d" -MT"Core/Src/main.o" --specs=nano.specs -mfpu=fpv4-sp-d16 -mfloat-abi=hard -mthumb -o "Core/Src/main.o"
../Core/Src/main.c: In function 'main':
../Core/Src/main.c:99:19: warning: implicit declaration of function 'IMU_Initialise' [-Wimplicit-function-declaration]
   99 |  uint8_t status = IMU_Initialise(&imu, &hi2c1, &huart3);
      |                   ^~~~~~~~~~~~~~
../Core/Src/main.c:109:3: warning: implicit declaration of function 'IMU_AccelRead' [-Wimplicit-function-declaration]
  109 |   IMU_AccelRead(&imu);
      |   ^~~~~~~~~~~~~
../Core/Src/main.c:110:3: warning: implicit declaration of function 'IMU_GyroRead'; did you mean 'IMU_TempRead'? [-Wimplicit-function-declaration]
  110 |   IMU_GyroRead(&imu);
      |   ^~~~~~~~~~~~
      |   IMU_TempRead
../Core/Src/main.c:113:19: warning: implicit declaration of function 'atan' [-Wimplicit-function-declaration]
  113 |   pitch_acc = 180*atan(imu.acc[1]/imu.acc[2])/3.14;
      |                   ^~~~
../Core/Src/main.c:113:19: warning: incompatible implicit declaration of built-in function 'atan'
../Core/Src/main.c:25:1: note: include '<math.h>' or provide a declaration of 'atan'
   24 | #include "ICM20948.h"
  +++ |+#include <math.h>
   25 | /* USER CODE END Includes */
../Core/Src/main.c:129:3: warning: implicit declaration of function 'sprintf' [-Wimplicit-function-declaration]
  129 |   sprintf(&sbuf[0], "%5.2f ,", pitch_acc);
      |   ^~~~~~~
../Core/Src/main.c:129:3: warning: incompatible implicit declaration of built-in function 'sprintf'
../Core/Src/main.c:25:1: note: include '<stdio.h>' or provide a declaration of 'sprintf'
   24 | #include "ICM20948.h"
  +++ |+#include <stdio.h>
   25 | /* USER CODE END Includes */
../Core/Src/main.c:129:11: warning: passing argument 1 of 'sprintf' from incompatible pointer type [-Wincompatible-pointer-types]
  129 |   sprintf(&sbuf[0], "%5.2f ,", pitch_acc);
      |           ^~~~~~~~
      |           |
      |           uint8_t (*)[7] {aka unsigned char (*)[7]}
../Core/Src/main.c:129:11: note: expected 'char *' but argument is of type 'uint8_t (*)[7]' {aka 'unsigned char (*)[7]'}
../Core/Src/main.c:141:11: warning: passing argument 1 of 'sprintf' from incompatible pointer type [-Wincompatible-pointer-types]
  141 |   sprintf(&sbuf[2], "%5.2f ,", pitch_gyro);
      |           ^~~~~~~~
      |           |
      |           uint8_t (*)[7] {aka unsigned char (*)[7]}
../Core/Src/main.c:141:11: note: expected 'char *' but argument is of type 'uint8_t (*)[7]' {aka 'unsigned char (*)[7]'}
../Core/Src/main.c:149:11: warning: passing argument 1 of 'sprintf' from incompatible pointer type [-Wincompatible-pointer-types]
  149 |   sprintf(&sbuf[4], "%5.2f ,", pitch_fusion);
      |           ^~~~~~~~
      |           |
      |           uint8_t (*)[7] {aka unsigned char (*)[7]}
../Core/Src/main.c:149:11: note: expected 'char *' but argument is of type 'uint8_t (*)[7]' {aka 'unsigned char (*)[7]'}
../Core/Src/main.c:154:30: warning: pointer targets in passing argument 2 of 'HAL_UART_Transmit' differ in signedness [-Wpointer-sign]
  154 |   HAL_UART_Transmit(&huart3, "\n\r", 2, HAL_MAX_DELAY);
      |                              ^~~~~~
      |                              |
      |                              char *
In file included from ../Core/Inc/stm32f4xx_hal_conf.h:407,
                 from ../Drivers/STM32F4xx_HAL_Driver/Inc/stm32f4xx_hal.h:29,
                 from ../Core/Inc/main.h:30,
                 from ../Core/Src/main.c:20:
../Drivers/STM32F4xx_HAL_Driver/Inc/stm32f4xx_hal_uart.h:722:79: note: expected 'const uint8_t *' {aka 'const unsigned char *'} but argument is of type 'char *'
  722 | HAL_StatusTypeDef HAL_UART_Transmit(UART_HandleTypeDef *huart, const uint8_t *pData, uint16_t Size, uint32_t Timeout);
      |                                                                ~~~~~~~~~~~~~~~^~~~~
../Core/Src/main.c:99:10: warning: unused variable 'status' [-Wunused-variable]
   99 |  uint8_t status = IMU_Initialise(&imu, &hi2c1, &huart3);
      |          ^~~~~~
arm-none-eabi-gcc -o "Lab3.elf" @"objects.list"   -mcpu=cortex-m4 -T"F:\SC2104\Lab3\STM32F407VETX_FLASH.ld" --specs=nosys.specs -Wl,-Map="Lab3.map" -Wl,--gc-sections -static -u _printf_float --specs=nano.specs -mfpu=fpv4-sp-d16 -mfloat-abi=hard -mthumb -Wl,--start-group -lc -lm -Wl,--end-group
Finished building target: Lab3.elf
 
arm-none-eabi-size   Lab3.elf 
arm-none-eabi-objdump -h -S  Lab3.elf  > "Lab3.list"
   text	   data	    bss	    dec	    hex	filename
  32100	    484	   1764	  34348	   862c	Lab3.elf
Finished building: default.size.stdout
 
Finished building: Lab3.list
 
15:11:57 **** Incremental Build of configuration Debug for project Lab3 ****
make -j16 all 
arm-none-eabi-size   Lab3.elf 
   text	   data	    bss	    dec	    hex	filename
  32100	    484	   1764	  34348	   862c	Lab3.elf
Finished building: default.size.stdout
 
15:12:31 **** Incremental Build of configuration Debug for project Lab3 ****
make -j16 all 
arm-none-eabi-gcc "../Core/Src/main.c" -mcpu=cortex-m4 -std=gnu11 -g3 -DDEBUG -DUSE_HAL_DRIVER -DSTM32F407xx -c -I../Core/Inc -I../Drivers/STM32F4xx_HAL_Driver/Inc -I../Drivers/STM32F4xx_HAL_Driver/Inc/Legacy -I../Drivers/CMSIS/Device/ST/STM32F4xx/Include -I../Drivers/CMSIS/Include -O0 -ffunction-sections -fdata-sections -Wall -u _printf_float -fstack-usage -MMD -MP -MF"Core/Src/main.d" -MT"Core/Src/main.o" --specs=nano.specs -mfpu=fpv4-sp-d16 -mfloat-abi=hard -mthumb -o "Core/Src/main.o"
../Core/Src/main.c: In function 'main':
../Core/Src/main.c:99:19: warning: implicit declaration of function 'IMU_Initialise' [-Wimplicit-function-declaration]
   99 |  uint8_t status = IMU_Initialise(&imu, &hi2c1, &huart3);
      |                   ^~~~~~~~~~~~~~
../Core/Src/main.c:109:3: warning: implicit declaration of function 'IMU_AccelRead' [-Wimplicit-function-declaration]
  109 |   IMU_AccelRead(&imu);
      |   ^~~~~~~~~~~~~
../Core/Src/main.c:110:3: warning: implicit declaration of function 'IMU_GyroRead'; did you mean 'IMU_TempRead'? [-Wimplicit-function-declaration]
  110 |   IMU_GyroRead(&imu);
      |   ^~~~~~~~~~~~
      |   IMU_TempRead
../Core/Src/main.c:113:19: warning: implicit declaration of function 'atan' [-Wimplicit-function-declaration]
  113 |   pitch_acc = 180*atan(imu.acc[1]/imu.acc[2])/3.14;
      |                   ^~~~
../Core/Src/main.c:113:19: warning: incompatible implicit declaration of built-in function 'atan'
../Core/Src/main.c:25:1: note: include '<math.h>' or provide a declaration of 'atan'
   24 | #include "ICM20948.h"
  +++ |+#include <math.h>
   25 | /* USER CODE END Includes */
../Core/Src/main.c:129:3: warning: implicit declaration of function 'sprintf' [-Wimplicit-function-declaration]
  129 |   sprintf(&sbuf[0], "%5.2f ,", pitch_acc);
      |   ^~~~~~~
../Core/Src/main.c:129:3: warning: incompatible implicit declaration of built-in function 'sprintf'
../Core/Src/main.c:25:1: note: include '<stdio.h>' or provide a declaration of 'sprintf'
   24 | #include "ICM20948.h"
  +++ |+#include <stdio.h>
   25 | /* USER CODE END Includes */
../Core/Src/main.c:129:11: warning: passing argument 1 of 'sprintf' from incompatible pointer type [-Wincompatible-pointer-types]
  129 |   sprintf(&sbuf[0], "%5.2f ,", pitch_acc);
      |           ^~~~~~~~
      |           |
      |           uint8_t (*)[7] {aka unsigned char (*)[7]}
../Core/Src/main.c:129:11: note: expected 'char *' but argument is of type 'uint8_t (*)[7]' {aka 'unsigned char (*)[7]'}
../Core/Src/main.c:141:11: warning: passing argument 1 of 'sprintf' from incompatible pointer type [-Wincompatible-pointer-types]
  141 |   sprintf(&sbuf[2], "%5.2f ,", pitch_gyro);
      |           ^~~~~~~~
      |           |
      |           uint8_t (*)[7] {aka unsigned char (*)[7]}
../Core/Src/main.c:141:11: note: expected 'char *' but argument is of type 'uint8_t (*)[7]' {aka 'unsigned char (*)[7]'}
../Core/Src/main.c:149:11: warning: passing argument 1 of 'sprintf' from incompatible pointer type [-Wincompatible-pointer-types]
  149 |   sprintf(&sbuf[4], "%5.2f ,", pitch_fusion);
      |           ^~~~~~~~
      |           |
      |           uint8_t (*)[7] {aka unsigned char (*)[7]}
../Core/Src/main.c:149:11: note: expected 'char *' but argument is of type 'uint8_t (*)[7]' {aka 'unsigned char (*)[7]'}
../Core/Src/main.c:154:30: warning: pointer targets in passing argument 2 of 'HAL_UART_Transmit' differ in signedness [-Wpointer-sign]
  154 |   HAL_UART_Transmit(&huart3, "\n\r", 2, HAL_MAX_DELAY);
      |                              ^~~~~~
      |                              |
      |                              char *
In file included from ../Core/Inc/stm32f4xx_hal_conf.h:407,
                 from ../Drivers/STM32F4xx_HAL_Driver/Inc/stm32f4xx_hal.h:29,
                 from ../Core/Inc/main.h:30,
                 from ../Core/Src/main.c:20:
../Drivers/STM32F4xx_HAL_Driver/Inc/stm32f4xx_hal_uart.h:722:79: note: expected 'const uint8_t *' {aka 'const unsigned char *'} but argument is of type 'char *'
  722 | HAL_StatusTypeDef HAL_UART_Transmit(UART_HandleTypeDef *huart, const uint8_t *pData, uint16_t Size, uint32_t Timeout);
      |                                                                ~~~~~~~~~~~~~~~^~~~~
../Core/Src/main.c:99:10: warning: unused variable 'status' [-Wunused-variable]
   99 |  uint8_t status = IMU_Initialise(&imu, &hi2c1, &huart3);
      |          ^~~~~~
arm-none-eabi-gcc -o "Lab3.elf" @"objects.list"   -mcpu=cortex-m4 -T"F:\SC2104\Lab3\STM32F407VETX_FLASH.ld" --specs=nosys.specs -Wl,-Map="Lab3.map" -Wl,--gc-sections -static -u _printf_float --specs=nano.specs -mfpu=fpv4-sp-d16 -mfloat-abi=hard -mthumb -Wl,--start-group -lc -lm -Wl,--end-group
Finished building target: Lab3.elf
 
arm-none-eabi-size   Lab3.elf 
arm-none-eabi-objdump -h -S  Lab3.elf  > "Lab3.list"
   text	   data	    bss	    dec	    hex	filename
  32108	    484	   1764	  34356	   8634	Lab3.elf
Finished building: default.size.stdout
 
Finished building: Lab3.list
 
